Archive member included to satisfy reference by file (symbol)

c:/program files (x86)/atmel/studio/7.0/toolchain/arm/arm-gnu-toolchain/bin/../lib/gcc/arm-none-eabi/6.3.1/thumb/v6-m\libgcc.a(_udivsi3.o)
                              src/ASF/common2/services/delay/sam0/systick_counter.o (__aeabi_uidiv)
c:/program files (x86)/atmel/studio/7.0/toolchain/arm/arm-gnu-toolchain/bin/../lib/gcc/arm-none-eabi/6.3.1/thumb/v6-m\libgcc.a(_dvmd_tls.o)
                              c:/program files (x86)/atmel/studio/7.0/toolchain/arm/arm-gnu-toolchain/bin/../lib/gcc/arm-none-eabi/6.3.1/thumb/v6-m\libgcc.a(_udivsi3.o) (__aeabi_idiv0)
c:/program files (x86)/atmel/studio/7.0/toolchain/arm/arm-gnu-toolchain/bin/../lib/gcc/arm-none-eabi/6.3.1/../../../../arm-none-eabi/lib/thumb/v6-m\libc_nano.a(lib_a-exit.o)
                              c:/program files (x86)/atmel/studio/7.0/toolchain/arm/arm-gnu-toolchain/bin/../lib/gcc/arm-none-eabi/6.3.1/../../../../arm-none-eabi/lib/thumb/v6-m/crt0.o (exit)
c:/program files (x86)/atmel/studio/7.0/toolchain/arm/arm-gnu-toolchain/bin/../lib/gcc/arm-none-eabi/6.3.1/../../../../arm-none-eabi/lib/thumb/v6-m\libc_nano.a(lib_a-impure.o)
                              c:/program files (x86)/atmel/studio/7.0/toolchain/arm/arm-gnu-toolchain/bin/../lib/gcc/arm-none-eabi/6.3.1/../../../../arm-none-eabi/lib/thumb/v6-m\libc_nano.a(lib_a-exit.o) (_global_impure_ptr)
c:/program files (x86)/atmel/studio/7.0/toolchain/arm/arm-gnu-toolchain/bin/../lib/gcc/arm-none-eabi/6.3.1/../../../../arm-none-eabi/lib/thumb/v6-m\libc_nano.a(lib_a-init.o)
                              c:/program files (x86)/atmel/studio/7.0/toolchain/arm/arm-gnu-toolchain/bin/../lib/gcc/arm-none-eabi/6.3.1/../../../../arm-none-eabi/lib/thumb/v6-m/crt0.o (__libc_init_array)
c:/program files (x86)/atmel/studio/7.0/toolchain/arm/arm-gnu-toolchain/bin/../lib/gcc/arm-none-eabi/6.3.1/../../../../arm-none-eabi/lib/thumb/v6-m\libc_nano.a(lib_a-memcpy-stub.o)
                              src/ASF/sam0/drivers/adc/adc_sam_l_c/adc.o (memcpy)
c:/program files (x86)/atmel/studio/7.0/toolchain/arm/arm-gnu-toolchain/bin/../lib/gcc/arm-none-eabi/6.3.1/../../../../arm-none-eabi/lib/thumb/v6-m\libc_nano.a(lib_a-memset.o)
                              c:/program files (x86)/atmel/studio/7.0/toolchain/arm/arm-gnu-toolchain/bin/../lib/gcc/arm-none-eabi/6.3.1/../../../../arm-none-eabi/lib/thumb/v6-m/crt0.o (memset)

Allocating common symbols
Common symbol       size              file

_rtc_instance       0x4               src/ASF/sam0/drivers/rtc/rtc_sam_l_c/rtc_count.o
rtc_instance        0x8               src/vcc_monitor.o
_adc_instances      0x4               src/ASF/sam0/drivers/adc/adc_sam_l_c/adc_callback.o
module_inst         0x20              src/vcc_monitor.o

Discarded input sections

 .text          0x00000000        0x0 c:/program files (x86)/atmel/studio/7.0/toolchain/arm/arm-gnu-toolchain/bin/../lib/gcc/arm-none-eabi/6.3.1/thumb/v6-m/crti.o
 .data          0x00000000        0x0 c:/program files (x86)/atmel/studio/7.0/toolchain/arm/arm-gnu-toolchain/bin/../lib/gcc/arm-none-eabi/6.3.1/thumb/v6-m/crti.o
 .bss           0x00000000        0x0 c:/program files (x86)/atmel/studio/7.0/toolchain/arm/arm-gnu-toolchain/bin/../lib/gcc/arm-none-eabi/6.3.1/thumb/v6-m/crti.o
 .data          0x00000000        0x4 c:/program files (x86)/atmel/studio/7.0/toolchain/arm/arm-gnu-toolchain/bin/../lib/gcc/arm-none-eabi/6.3.1/thumb/v6-m/crtbegin.o
 .text          0x00000000       0x78 c:/program files (x86)/atmel/studio/7.0/toolchain/arm/arm-gnu-toolchain/bin/../lib/gcc/arm-none-eabi/6.3.1/../../../../arm-none-eabi/lib/thumb/v6-m/crt0.o
 .data          0x00000000        0x0 c:/program files (x86)/atmel/studio/7.0/toolchain/arm/arm-gnu-toolchain/bin/../lib/gcc/arm-none-eabi/6.3.1/../../../../arm-none-eabi/lib/thumb/v6-m/crt0.o
 .bss           0x00000000        0x0 c:/program files (x86)/atmel/studio/7.0/toolchain/arm/arm-gnu-toolchain/bin/../lib/gcc/arm-none-eabi/6.3.1/../../../../arm-none-eabi/lib/thumb/v6-m/crt0.o
 .ARM.extab     0x00000000        0x0 c:/program files (x86)/atmel/studio/7.0/toolchain/arm/arm-gnu-toolchain/bin/../lib/gcc/arm-none-eabi/6.3.1/../../../../arm-none-eabi/lib/thumb/v6-m/crt0.o
 .ARM.exidx     0x00000000        0x8 c:/program files (x86)/atmel/studio/7.0/toolchain/arm/arm-gnu-toolchain/bin/../lib/gcc/arm-none-eabi/6.3.1/../../../../arm-none-eabi/lib/thumb/v6-m/crt0.o
 .ARM.attributes
                0x00000000       0x1b c:/program files (x86)/atmel/studio/7.0/toolchain/arm/arm-gnu-toolchain/bin/../lib/gcc/arm-none-eabi/6.3.1/../../../../arm-none-eabi/lib/thumb/v6-m/crt0.o
 .group         0x00000000        0x8 src/ASF/common2/services/delay/sam0/systick_counter.o
 .group         0x00000000        0x8 src/ASF/common2/services/delay/sam0/systick_counter.o
 .group         0x00000000        0x8 src/ASF/common2/services/delay/sam0/systick_counter.o
[...]
Memory Configuration

Name             Origin             Length             Attributes
rom              0x00000000         0x00040000         xr
ram              0x20000000         0x00008000         xrw
lpram            0x30000000         0x00002000         xrw
*default*        0x00000000         0xffffffff

Linker script and memory map

LOAD c:/program files (x86)/atmel/studio/7.0/toolchain/arm/arm-gnu-toolchain/bin/../lib/gcc/arm-none-eabi/6.3.1/thumb/v6-m/crti.o
LOAD c:/program files (x86)/atmel/studio/7.0/toolchain/arm/arm-gnu-toolchain/bin/../lib/gcc/arm-none-eabi/6.3.1/thumb/v6-m/crtbegin.o
LOAD c:/program files (x86)/atmel/studio/7.0/toolchain/arm/arm-gnu-toolchain/bin/../lib/gcc/arm-none-eabi/6.3.1/../../../../arm-none-eabi/lib/thumb/v6-m/crt0.o
LOAD src/ASF/common2/services/delay/sam0/systick_counter.o
LOAD src/ASF/common/utils/interrupt/interrupt_sam_nvic.o
LOAD src/ASF/sam0/boards/saml21_xplained_pro_b/board_init.o
LOAD src/ASF/sam0/drivers/adc/adc_sam_l_c/adc.o
LOAD src/ASF/sam0/drivers/adc/adc_sam_l_c/adc_callback.o
LOAD src/ASF/sam0/drivers/events/events_hooks.o
LOAD src/ASF/sam0/drivers/events/events_sam_l_c/events.o
LOAD src/ASF/sam0/drivers/port/port.o
LOAD src/ASF/sam0/drivers/rtc/rtc_sam_l_c/rtc_count.o
LOAD src/ASF/sam0/drivers/system/clock/clock_saml21/clock.o
LOAD src/ASF/sam0/drivers/system/clock/clock_saml21/gclk.o
LOAD src/ASF/sam0/drivers/system/interrupt/system_interrupt.o
LOAD src/ASF/sam0/drivers/system/pinmux/pinmux.o
LOAD src/ASF/sam0/drivers/system/system.o
LOAD src/ASF/sam0/utils/cmsis/saml21/source/gcc/startup_saml21.o
LOAD src/ASF/sam0/utils/cmsis/saml21/source/system_saml21.o
LOAD src/ASF/sam0/utils/syscalls/gcc/syscalls.o
LOAD src/vcc_monitor.o
START GROUP
LOAD ../src/ASF/thirdparty/CMSIS/Lib/GCC\libarm_cortexM0l_math.a
LOAD c:/program files (x86)/atmel/studio/7.0/toolchain/arm/arm-gnu-toolchain/bin/../lib/gcc/arm-none-eabi/6.3.1/../../../../arm-none-eabi/lib/thumb/v6-m\libm.a
END GROUP
LOAD c:/program files (x86)/atmel/studio/7.0/toolchain/arm/arm-gnu-toolchain/bin/../lib/gcc/arm-none-eabi/6.3.1/../../../../arm-none-eabi/lib/thumb/v6-m\libm.a
START GROUP
LOAD c:/program files (x86)/atmel/studio/7.0/toolchain/arm/arm-gnu-toolchain/bin/../lib/gcc/arm-none-eabi/6.3.1/thumb/v6-m\libgcc.a
LOAD c:/program files (x86)/atmel/studio/7.0/toolchain/arm/arm-gnu-toolchain/bin/../lib/gcc/arm-none-eabi/6.3.1/../../../../arm-none-eabi/lib/thumb/v6-m\libc_nano.a
END GROUP
START GROUP
LOAD c:/program files (x86)/atmel/studio/7.0/toolchain/arm/arm-gnu-toolchain/bin/../lib/gcc/arm-none-eabi/6.3.1/thumb/v6-m\libgcc.a
LOAD c:/program files (x86)/atmel/studio/7.0/toolchain/arm/arm-gnu-toolchain/bin/../lib/gcc/arm-none-eabi/6.3.1/../../../../arm-none-eabi/lib/thumb/v6-m\libc_nano.a
END GROUP
LOAD c:/program files (x86)/atmel/studio/7.0/toolchain/arm/arm-gnu-toolchain/bin/../lib/gcc/arm-none-eabi/6.3.1/thumb/v6-m/crtend.o
LOAD c:/program files (x86)/atmel/studio/7.0/toolchain/arm/arm-gnu-toolchain/bin/../lib/gcc/arm-none-eabi/6.3.1/thumb/v6-m/crtn.o
                0x00002000                STACK_SIZE = DEFINED (STACK_SIZE)?STACK_SIZE:DEFINED (__stack_size__)?__stack_size__:0x2000

.text           0x00000000     0x15f4
                0x00000000                . = ALIGN (0x4)
                0x00000000                _sfixed = .
 *(.vectors .vectors.*)
 .vectors       0x00000000       0xb4 src/ASF/sam0/utils/cmsis/saml21/source/gcc/startup_saml21.o
                0x00000000                exception_table
 *(.text .text.* .gnu.linkonce.t.*)
 .text          0x000000b4       0x60 c:/program files (x86)/atmel/studio/7.0/toolchain/arm/arm-gnu-toolchain/bin/../lib/gcc/arm-none-eabi/6.3.1/thumb/v6-m/crtbegin.o
 .text.delay_init
                0x00000114       0x40 src/ASF/common2/services/delay/sam0/systick_counter.o
                0x00000114                delay_init
 .text.delay_cycles_ms
                0x00000154       0x2c src/ASF/common2/services/delay/sam0/systick_counter.o
                0x00000154                delay_cycles_ms
 .text.cpu_irq_enter_critical
                0x00000180       0x40 src/ASF/common/utils/interrupt/interrupt_sam_nvic.o
                0x00000180                cpu_irq_enter_critical
 .text.cpu_irq_leave_critical
                0x000001c0       0x30 src/ASF/common/utils/interrupt/interrupt_sam_nvic.o
                0x000001c0                cpu_irq_leave_critical
 .text.system_board_init
                0x000001f0       0x38 src/ASF/sam0/boards/saml21_xplained_pro_b/board_init.o
                0x000001f0                board_init
                0x000001f0                system_board_init
 .text._adc_get_inst_index
                0x00000228        0x4 src/ASF/sam0/drivers/adc/adc_sam_l_c/adc.o
                0x00000228                _adc_get_inst_index
 .text.adc_get_config_defaults
                0x0000022c       0x44 src/ASF/sam0/drivers/adc/adc_sam_l_c/adc.o
                0x0000022c                adc_get_config_defaults
 .text.adc_init
                0x00000270      0x3e8 src/ASF/sam0/drivers/adc/adc_sam_l_c/adc.o
                0x00000270                adc_init
 .text.ADC_Handler
                0x00000658       0xc0 src/ASF/sam0/drivers/adc/adc_sam_l_c/adc_callback.o
                0x00000658                ADC_Handler
 .text.adc_register_callback
                0x00000718       0x14 src/ASF/sam0/drivers/adc/adc_sam_l_c/adc_callback.o
                0x00000718                adc_register_callback
 .text.EVSYS_Handler
                0x0000072c       0x3c src/ASF/sam0/drivers/events/events_hooks.o
                0x0000072c                EVSYS_Handler
 .text._system_events_init
                0x00000768       0x20 src/ASF/sam0/drivers/events/events_sam_l_c/events.o
                0x00000768                _system_events_init
 .text.events_get_config_defaults
                0x00000788       0x12 src/ASF/sam0/drivers/events/events_sam_l_c/events.o
                0x00000788                events_get_config_defaults
 *fill*         0x0000079a        0x2 
 .text.events_allocate
                0x0000079c       0xb4 src/ASF/sam0/drivers/events/events_sam_l_c/events.o
                0x0000079c                events_allocate
 .text.events_attach_user
                0x00000850       0x20 src/ASF/sam0/drivers/events/events_sam_l_c/events.o
                0x00000850                events_attach_user
 .text.port_pin_set_config
                0x00000870       0x24 src/ASF/sam0/drivers/port/port.o
                0x00000870                port_pin_set_config
 .text.rtc_count_is_syncing
                0x00000894        0xc src/ASF/sam0/drivers/rtc/rtc_sam_l_c/rtc_count.o
 .text.rtc_count_enable
                0x000008a0       0x28 src/ASF/sam0/drivers/rtc/rtc_sam_l_c/rtc_count.o
                0x000008a0                rtc_count_enable
 .text.rtc_count_disable
                0x000008c8       0x34 src/ASF/sam0/drivers/rtc/rtc_sam_l_c/rtc_count.o
                0x000008c8                rtc_count_disable
 .text.rtc_count_reset
                0x000008fc       0x30 src/ASF/sam0/drivers/rtc/rtc_sam_l_c/rtc_count.o
                0x000008fc                rtc_count_reset
 .text.rtc_count_set_compare
                0x0000092c       0x64 src/ASF/sam0/drivers/rtc/rtc_sam_l_c/rtc_count.o
                0x0000092c                rtc_count_set_compare
 .text.rtc_count_init
                0x00000990       0x9c src/ASF/sam0/drivers/rtc/rtc_sam_l_c/rtc_count.o
                0x00000990                rtc_count_init
 .text.system_clock_source_get_hz
                0x00000a2c       0x94 src/ASF/sam0/drivers/system/clock/clock_saml21/clock.o
                0x00000a2c                system_clock_source_get_hz
 .text.system_clock_source_osc32k_set_config
                0x00000ac0       0x7c src/ASF/sam0/drivers/system/clock/clock_saml21/clock.o
                0x00000ac0                system_clock_source_osc32k_set_config
 .text.system_clock_source_enable
                0x00000b3c       0xcc src/ASF/sam0/drivers/system/clock/clock_saml21/clock.o
                0x00000b3c                system_clock_source_enable
 .text.system_clock_init
                0x00000c08      0x140 src/ASF/sam0/drivers/system/clock/clock_saml21/clock.o
                0x00000c08                system_clock_init
 .text.system_gclk_init
                0x00000d48       0x24 src/ASF/sam0/drivers/system/clock/clock_saml21/gclk.o
                0x00000d48                system_gclk_init
 .text.system_gclk_gen_set_config
                0x00000d6c       0xac src/ASF/sam0/drivers/system/clock/clock_saml21/gclk.o
                0x00000d6c                system_gclk_gen_set_config
 .text.system_gclk_gen_enable
                0x00000e18       0x40 src/ASF/sam0/drivers/system/clock/clock_saml21/gclk.o
                0x00000e18                system_gclk_gen_enable
 .text.system_gclk_gen_get_hz
                0x00000e58       0x6c src/ASF/sam0/drivers/system/clock/clock_saml21/gclk.o
                0x00000e58                system_gclk_gen_get_hz
 .text.system_gclk_chan_enable
                0x00000ec4       0x38 src/ASF/sam0/drivers/system/clock/clock_saml21/gclk.o
                0x00000ec4                system_gclk_chan_enable
 .text.system_gclk_chan_disable
                0x00000efc       0x38 src/ASF/sam0/drivers/system/clock/clock_saml21/gclk.o
                0x00000efc                system_gclk_chan_disable
 .text.system_gclk_chan_set_config
                0x00000f34       0x24 src/ASF/sam0/drivers/system/clock/clock_saml21/gclk.o
                0x00000f34                system_gclk_chan_set_config
 .text.system_gclk_chan_get_hz
                0x00000f58       0x30 src/ASF/sam0/drivers/system/clock/clock_saml21/gclk.o
                0x00000f58                system_gclk_chan_get_hz
 .text._system_pinmux_config
                0x00000f88       0xa8 src/ASF/sam0/drivers/system/pinmux/pinmux.o
 .text.system_pinmux_pin_set_config
                0x00001030       0x30 src/ASF/sam0/drivers/system/pinmux/pinmux.o
                0x00001030                system_pinmux_pin_set_config
 .text._system_dummy_init
                0x00001060        0x2 src/ASF/sam0/drivers/system/system.o
                0x00001060                _system_extint_init
                0x00001060                _system_dummy_init
                0x00001060                _system_divas_init
 *fill*         0x00001062        0x2 
 .text.system_init
                0x00001064       0x2c src/ASF/sam0/drivers/system/system.o
                0x00001064                system_init
 .text.Dummy_Handler
                0x00001090        0x2 src/ASF/sam0/utils/cmsis/saml21/source/gcc/startup_saml21.o
                0x00001090                DMAC_Handler
                0x00001090                TRNG_Handler
                0x00001090                HardFault_Handler
                0x00001090                TC2_Handler
                0x00001090                AC_Handler
                0x00001090                SysTick_Handler
                0x00001090                PendSV_Handler
                0x00001090                NMI_Handler
                0x00001090                SERCOM1_Handler
                0x00001090                TCC1_Handler
                0x00001090                SERCOM2_Handler
                0x00001090                TCC0_Handler
                0x00001090                RTC_Handler
                0x00001090                EIC_Handler
                0x00001090                WDT_Handler
                0x00001090                TC4_Handler
                0x00001090                TC1_Handler
                0x00001090                USB_Handler
                0x00001090                TC3_Handler
                0x00001090                Dummy_Handler
                0x00001090                SERCOM5_Handler
                0x00001090                SVC_Handler
                0x00001090                TCC2_Handler
                0x00001090                SERCOM3_Handler
                0x00001090                SERCOM4_Handler
                0x00001090                NVMCTRL_Handler
                0x00001090                SYSTEM_Handler
                0x00001090                SERCOM0_Handler
                0x00001090                DAC_Handler
                0x00001090                PTC_Handler
                0x00001090                TC0_Handler
                0x00001090                AES_Handler
 *fill*         0x00001092        0x2 
 .text.Reset_Handler
                0x00001094       0x98 src/ASF/sam0/utils/cmsis/saml21/source/gcc/startup_saml21.o
                0x00001094                Reset_Handler
 .text.adc_window_callback
                0x0000112c        0xc src/vcc_monitor.o
 .text.main     0x00001138      0x1ac src/vcc_monitor.o
                0x00001138                main
 .text          0x000012e4      0x114 c:/program files (x86)/atmel/studio/7.0/toolchain/arm/arm-gnu-toolchain/bin/../lib/gcc/arm-none-eabi/6.3.1/thumb/v6-m\libgcc.a(_udivsi3.o)
                0x000012e4                __aeabi_uidiv
                0x000012e4                __udivsi3
                0x000013f0                __aeabi_uidivmod
 .text          0x000013f8        0x4 c:/program files (x86)/atmel/studio/7.0/toolchain/arm/arm-gnu-toolchain/bin/../lib/gcc/arm-none-eabi/6.3.1/thumb/v6-m\libgcc.a(_dvmd_tls.o)
                0x000013f8                __aeabi_idiv0
                0x000013f8                __aeabi_ldiv0
 .text.__libc_init_array
                0x000013fc       0x48 c:/program files (x86)/atmel/studio/7.0/toolchain/arm/arm-gnu-toolchain/bin/../lib/gcc/arm-none-eabi/6.3.1/../../../../arm-none-eabi/lib/thumb/v6-m\libc_nano.a(lib_a-init.o)
                0x000013fc                __libc_init_array
 .text.memcpy   0x00001444       0x12 c:/program files (x86)/atmel/studio/7.0/toolchain/arm/arm-gnu-toolchain/bin/../lib/gcc/arm-none-eabi/6.3.1/../../../../arm-none-eabi/lib/thumb/v6-m\libc_nano.a(lib_a-memcpy-stub.o)
                0x00001444                memcpy
 *(.glue_7t)
 .glue_7t       0x00001456        0x0 linker stubs
 *(.glue_7)
 .glue_7        0x00001456        0x0 linker stubs
 *(.rodata .rodata* .gnu.linkonce.r.*)
 *fill*         0x00001456        0x2 
 .rodata.adc_init
                0x00001458       0xd4 src/ASF/sam0/drivers/adc/adc_sam_l_c/adc.o
 .rodata        0x0000152c       0x60 src/ASF/sam0/drivers/adc/adc_sam_l_c/adc.o
 .rodata.system_clock_source_get_hz
                0x0000158c       0x24 src/ASF/sam0/drivers/system/clock/clock_saml21/clock.o
 .rodata.system_clock_source_enable
                0x000015b0       0x24 src/ASF/sam0/drivers/system/clock/clock_saml21/clock.o
 *(.ARM.extab* .gnu.linkonce.armextab.*)
                0x000015d4                . = ALIGN (0x4)
 *(.init)
 .init          0x000015d4        0x4 c:/program files (x86)/atmel/studio/7.0/toolchain/arm/arm-gnu-toolchain/bin/../lib/gcc/arm-none-eabi/6.3.1/thumb/v6-m/crti.o
                0x000015d4                _init
 .init          0x000015d8        0x8 c:/program files (x86)/atmel/studio/7.0/toolchain/arm/arm-gnu-toolchain/bin/../lib/gcc/arm-none-eabi/6.3.1/thumb/v6-m/crtn.o
                0x000015e0                . = ALIGN (0x4)
                0x000015e0                __preinit_array_start = .
 *(.preinit_array)
                0x000015e0                __preinit_array_end = .
                0x000015e0                . = ALIGN (0x4)
                0x000015e0                __init_array_start = .
 *(SORT(.init_array.*))
 *(.init_array)
 .init_array    0x000015e0        0x4 c:/program files (x86)/atmel/studio/7.0/toolchain/arm/arm-gnu-toolchain/bin/../lib/gcc/arm-none-eabi/6.3.1/thumb/v6-m/crtbegin.o
                0x000015e4                __init_array_end = .
                0x000015e4                . = ALIGN (0x4)
 *crtbegin.o(.ctors)
 *(EXCLUDE_FILE(*crtend.o) .ctors)
 *(SORT(.ctors.*))
 *crtend.o(.ctors)
                0x000015e4                . = ALIGN (0x4)
 *(.fini)
 .fini          0x000015e4        0x4 c:/program files (x86)/atmel/studio/7.0/toolchain/arm/arm-gnu-toolchain/bin/../lib/gcc/arm-none-eabi/6.3.1/thumb/v6-m/crti.o
                0x000015e4                _fini
 .fini          0x000015e8        0x8 c:/program files (x86)/atmel/studio/7.0/toolchain/arm/arm-gnu-toolchain/bin/../lib/gcc/arm-none-eabi/6.3.1/thumb/v6-m/crtn.o
                0x000015f0                . = ALIGN (0x4)
                0x000015f0                __fini_array_start = .
 *(.fini_array)
 .fini_array    0x000015f0        0x4 c:/program files (x86)/atmel/studio/7.0/toolchain/arm/arm-gnu-toolchain/bin/../lib/gcc/arm-none-eabi/6.3.1/thumb/v6-m/crtbegin.o
 *(SORT(.fini_array.*))
                0x000015f4                __fini_array_end = .
 *crtbegin.o(.dtors)
 *(EXCLUDE_FILE(*crtend.o) .dtors)
 *(SORT(.dtors.*))
 *crtend.o(.dtors)
                0x000015f4                . = ALIGN (0x4)
                0x000015f4                _efixed = .
                [!provide]                PROVIDE (__exidx_start, .)

.vfp11_veneer   0x000015f4        0x0
 .vfp11_veneer  0x000015f4        0x0 linker stubs

.v4_bx          0x000015f4        0x0
 .v4_bx         0x000015f4        0x0 linker stubs

.iplt           0x000015f4        0x0
 .iplt          0x000015f4        0x0 c:/program files (x86)/atmel/studio/7.0/toolchain/arm/arm-gnu-toolchain/bin/../lib/gcc/arm-none-eabi/6.3.1/thumb/v6-m/crtbegin.o

.eh_frame       0x000015f4        0x0
 .eh_frame      0x000015f4        0x0 c:/program files (x86)/atmel/studio/7.0/toolchain/arm/arm-gnu-toolchain/bin/../lib/gcc/arm-none-eabi/6.3.1/thumb/v6-m/crtbegin.o

.rel.dyn        0x000015f4        0x0
 .rel.iplt      0x000015f4        0x0 c:/program files (x86)/atmel/studio/7.0/toolchain/arm/arm-gnu-toolchain/bin/../lib/gcc/arm-none-eabi/6.3.1/thumb/v6-m/crtbegin.o

.jcr            0x000015f4        0x0
 .jcr           0x000015f4        0x0 c:/program files (x86)/atmel/studio/7.0/toolchain/arm/arm-gnu-toolchain/bin/../lib/gcc/arm-none-eabi/6.3.1/thumb/v6-m/crtbegin.o

.igot.plt       0x000015f4        0x0
 .igot.plt      0x000015f4        0x0 c:/program files (x86)/atmel/studio/7.0/toolchain/arm/arm-gnu-toolchain/bin/../lib/gcc/arm-none-eabi/6.3.1/thumb/v6-m/crtbegin.o

.ARM.exidx
 *(.ARM.exidx* .gnu.linkonce.armexidx.*)
                [!provide]                PROVIDE (__exidx_end, .)
                0x000015f4                . = ALIGN (0x4)
                0x000015f4                _etext = .

.relocate       0x20000000       0x20 load address 0x000015f4
                0x20000000                . = ALIGN (0x4)
                0x20000000                _srelocate = .
 *(.ramfunc .ramfunc.*)
 *(.data .data.*)
 .data.cycles_per_ms
                0x20000000        0x4 src/ASF/common2/services/delay/sam0/systick_counter.o
 .data.cycles_per_us
                0x20000004        0x4 src/ASF/common2/services/delay/sam0/systick_counter.o
 .data.g_interrupt_enabled
                0x20000008        0x1 src/ASF/common/utils/interrupt/interrupt_sam_nvic.o
                0x20000008                g_interrupt_enabled
 *fill*         0x20000009        0x3 
 .data._events_inst
                0x2000000c       0x14 src/ASF/sam0/drivers/events/events_sam_l_c/events.o
                0x2000000c                _events_inst
                0x20000020                . = ALIGN (0x4)
                0x20000020                _erelocate = .

.lpram          0x30000000        0x0
                0x30000000                . = ALIGN (0x8)
                0x30000000                _slpram = .
 *(.lpram .lpram.*)
                0x30000000                . = ALIGN (0x8)
                0x30000000                _elpram = .

.bss            0x20000020       0x70 load address 0x00001614
                0x20000020                . = ALIGN (0x4)
                0x20000020                _sbss = .
                0x20000020                _szero = .
 *(.bss .bss.*)
 .bss           0x20000020       0x1c c:/program files (x86)/atmel/studio/7.0/toolchain/arm/arm-gnu-toolchain/bin/../lib/gcc/arm-none-eabi/6.3.1/thumb/v6-m/crtbegin.o
 .bss.cpu_irq_critical_section_counter
                0x2000003c        0x4 src/ASF/common/utils/interrupt/interrupt_sam_nvic.o
 .bss.cpu_irq_prev_interrupt_state
                0x20000040        0x1 src/ASF/common/utils/interrupt/interrupt_sam_nvic.o
 *fill*         0x20000041        0x3 
 .bss._system_clock_inst
                0x20000044       0x18 src/ASF/sam0/drivers/system/clock/clock_saml21/clock.o
 .bss.low_voltage
                0x2000005c        0x1 src/vcc_monitor.o
                0x2000005c                low_voltage
 *(COMMON)
 *fill*         0x2000005d        0x3 
 COMMON         0x20000060        0x4 src/ASF/sam0/drivers/adc/adc_sam_l_c/adc_callback.o
                0x20000060                _adc_instances
 COMMON         0x20000064        0x4 src/ASF/sam0/drivers/rtc/rtc_sam_l_c/rtc_count.o
                0x20000064                _rtc_instance
 COMMON         0x20000068       0x28 src/vcc_monitor.o
                0x20000068                rtc_instance
                0x20000070                module_inst
                0x20000090                . = ALIGN (0x4)
                0x20000090                _ebss = .
                0x20000090                _ezero = .

.stack          0x20000090     0x2000 load address 0x00001684
                0x20000090                . = ALIGN (0x8)
                0x20000090                _sstack = .
                0x20002090                . = (. + STACK_SIZE)
 *fill*         0x20000090     0x2000 
                0x20002090                . = ALIGN (0x8)
                0x20002090                _estack = .
                0x20002090                . = ALIGN (0x4)
                0x20002090                _end = .
OUTPUT(SLEEPWALKING_ADC1_EXAMPLE.elf elf32-littlearm)

.ARM.attributes
                0x00000000       0x28
 .ARM.attributes
                0x00000000       0x1e c:/program files (x86)/atmel/studio/7.0/toolchain/arm/arm-gnu-toolchain/bin/../lib/gcc/arm-none-eabi/6.3.1/thumb/v6-m/crti.o
 .ARM.attributes
                0x0000001e       0x2c c:/program files (x86)/atmel/studio/7.0/toolchain/arm/arm-gnu-toolchain/bin/../lib/gcc/arm-none-eabi/6.3.1/thumb/v6-m/crtbegin.o
 .ARM.attributes
                0x0000004a       0x32 src/ASF/common2/services/delay/sam0/systick_counter.o
 .ARM.attributes
                0x0000007c       0x32 src/ASF/common/utils/interrupt/interrupt_sam_nvic.o
 .ARM.attributes
                0x000000ae       0x32 src/ASF/sam0/boards/saml21_xplained_pro_b/board_init.o
 .ARM.attributes
                0x000000e0       0x32 src/ASF/sam0/drivers/adc/adc_sam_l_c/adc.o
 .ARM.attributes
                0x00000112       0x32 src/ASF/sam0/drivers/adc/adc_sam_l_c/adc_callback.o
 .ARM.attributes
                0x00000144       0x32 src/ASF/sam0/drivers/events/events_hooks.o
 .ARM.attributes
                0x00000176       0x32 src/ASF/sam0/drivers/events/events_sam_l_c/events.o
 .ARM.attributes
                0x000001a8       0x32 src/ASF/sam0/drivers/port/port.o
 .ARM.attributes
                0x000001da       0x32 src/ASF/sam0/drivers/rtc/rtc_sam_l_c/rtc_count.o
 .ARM.attributes
                0x0000020c       0x32 src/ASF/sam0/drivers/system/clock/clock_saml21/clock.o
 .ARM.attributes
                0x0000023e       0x32 src/ASF/sam0/drivers/system/clock/clock_saml21/gclk.o
 .ARM.attributes
                0x00000270       0x32 src/ASF/sam0/drivers/system/pinmux/pinmux.o
 .ARM.attributes
                0x000002a2       0x32 src/ASF/sam0/drivers/system/system.o
 .ARM.attributes
                0x000002d4       0x32 src/ASF/sam0/utils/cmsis/saml21/source/gcc/startup_saml21.o
 .ARM.attributes
                0x00000306       0x32 src/vcc_monitor.o
 .ARM.attributes
                0x00000338       0x1e c:/program files (x86)/atmel/studio/7.0/toolchain/arm/arm-gnu-toolchain/bin/../lib/gcc/arm-none-eabi/6.3.1/thumb/v6-m\libgcc.a(_udivsi3.o)
 .ARM.attributes
                0x00000356       0x1e c:/program files (x86)/atmel/studio/7.0/toolchain/arm/arm-gnu-toolchain/bin/../lib/gcc/arm-none-eabi/6.3.1/thumb/v6-m\libgcc.a(_dvmd_tls.o)
 .ARM.attributes
                0x00000374       0x2c c:/program files (x86)/atmel/studio/7.0/toolchain/arm/arm-gnu-toolchain/bin/../lib/gcc/arm-none-eabi/6.3.1/../../../../arm-none-eabi/lib/thumb/v6-m\libc_nano.a(lib_a-init.o)
 .ARM.attributes
                0x000003a0       0x2c c:/program files (x86)/atmel/studio/7.0/toolchain/arm/arm-gnu-toolchain/bin/../lib/gcc/arm-none-eabi/6.3.1/../../../../arm-none-eabi/lib/thumb/v6-m\libc_nano.a(lib_a-memcpy-stub.o)
 .ARM.attributes
                0x000003cc       0x1e c:/program files (x86)/atmel/studio/7.0/toolchain/arm/arm-gnu-toolchain/bin/../lib/gcc/arm-none-eabi/6.3.1/thumb/v6-m/crtn.o

.comment        0x00000000       0x59
 .comment       0x00000000       0x59 src/ASF/common2/services/delay/sam0/systick_counter.o
                                 0x5a (size before relaxing)
 .comment       0x00000059       0x5a src/ASF/common/utils/interrupt/interrupt_sam_nvic.o
 .comment       0x00000059       0x5a src/ASF/sam0/boards/saml21_xplained_pro_b/board_init.o
 .comment       0x00000059       0x5a src/ASF/sam0/drivers/adc/adc_sam_l_c/adc.o
 .comment       0x00000059       0x5a src/ASF/sam0/drivers/adc/adc_sam_l_c/adc_callback.o
 .comment       0x00000059       0x5a src/ASF/sam0/drivers/events/events_hooks.o
 .comment       0x00000059       0x5a src/ASF/sam0/drivers/events/events_sam_l_c/events.o
 .comment       0x00000059       0x5a src/ASF/sam0/drivers/port/port.o
 .comment       0x00000059       0x5a src/ASF/sam0/drivers/rtc/rtc_sam_l_c/rtc_count.o
 .comment       0x00000059       0x5a src/ASF/sam0/drivers/system/clock/clock_saml21/clock.o
 .comment       0x00000059       0x5a src/ASF/sam0/drivers/system/clock/clock_saml21/gclk.o
 .comment       0x00000059       0x5a src/ASF/sam0/drivers/system/pinmux/pinmux.o
 .comment       0x00000059       0x5a src/ASF/sam0/drivers/system/system.o
 .comment       0x00000059       0x5a src/ASF/sam0/utils/cmsis/saml21/source/gcc/startup_saml21.o
 .comment       0x00000059       0x5a src/vcc_monitor.o

.debug_info     0x00000000    0x1f164
 .debug_info    0x00000000      0xb8d src/ASF/common2/services/delay/sam0/systick_counter.o
 .debug_info    0x00000b8d      0xb07 src/ASF/common/utils/interrupt/interrupt_sam_nvic.o
 .debug_info    0x00001694     0x13a8 src/ASF/sam0/boards/saml21_xplained_pro_b/board_init.o
 .debug_info    0x00002a3c     0x384a src/ASF/sam0/drivers/adc/adc_sam_l_c/adc.o
 .debug_info    0x00006286     0x1d2c src/ASF/sam0/drivers/adc/adc_sam_l_c/adc_callback.o
 .debug_info    0x00007fb2     0x1cbd src/ASF/sam0/drivers/events/events_hooks.o
 .debug_info    0x00009c6f     0x2828 src/ASF/sam0/drivers/events/events_sam_l_c/events.o
 .debug_info    0x0000c497     0x13b1 src/ASF/sam0/drivers/port/port.o
 .debug_info    0x0000d848     0x3c18 src/ASF/sam0/drivers/rtc/rtc_sam_l_c/rtc_count.o
 .debug_info    0x00011460     0x439b src/ASF/sam0/drivers/system/clock/clock_saml21/clock.o
 .debug_info    0x000157fb     0x1def src/ASF/sam0/drivers/system/clock/clock_saml21/gclk.o
 .debug_info    0x000175ea     0x14f0 src/ASF/sam0/drivers/system/pinmux/pinmux.o
 .debug_info    0x00018ada      0xa73 src/ASF/sam0/drivers/system/system.o
 .debug_info    0x0001954d      0xa2f src/ASF/sam0/utils/cmsis/saml21/source/gcc/startup_saml21.o
 .debug_info    0x00019f7c     0x51e8 src/vcc_monitor.o

.debug_abbrev   0x00000000     0x31fe
 .debug_abbrev  0x00000000      0x24b src/ASF/common2/services/delay/sam0/systick_counter.o
 .debug_abbrev  0x0000024b      0x22c src/ASF/common/utils/interrupt/interrupt_sam_nvic.o
 .debug_abbrev  0x00000477      0x2dc src/ASF/sam0/boards/saml21_xplained_pro_b/board_init.o
 .debug_abbrev  0x00000753      0x49f src/ASF/sam0/drivers/adc/adc_sam_l_c/adc.o
 .debug_abbrev  0x00000bf2      0x3c6 src/ASF/sam0/drivers/adc/adc_sam_l_c/adc_callback.o
 .debug_abbrev  0x00000fb8      0x33c src/ASF/sam0/drivers/events/events_hooks.o
 .debug_abbrev  0x000012f4      0x4a8 src/ASF/sam0/drivers/events/events_sam_l_c/events.o
 .debug_abbrev  0x0000179c      0x298 src/ASF/sam0/drivers/port/port.o
 .debug_abbrev  0x00001a34      0x3fd src/ASF/sam0/drivers/rtc/rtc_sam_l_c/rtc_count.o
 .debug_abbrev  0x00001e31      0x423 src/ASF/sam0/drivers/system/clock/clock_saml21/clock.o
 .debug_abbrev  0x00002254      0x405 src/ASF/sam0/drivers/system/clock/clock_saml21/gclk.o
 .debug_abbrev  0x00002659      0x37b src/ASF/sam0/drivers/system/pinmux/pinmux.o
 .debug_abbrev  0x000029d4      0x1e1 src/ASF/sam0/drivers/system/system.o
 .debug_abbrev  0x00002bb5      0x1e4 src/ASF/sam0/utils/cmsis/saml21/source/gcc/startup_saml21.o
 .debug_abbrev  0x00002d99      0x465 src/vcc_monitor.o

.debug_loc      0x00000000     0x3780
 .debug_loc     0x00000000       0xe4 src/ASF/common2/services/delay/sam0/systick_counter.o
 .debug_loc     0x000000e4       0x8b src/ASF/sam0/boards/saml21_xplained_pro_b/board_init.o
 .debug_loc     0x0000016f      0x76a src/ASF/sam0/drivers/adc/adc_sam_l_c/adc.o
 .debug_loc     0x000008d9      0x2fd src/ASF/sam0/drivers/adc/adc_sam_l_c/adc_callback.o
 .debug_loc     0x00000bd6      0x582 src/ASF/sam0/drivers/events/events_hooks.o
 .debug_loc     0x00001158      0x40c src/ASF/sam0/drivers/events/events_sam_l_c/events.o
 .debug_loc     0x00001564      0x13d src/ASF/sam0/drivers/port/port.o
 .debug_loc     0x000016a1      0x8d6 src/ASF/sam0/drivers/rtc/rtc_sam_l_c/rtc_count.o
 .debug_loc     0x00001f77      0xce1 src/ASF/sam0/drivers/system/clock/clock_saml21/clock.o
 .debug_loc     0x00002c58      0x4dd src/ASF/sam0/drivers/system/clock/clock_saml21/gclk.o
 .debug_loc     0x00003135      0x36d src/ASF/sam0/drivers/system/pinmux/pinmux.o
 .debug_loc     0x000034a2       0x20 src/ASF/sam0/drivers/system/system.o
 .debug_loc     0x000034c2       0x40 src/ASF/sam0/utils/cmsis/saml21/source/gcc/startup_saml21.o
 .debug_loc     0x00003502      0x27e src/vcc_monitor.o

.debug_aranges  0x00000000      0x438
 .debug_aranges
                0x00000000       0x30 src/ASF/common2/services/delay/sam0/systick_counter.o
 .debug_aranges
                0x00000030       0x28 src/ASF/common/utils/interrupt/interrupt_sam_nvic.o
 .debug_aranges
                0x00000058       0x20 src/ASF/sam0/boards/saml21_xplained_pro_b/board_init.o
 .debug_aranges
                0x00000078       0x38 src/ASF/sam0/drivers/adc/adc_sam_l_c/adc.o
 .debug_aranges
                0x000000b0       0x48 src/ASF/sam0/drivers/adc/adc_sam_l_c/adc_callback.o
 .debug_aranges
                0x000000f8       0x58 src/ASF/sam0/drivers/events/events_hooks.o
 .debug_aranges
                0x00000150       0x80 src/ASF/sam0/drivers/events/events_sam_l_c/events.o
 .debug_aranges
                0x000001d0       0x28 src/ASF/sam0/drivers/port/port.o
 .debug_aranges
                0x000001f8       0x88 src/ASF/sam0/drivers/rtc/rtc_sam_l_c/rtc_count.o
 .debug_aranges
                0x00000280       0x80 src/ASF/sam0/drivers/system/clock/clock_saml21/clock.o
 .debug_aranges
                0x00000300       0x80 src/ASF/sam0/drivers/system/clock/clock_saml21/gclk.o
 .debug_aranges
                0x00000380       0x40 src/ASF/sam0/drivers/system/pinmux/pinmux.o
 .debug_aranges
                0x000003c0       0x28 src/ASF/sam0/drivers/system/system.o
 .debug_aranges
                0x000003e8       0x28 src/ASF/sam0/utils/cmsis/saml21/source/gcc/startup_saml21.o
 .debug_aranges
                0x00000410       0x28 src/vcc_monitor.o

.debug_ranges   0x00000000      0x468
 .debug_ranges  0x00000000       0x50 src/ASF/common2/services/delay/sam0/systick_counter.o
 .debug_ranges  0x00000050       0x18 src/ASF/common/utils/interrupt/interrupt_sam_nvic.o
 .debug_ranges  0x00000068       0x10 src/ASF/sam0/boards/saml21_xplained_pro_b/board_init.o
 .debug_ranges  0x00000078       0x88 src/ASF/sam0/drivers/adc/adc_sam_l_c/adc.o
 .debug_ranges  0x00000100       0x50 src/ASF/sam0/drivers/adc/adc_sam_l_c/adc_callback.o
 .debug_ranges  0x00000150       0x48 src/ASF/sam0/drivers/events/events_hooks.o
 .debug_ranges  0x00000198       0xa0 src/ASF/sam0/drivers/events/events_sam_l_c/events.o
 .debug_ranges  0x00000238       0x18 src/ASF/sam0/drivers/port/port.o
 .debug_ranges  0x00000250       0x90 src/ASF/sam0/drivers/rtc/rtc_sam_l_c/rtc_count.o
 .debug_ranges  0x000002e0       0x70 src/ASF/sam0/drivers/system/clock/clock_saml21/clock.o
 .debug_ranges  0x00000350       0x88 src/ASF/sam0/drivers/system/clock/clock_saml21/gclk.o
 .debug_ranges  0x000003d8       0x30 src/ASF/sam0/drivers/system/pinmux/pinmux.o
 .debug_ranges  0x00000408       0x18 src/ASF/sam0/drivers/system/system.o
 .debug_ranges  0x00000420       0x18 src/ASF/sam0/utils/cmsis/saml21/source/gcc/startup_saml21.o
 .debug_ranges  0x00000438       0x30 src/vcc_monitor.o

.debug_macro    0x00000000    0x1c94d
 .debug_macro   0x00000000      0x5c6 src/ASF/common2/services/delay/sam0/systick_counter.o
 .debug_macro   0x000005c6      0x8c8 src/ASF/common2/services/delay/sam0/systick_counter.o
 .debug_macro   0x00000e8e      0x16d src/ASF/common2/services/delay/sam0/systick_counter.o
 .debug_macro   0x00000ffb      0x64b src/ASF/common2/services/delay/sam0/systick_counter.o
 .debug_macro   0x00001646       0x22 src/ASF/common2/services/delay/sam0/systick_counter.o
 .debug_macro   0x00001668       0x87 src/ASF/common2/services/delay/sam0/systick_counter.o
 .debug_macro   0x000016ef       0x51 src/ASF/common2/services/delay/sam0/systick_counter.o
 .debug_macro   0x00001740       0xef src/ASF/common2/services/delay/sam0/systick_counter.o
 .debug_macro   0x0000182f       0x6a src/ASF/common2/services/delay/sam0/systick_counter.o
 .debug_macro   0x00001899      0x1df src/ASF/common2/services/delay/sam0/systick_counter.o
 .debug_macro   0x00001a78       0x10 src/ASF/common2/services/delay/sam0/systick_counter.o
 .debug_macro   0x00001a88       0x76 src/ASF/common2/services/delay/sam0/systick_counter.o
 .debug_macro   0x00001afe       0x16 src/ASF/common2/services/delay/sam0/systick_counter.o
 .debug_macro   0x00001b14      0x6e5 src/ASF/common2/services/delay/sam0/systick_counter.o
 .debug_macro   0x000021f9      0xde2 src/ASF/common2/services/delay/sam0/systick_counter.o
 .debug_macro   0x00002fdb       0x22 src/ASF/common2/services/delay/sam0/systick_counter.o
 .debug_macro   0x00002ffd       0x40 src/ASF/common2/services/delay/sam0/systick_counter.o
 .debug_macro   0x0000303d       0x3a src/ASF/common2/services/delay/sam0/systick_counter.o
 .debug_macro   0x00003077       0x1f src/ASF/common2/services/delay/sam0/systick_counter.o
 .debug_macro   0x00003096      0x250 src/ASF/common2/services/delay/sam0/systick_counter.o
 .debug_macro   0x000032e6      0x71a src/ASF/common2/services/delay/sam0/systick_counter.o
 .debug_macro   0x00003a00      0x979 src/ASF/common2/services/delay/sam0/systick_counter.o
 .debug_macro   0x00004379      0x2b8 src/ASF/common2/services/delay/sam0/systick_counter.o
 .debug_macro   0x00004631      0x226 src/ASF/common2/services/delay/sam0/systick_counter.o
 .debug_macro   0x00004857      0x4dd src/ASF/common2/services/delay/sam0/systick_counter.o
 .debug_macro   0x00004d34      0xd24 src/ASF/common2/services/delay/sam0/systick_counter.o
 .debug_macro   0x00005a58      0x5b8 src/ASF/common2/services/delay/sam0/systick_counter.o
 .debug_macro   0x00006010      0x5c3 src/ASF/common2/services/delay/sam0/systick_counter.o
 .debug_macro   0x000065d3      0x832 src/ASF/common2/services/delay/sam0/systick_counter.o
 .debug_macro   0x00006e05      0x297 src/ASF/common2/services/delay/sam0/systick_counter.o
 .debug_macro   0x0000709c      0x5de src/ASF/common2/services/delay/sam0/systick_counter.o
 .debug_macro   0x0000767a      0x225 src/ASF/common2/services/delay/sam0/systick_counter.o
 .debug_macro   0x0000789f      0x7a3 src/ASF/common2/services/delay/sam0/systick_counter.o
 .debug_macro   0x00008042      0x174 src/ASF/common2/services/delay/sam0/systick_counter.o
 .debug_macro   0x000081b6      0x719 src/ASF/common2/services/delay/sam0/systick_counter.o
 .debug_macro   0x000088cf      0x293 src/ASF/common2/services/delay/sam0/systick_counter.o
 .debug_macro   0x00008b62      0x702 src/ASF/common2/services/delay/sam0/systick_counter.o
 .debug_macro   0x00009264      0x2e3 src/ASF/common2/services/delay/sam0/systick_counter.o
 .debug_macro   0x00009547      0x3cb src/ASF/common2/services/delay/sam0/systick_counter.o
 .debug_macro   0x00009912      0x1ae src/ASF/common2/services/delay/sam0/systick_counter.o
 .debug_macro   0x00009ac0     0x122b src/ASF/common2/services/delay/sam0/systick_counter.o
 .debug_macro   0x0000aceb      0xf4e src/ASF/common2/services/delay/sam0/systick_counter.o
 .debug_macro   0x0000bc39      0x873 src/ASF/common2/services/delay/sam0/systick_counter.o
 .debug_macro   0x0000c4ac      0xa39 src/ASF/common2/services/delay/sam0/systick_counter.o
 .debug_macro   0x0000cee5      0x8bc src/ASF/common2/services/delay/sam0/systick_counter.o
 .debug_macro   0x0000d7a1     0x19cc src/ASF/common2/services/delay/sam0/systick_counter.o
 .debug_macro   0x0000f16d       0xea src/ASF/common2/services/delay/sam0/systick_counter.o
 .debug_macro   0x0000f257     0x13b0 src/ASF/common2/services/delay/sam0/systick_counter.o
 .debug_macro   0x00010607      0x378 src/ASF/common2/services/delay/sam0/systick_counter.o
 .debug_macro   0x0001097f       0x7c src/ASF/common2/services/delay/sam0/systick_counter.o
 .debug_macro   0x000109fb       0xac src/ASF/common2/services/delay/sam0/systick_counter.o
 .debug_macro   0x00010aa7       0xca src/ASF/common2/services/delay/sam0/systick_counter.o
 .debug_macro   0x00010b71       0x4c src/ASF/common2/services/delay/sam0/systick_counter.o
 .debug_macro   0x00010bbd       0x94 src/ASF/common2/services/delay/sam0/systick_counter.o
 .debug_macro   0x00010c51       0xd6 src/ASF/common2/services/delay/sam0/systick_counter.o
 .debug_macro   0x00010d27       0xb2 src/ASF/common2/services/delay/sam0/systick_counter.o
 .debug_macro   0x00010dd9       0x64 src/ASF/common2/services/delay/sam0/systick_counter.o
 .debug_macro   0x00010e3d      0x5d5 src/ASF/common2/services/delay/sam0/systick_counter.o
 .debug_macro   0x00011412      0x1ab src/ASF/common2/services/delay/sam0/systick_counter.o
 .debug_macro   0x000115bd       0x70 src/ASF/common2/services/delay/sam0/systick_counter.o
 .debug_macro   0x0001162d       0xa0 src/ASF/common2/services/delay/sam0/systick_counter.o
 .debug_macro   0x000116cd       0xc4 src/ASF/common2/services/delay/sam0/systick_counter.o
 .debug_macro   0x00011791       0x28 src/ASF/common2/services/delay/sam0/systick_counter.o
 .debug_macro   0x000117b9       0xa0 src/ASF/common2/services/delay/sam0/systick_counter.o
 .debug_macro   0x00011859       0x40 src/ASF/common2/services/delay/sam0/systick_counter.o
 .debug_macro   0x00011899       0x7c src/ASF/common2/services/delay/sam0/systick_counter.o
 .debug_macro   0x00011915       0x40 src/ASF/common2/services/delay/sam0/systick_counter.o
 .debug_macro   0x00011955      0x178 src/ASF/common2/services/delay/sam0/systick_counter.o
 .debug_macro   0x00011acd       0x34 src/ASF/common2/services/delay/sam0/systick_counter.o
 .debug_macro   0x00011b01       0xee src/ASF/common2/services/delay/sam0/systick_counter.o
 .debug_macro   0x00011bef      0x136 src/ASF/common2/services/delay/sam0/systick_counter.o
 .debug_macro   0x00011d25      0x136 src/ASF/common2/services/delay/sam0/systick_counter.o
 .debug_macro   0x00011e5b      0x136 src/ASF/common2/services/delay/sam0/systick_counter.o
 .debug_macro   0x00011f91      0x136 src/ASF/common2/services/delay/sam0/systick_counter.o
 .debug_macro   0x000120c7      0x136 src/ASF/common2/services/delay/sam0/systick_counter.o
 .debug_macro   0x000121fd      0x136 src/ASF/common2/services/delay/sam0/systick_counter.o
 .debug_macro   0x00012333       0x5e src/ASF/common2/services/delay/sam0/systick_counter.o
 .debug_macro   0x00012391      0x1a6 src/ASF/common2/services/delay/sam0/systick_counter.o
 .debug_macro   0x00012537       0xfa src/ASF/common2/services/delay/sam0/systick_counter.o
 .debug_macro   0x00012631       0xfa src/ASF/common2/services/delay/sam0/systick_counter.o
 .debug_macro   0x0001272b       0xfa src/ASF/common2/services/delay/sam0/systick_counter.o
 .debug_macro   0x00012825       0xfa src/ASF/common2/services/delay/sam0/systick_counter.o
 .debug_macro   0x0001291f       0xfa src/ASF/common2/services/delay/sam0/systick_counter.o
 .debug_macro   0x00012a19      0x124 src/ASF/common2/services/delay/sam0/systick_counter.o
 .debug_macro   0x00012b3d       0xfa src/ASF/common2/services/delay/sam0/systick_counter.o
 .debug_macro   0x00012c37       0xee src/ASF/common2/services/delay/sam0/systick_counter.o
 .debug_macro   0x00012d25       0x2e src/ASF/common2/services/delay/sam0/systick_counter.o
 .debug_macro   0x00012d53      0x408 src/ASF/common2/services/delay/sam0/systick_counter.o
 .debug_macro   0x0001315b       0x3a src/ASF/common2/services/delay/sam0/systick_counter.o
 .debug_macro   0x00013195      0x433 src/ASF/common2/services/delay/sam0/systick_counter.o
 .debug_macro   0x000135c8     0x2353 src/ASF/common2/services/delay/sam0/systick_counter.o
 .debug_macro   0x0001591b       0x90 src/ASF/common2/services/delay/sam0/systick_counter.o
 .debug_macro   0x000159ab       0x58 src/ASF/common2/services/delay/sam0/systick_counter.o
 .debug_macro   0x00015a03       0x35 src/ASF/common2/services/delay/sam0/systick_counter.o
 .debug_macro   0x00015a38       0x9c src/ASF/common2/services/delay/sam0/systick_counter.o
 .debug_macro   0x00015ad4       0x16 src/ASF/common2/services/delay/sam0/systick_counter.o
 .debug_macro   0x00015aea       0x35 src/ASF/common2/services/delay/sam0/systick_counter.o
 .debug_macro   0x00015b1f      0x353 src/ASF/common2/services/delay/sam0/systick_counter.o
 .debug_macro   0x00015e72       0x10 src/ASF/common2/services/delay/sam0/systick_counter.o
 .debug_macro   0x00015e82       0x58 src/ASF/common2/services/delay/sam0/systick_counter.o
 .debug_macro   0x00015eda       0x1f src/ASF/common2/services/delay/sam0/systick_counter.o
 .debug_macro   0x00015ef9       0x43 src/ASF/common2/services/delay/sam0/systick_counter.o
 .debug_macro   0x00015f3c       0x20 src/ASF/common2/services/delay/sam0/systick_counter.o
 .debug_macro   0x00015f5c      0x187 src/ASF/common2/services/delay/sam0/systick_counter.o
 .debug_macro   0x000160e3       0x10 src/ASF/common2/services/delay/sam0/systick_counter.o
 .debug_macro   0x000160f3       0x1c src/ASF/common2/services/delay/sam0/systick_counter.o
 .debug_macro   0x0001610f       0x52 src/ASF/common2/services/delay/sam0/systick_counter.o
 .debug_macro   0x00016161       0x40 src/ASF/common2/services/delay/sam0/systick_counter.o
 .debug_macro   0x000161a1       0x10 src/ASF/common2/services/delay/sam0/systick_counter.o
 .debug_macro   0x000161b1       0x40 src/ASF/common2/services/delay/sam0/systick_counter.o
 .debug_macro   0x000161f1       0xd7 src/ASF/common2/services/delay/sam0/systick_counter.o
 .debug_macro   0x000162c8       0x16 src/ASF/common2/services/delay/sam0/systick_counter.o
 .debug_macro   0x000162de      0x18b src/ASF/common2/services/delay/sam0/systick_counter.o
 .debug_macro   0x00016469       0x16 src/ASF/common2/services/delay/sam0/systick_counter.o
 .debug_macro   0x0001647f       0x16 src/ASF/common2/services/delay/sam0/systick_counter.o
 .debug_macro   0x00016495       0x29 src/ASF/common2/services/delay/sam0/systick_counter.o
 .debug_macro   0x000164be       0x51 src/ASF/common2/services/delay/sam0/systick_counter.o
 .debug_macro   0x0001650f       0x3f src/ASF/common2/services/delay/sam0/systick_counter.o
 .debug_macro   0x0001654e      0x3df src/ASF/common2/services/delay/sam0/systick_counter.o
 .debug_macro   0x0001692d       0x16 src/ASF/common2/services/delay/sam0/systick_counter.o
 .debug_macro   0x00016943       0x16 src/ASF/common2/services/delay/sam0/systick_counter.o
 .debug_macro   0x00016959      0x58a src/ASF/common/utils/interrupt/interrupt_sam_nvic.o
 .debug_macro   0x00016ee3      0x5c6 src/ASF/sam0/boards/saml21_xplained_pro_b/board_init.o
 .debug_macro   0x000174a9      0x2c6 src/ASF/sam0/boards/saml21_xplained_pro_b/board_init.o
 .debug_macro   0x0001776f      0x917 src/ASF/sam0/boards/saml21_xplained_pro_b/board_init.o
 .debug_macro   0x00018086       0x18 src/ASF/sam0/boards/saml21_xplained_pro_b/board_init.o
 .debug_macro   0x0001809e       0x19 src/ASF/sam0/boards/saml21_xplained_pro_b/board_init.o
 .debug_macro   0x000180b7      0x611 src/ASF/sam0/drivers/adc/adc_sam_l_c/adc.o
 .debug_macro   0x000186c8       0x2e src/ASF/sam0/drivers/adc/adc_sam_l_c/adc.o
 .debug_macro   0x000186f6       0x19 src/ASF/sam0/drivers/adc/adc_sam_l_c/adc.o
 .debug_macro   0x0001870f      0x615 src/ASF/sam0/drivers/adc/adc_sam_l_c/adc_callback.o
 .debug_macro   0x00018d24      0x5da src/ASF/sam0/drivers/events/events_hooks.o
 .debug_macro   0x000192fe       0x27 src/ASF/sam0/drivers/events/events_hooks.o
 .debug_macro   0x00019325      0x60f src/ASF/sam0/drivers/events/events_sam_l_c/events.o
 .debug_macro   0x00019934      0x5a4 src/ASF/sam0/drivers/port/port.o
 .debug_macro   0x00019ed8      0x5cc src/ASF/sam0/drivers/rtc/rtc_sam_l_c/rtc_count.o
 .debug_macro   0x0001a4a4      0x29e src/ASF/sam0/drivers/rtc/rtc_sam_l_c/rtc_count.o
 .debug_macro   0x0001a742       0x27 src/ASF/sam0/drivers/rtc/rtc_sam_l_c/rtc_count.o
 .debug_macro   0x0001a769       0x10 src/ASF/sam0/drivers/rtc/rtc_sam_l_c/rtc_count.o
 .debug_macro   0x0001a779      0x5f5 src/ASF/sam0/drivers/system/clock/clock_saml21/clock.o
 .debug_macro   0x0001ad6e      0x5c1 src/ASF/sam0/drivers/system/clock/clock_saml21/gclk.o
 .debug_macro   0x0001b32f      0x59a src/ASF/sam0/drivers/system/pinmux/pinmux.o
 .debug_macro   0x0001b8c9       0x12 src/ASF/sam0/drivers/system/pinmux/pinmux.o
 .debug_macro   0x0001b8db      0x5d1 src/ASF/sam0/drivers/system/system.o
 .debug_macro   0x0001beac      0x371 src/ASF/sam0/utils/cmsis/saml21/source/gcc/startup_saml21.o
 .debug_macro   0x0001c21d       0x3a src/ASF/sam0/utils/cmsis/saml21/source/gcc/startup_saml21.o
 .debug_macro   0x0001c257      0x6bb src/vcc_monitor.o
 .debug_macro   0x0001c912       0x1c src/vcc_monitor.o
 .debug_macro   0x0001c92e       0x1f src/vcc_monitor.o

.debug_line     0x00000000     0xa806
 .debug_line    0x00000000      0xa44 src/ASF/common2/services/delay/sam0/systick_counter.o
 .debug_line    0x00000a44      0x959 src/ASF/common/utils/interrupt/interrupt_sam_nvic.o
 .debug_line    0x0000139d      0xa02 src/ASF/sam0/boards/saml21_xplained_pro_b/board_init.o
 .debug_line    0x00001d9f      0xdc0 src/ASF/sam0/drivers/adc/adc_sam_l_c/adc.o
 .debug_line    0x00002b5f      0xc68 src/ASF/sam0/drivers/adc/adc_sam_l_c/adc_callback.o
 .debug_line    0x000037c7      0xae3 src/ASF/sam0/drivers/events/events_hooks.o
 .debug_line    0x000042aa      0xcf5 src/ASF/sam0/drivers/events/events_sam_l_c/events.o
 .debug_line    0x00004f9f      0x985 src/ASF/sam0/drivers/port/port.o
 .debug_line    0x00005924      0xc27 src/ASF/sam0/drivers/rtc/rtc_sam_l_c/rtc_count.o
 .debug_line    0x0000654b      0xd1a src/ASF/sam0/drivers/system/clock/clock_saml21/clock.o
 .debug_line    0x00007265      0xc8e src/ASF/sam0/drivers/system/clock/clock_saml21/gclk.o
 .debug_line    0x00007ef3      0x9d2 src/ASF/sam0/drivers/system/pinmux/pinmux.o
 .debug_line    0x000088c5      0xa69 src/ASF/sam0/drivers/system/system.o
 .debug_line    0x0000932e      0x6d1 src/ASF/sam0/utils/cmsis/saml21/source/gcc/startup_saml21.o
 .debug_line    0x000099ff      0xe07 src/vcc_monitor.o

.debug_str      0x00000000    0x9ab73
 .debug_str     0x00000000    0x90440 src/ASF/common2/services/delay/sam0/systick_counter.o
                              0x909c8 (size before relaxing)
 .debug_str     0x00090440       0x94 src/ASF/common/utils/interrupt/interrupt_sam_nvic.o
                              0x907d3 (size before relaxing)
 .debug_str     0x000904d4     0x3956 src/ASF/sam0/boards/saml21_xplained_pro_b/board_init.o
                              0x940cc (size before relaxing)
 .debug_str     0x00093e2a     0x1e89 src/ASF/sam0/drivers/adc/adc_sam_l_c/adc.o
                              0x9280e (size before relaxing)
 .debug_str     0x00095cb3      0x1a0 src/ASF/sam0/drivers/adc/adc_sam_l_c/adc_callback.o
                              0x91575 (size before relaxing)
 .debug_str     0x00095e53      0xa5f src/ASF/sam0/drivers/events/events_hooks.o
                              0x9162f (size before relaxing)
 .debug_str     0x000968b2      0x2e6 src/ASF/sam0/drivers/events/events_sam_l_c/events.o
                              0x91a81 (size before relaxing)
 .debug_str     0x00096b98       0x5e src/ASF/sam0/drivers/port/port.o
                              0x90c77 (size before relaxing)
 .debug_str     0x00096bf6     0x1afa src/ASF/sam0/drivers/rtc/rtc_sam_l_c/rtc_count.o
                              0x929aa (size before relaxing)
 .debug_str     0x000986f0     0x187c src/ASF/sam0/drivers/system/clock/clock_saml21/clock.o
                              0x93d53 (size before relaxing)
 .debug_str     0x00099f6c      0x190 src/ASF/sam0/drivers/system/clock/clock_saml21/gclk.o
                              0x91492 (size before relaxing)
 .debug_str     0x0009a0fc      0x179 src/ASF/sam0/drivers/system/pinmux/pinmux.o
                              0x90cd3 (size before relaxing)
 .debug_str     0x0009a275       0x47 src/ASF/sam0/drivers/system/system.o
                              0x90863 (size before relaxing)
 .debug_str     0x0009a2bc      0x3cc src/ASF/sam0/utils/cmsis/saml21/source/gcc/startup_saml21.o
                              0x7ba3f (size before relaxing)
 .debug_str     0x0009a688      0x4eb src/vcc_monitor.o
                              0x97e24 (size before relaxing)

.debug_frame    0x00000000      0x9bc
 .debug_frame   0x00000000       0x64 src/ASF/common2/services/delay/sam0/systick_counter.o
 .debug_frame   0x00000064       0x30 src/ASF/common/utils/interrupt/interrupt_sam_nvic.o
 .debug_frame   0x00000094       0x30 src/ASF/sam0/boards/saml21_xplained_pro_b/board_init.o
 .debug_frame   0x000000c4       0x7c src/ASF/sam0/drivers/adc/adc_sam_l_c/adc.o
 .debug_frame   0x00000140       0x84 src/ASF/sam0/drivers/adc/adc_sam_l_c/adc_callback.o
 .debug_frame   0x000001c4       0xb8 src/ASF/sam0/drivers/events/events_hooks.o
 .debug_frame   0x0000027c      0x100 src/ASF/sam0/drivers/events/events_sam_l_c/events.o
 .debug_frame   0x0000037c       0x44 src/ASF/sam0/drivers/port/port.o
 .debug_frame   0x000003c0      0x18c src/ASF/sam0/drivers/rtc/rtc_sam_l_c/rtc_count.o
 .debug_frame   0x0000054c      0x164 src/ASF/sam0/drivers/system/clock/clock_saml21/clock.o
 .debug_frame   0x000006b0      0x150 src/ASF/sam0/drivers/system/clock/clock_saml21/gclk.o
 .debug_frame   0x00000800       0x98 src/ASF/sam0/drivers/system/pinmux/pinmux.o
 .debug_frame   0x00000898       0x38 src/ASF/sam0/drivers/system/system.o
 .debug_frame   0x000008d0       0x38 src/ASF/sam0/utils/cmsis/saml21/source/gcc/startup_saml21.o
 .debug_frame   0x00000908       0x40 src/vcc_monitor.o
 .debug_frame   0x00000948       0x20 c:/program files (x86)/atmel/studio/7.0/toolchain/arm/arm-gnu-toolchain/bin/../lib/gcc/arm-none-eabi/6.3.1/thumb/v6-m\libgcc.a(_udivsi3.o)
 .debug_frame   0x00000968       0x2c c:/program files (x86)/atmel/studio/7.0/toolchain/arm/arm-gnu-toolchain/bin/../lib/gcc/arm-none-eabi/6.3.1/../../../../arm-none-eabi/lib/thumb/v6-m\libc_nano.a(lib_a-init.o)
 .debug_frame   0x00000994       0x28 c:/program files (x86)/atmel/studio/7.0/toolchain/arm/arm-gnu-toolchain/bin/../lib/gcc/arm-none-eabi/6.3.1/../../../../arm-none-eabi/lib/thumb/v6-m\libc_nano.a(lib_a-memcpy-stub.o)

Cross Reference Table

Symbol                                            File
AC_Handler                                        src/ASF/sam0/utils/cmsis/saml21/source/gcc/startup_saml21.o
ADC_Handler                                       src/ASF/sam0/drivers/adc/adc_sam_l_c/adc_callback.o
AES_Handler                                       src/ASF/sam0/utils/cmsis/saml21/source/gcc/startup_saml21.o
DAC_Handler                                       src/ASF/sam0/utils/cmsis/saml21/source/gcc/startup_saml21.o
DMAC_Handler                                      src/ASF/sam0/utils/cmsis/saml21/source/gcc/startup_saml21.o
Dummy_Handler                                     src/ASF/sam0/utils/cmsis/saml21/source/gcc/startup_saml21.o
EIC_Handler                                       src/ASF/sam0/utils/cmsis/saml21/source/gcc/startup_saml21.o
EVSYS_Handler                                     src/ASF/sam0/drivers/events/events_hooks.o
HardFault_Handler                                 src/ASF/sam0/utils/cmsis/saml21/source/gcc/startup_saml21.o
NMI_Handler                                       src/ASF/sam0/utils/cmsis/saml21/source/gcc/startup_saml21.o
NVMCTRL_Handler                                   src/ASF/sam0/utils/cmsis/saml21/source/gcc/startup_saml21.o
PTC_Handler                                       src/ASF/sam0/utils/cmsis/saml21/source/gcc/startup_saml21.o
PendSV_Handler                                    src/ASF/sam0/utils/cmsis/saml21/source/gcc/startup_saml21.o
RTC_Handler                                       src/ASF/sam0/utils/cmsis/saml21/source/gcc/startup_saml21.o
Reset_Handler                                     src/ASF/sam0/utils/cmsis/saml21/source/gcc/startup_saml21.o
SERCOM0_Handler                                   src/ASF/sam0/utils/cmsis/saml21/source/gcc/startup_saml21.o
SERCOM1_Handler                                   src/ASF/sam0/utils/cmsis/saml21/source/gcc/startup_saml21.o
SERCOM2_Handler                                   src/ASF/sam0/utils/cmsis/saml21/source/gcc/startup_saml21.o
SERCOM3_Handler                                   src/ASF/sam0/utils/cmsis/saml21/source/gcc/startup_saml21.o
SERCOM4_Handler                                   src/ASF/sam0/utils/cmsis/saml21/source/gcc/startup_saml21.o
SERCOM5_Handler                                   src/ASF/sam0/utils/cmsis/saml21/source/gcc/startup_saml21.o
SVC_Handler                                       src/ASF/sam0/utils/cmsis/saml21/source/gcc/startup_saml21.o
SYSTEM_Handler                                    src/ASF/sam0/utils/cmsis/saml21/source/gcc/startup_saml21.o
SysTick_Handler                                   src/ASF/sam0/utils/cmsis/saml21/source/gcc/startup_saml21.o
SystemCoreClock                                   src/ASF/sam0/utils/cmsis/saml21/source/system_saml21.o
SystemCoreClockUpdate                             src/ASF/sam0/utils/cmsis/saml21/source/system_saml21.o
SystemInit                                        src/ASF/sam0/utils/cmsis/saml21/source/system_saml21.o
TC0_Handler                                       src/ASF/sam0/utils/cmsis/saml21/source/gcc/startup_saml21.o
TC1_Handler                                       src/ASF/sam0/utils/cmsis/saml21/source/gcc/startup_saml21.o
TC2_Handler                                       src/ASF/sam0/utils/cmsis/saml21/source/gcc/startup_saml21.o
TC3_Handler                                       src/ASF/sam0/utils/cmsis/saml21/source/gcc/startup_saml21.o
TC4_Handler                                       src/ASF/sam0/utils/cmsis/saml21/source/gcc/startup_saml21.o
TCC0_Handler                                      src/ASF/sam0/utils/cmsis/saml21/source/gcc/startup_saml21.o
TCC1_Handler                                      src/ASF/sam0/utils/cmsis/saml21/source/gcc/startup_saml21.o
TCC2_Handler                                      src/ASF/sam0/utils/cmsis/saml21/source/gcc/startup_saml21.o
TRNG_Handler                                      src/ASF/sam0/utils/cmsis/saml21/source/gcc/startup_saml21.o
USB_Handler                                       src/ASF/sam0/utils/cmsis/saml21/source/gcc/startup_saml21.o
WDT_Handler                                       src/ASF/sam0/utils/cmsis/saml21/source/gcc/startup_saml21.o
_Jv_RegisterClasses                               c:/program files (x86)/atmel/studio/7.0/toolchain/arm/arm-gnu-toolchain/bin/../lib/gcc/arm-none-eabi/6.3.1/thumb/v6-m/crtbegin.o
__aeabi_idiv0                                     c:/program files (x86)/atmel/studio/7.0/toolchain/arm/arm-gnu-toolchain/bin/../lib/gcc/arm-none-eabi/6.3.1/thumb/v6-m\libgcc.a(_dvmd_tls.o)
                                                  c:/program files (x86)/atmel/studio/7.0/toolchain/arm/arm-gnu-toolchain/bin/../lib/gcc/arm-none-eabi/6.3.1/thumb/v6-m\libgcc.a(_udivsi3.o)
__aeabi_ldiv0                                     c:/program files (x86)/atmel/studio/7.0/toolchain/arm/arm-gnu-toolchain/bin/../lib/gcc/arm-none-eabi/6.3.1/thumb/v6-m\libgcc.a(_dvmd_tls.o)
__aeabi_uidiv                                     c:/program files (x86)/atmel/studio/7.0/toolchain/arm/arm-gnu-toolchain/bin/../lib/gcc/arm-none-eabi/6.3.1/thumb/v6-m\libgcc.a(_udivsi3.o)
                                                  src/ASF/sam0/drivers/system/clock/clock_saml21/gclk.o
                                                  src/ASF/sam0/drivers/system/clock/clock_saml21/clock.o
                                                  src/ASF/common2/services/delay/sam0/systick_counter.o
__aeabi_uidivmod                                  c:/program files (x86)/atmel/studio/7.0/toolchain/arm/arm-gnu-toolchain/bin/../lib/gcc/arm-none-eabi/6.3.1/thumb/v6-m\libgcc.a(_udivsi3.o)
__bss_end__                                       c:/program files (x86)/atmel/studio/7.0/toolchain/arm/arm-gnu-toolchain/bin/../lib/gcc/arm-none-eabi/6.3.1/../../../../arm-none-eabi/lib/thumb/v6-m/crt0.o
__bss_start__                                     c:/program files (x86)/atmel/studio/7.0/toolchain/arm/arm-gnu-toolchain/bin/../lib/gcc/arm-none-eabi/6.3.1/../../../../arm-none-eabi/lib/thumb/v6-m/crt0.o
__call_exitprocs                                  c:/program files (x86)/atmel/studio/7.0/toolchain/arm/arm-gnu-toolchain/bin/../lib/gcc/arm-none-eabi/6.3.1/../../../../arm-none-eabi/lib/thumb/v6-m\libc_nano.a(lib_a-exit.o)
__deregister_frame_info                           c:/program files (x86)/atmel/studio/7.0/toolchain/arm/arm-gnu-toolchain/bin/../lib/gcc/arm-none-eabi/6.3.1/thumb/v6-m/crtbegin.o
__dso_handle                                      c:/program files (x86)/atmel/studio/7.0/toolchain/arm/arm-gnu-toolchain/bin/../lib/gcc/arm-none-eabi/6.3.1/thumb/v6-m/crtbegin.o
__init_array_end                                  c:/program files (x86)/atmel/studio/7.0/toolchain/arm/arm-gnu-toolchain/bin/../lib/gcc/arm-none-eabi/6.3.1/../../../../arm-none-eabi/lib/thumb/v6-m\libc_nano.a(lib_a-init.o)
__init_array_start                                c:/program files (x86)/atmel/studio/7.0/toolchain/arm/arm-gnu-toolchain/bin/../lib/gcc/arm-none-eabi/6.3.1/../../../../arm-none-eabi/lib/thumb/v6-m\libc_nano.a(lib_a-init.o)
__libc_fini_array                                 c:/program files (x86)/atmel/studio/7.0/toolchain/arm/arm-gnu-toolchain/bin/../lib/gcc/arm-none-eabi/6.3.1/../../../../arm-none-eabi/lib/thumb/v6-m/crt0.o
__libc_init_array                                 c:/program files (x86)/atmel/studio/7.0/toolchain/arm/arm-gnu-toolchain/bin/../lib/gcc/arm-none-eabi/6.3.1/../../../../arm-none-eabi/lib/thumb/v6-m\libc_nano.a(lib_a-init.o)
                                                  src/ASF/sam0/utils/cmsis/saml21/source/gcc/startup_saml21.o
                                                  c:/program files (x86)/atmel/studio/7.0/toolchain/arm/arm-gnu-toolchain/bin/../lib/gcc/arm-none-eabi/6.3.1/../../../../arm-none-eabi/lib/thumb/v6-m/crt0.o
__preinit_array_end                               c:/program files (x86)/atmel/studio/7.0/toolchain/arm/arm-gnu-toolchain/bin/../lib/gcc/arm-none-eabi/6.3.1/../../../../arm-none-eabi/lib/thumb/v6-m\libc_nano.a(lib_a-init.o)
__preinit_array_start                             c:/program files (x86)/atmel/studio/7.0/toolchain/arm/arm-gnu-toolchain/bin/../lib/gcc/arm-none-eabi/6.3.1/../../../../arm-none-eabi/lib/thumb/v6-m\libc_nano.a(lib_a-init.o)
__register_frame_info                             c:/program files (x86)/atmel/studio/7.0/toolchain/arm/arm-gnu-toolchain/bin/../lib/gcc/arm-none-eabi/6.3.1/thumb/v6-m/crtbegin.o
__sf_fake_stderr                                  c:/program files (x86)/atmel/studio/7.0/toolchain/arm/arm-gnu-toolchain/bin/../lib/gcc/arm-none-eabi/6.3.1/../../../../arm-none-eabi/lib/thumb/v6-m\libc_nano.a(lib_a-impure.o)
__sf_fake_stdin                                   c:/program files (x86)/atmel/studio/7.0/toolchain/arm/arm-gnu-toolchain/bin/../lib/gcc/arm-none-eabi/6.3.1/../../../../arm-none-eabi/lib/thumb/v6-m\libc_nano.a(lib_a-impure.o)
__sf_fake_stdout                                  c:/program files (x86)/atmel/studio/7.0/toolchain/arm/arm-gnu-toolchain/bin/../lib/gcc/arm-none-eabi/6.3.1/../../../../arm-none-eabi/lib/thumb/v6-m\libc_nano.a(lib_a-impure.o)
__stack                                           c:/program files (x86)/atmel/studio/7.0/toolchain/arm/arm-gnu-toolchain/bin/../lib/gcc/arm-none-eabi/6.3.1/../../../../arm-none-eabi/lib/thumb/v6-m/crt0.o
__udivsi3                                         c:/program files (x86)/atmel/studio/7.0/toolchain/arm/arm-gnu-toolchain/bin/../lib/gcc/arm-none-eabi/6.3.1/thumb/v6-m\libgcc.a(_udivsi3.o)
_adc_biascomp_addr                                src/ASF/sam0/drivers/adc/adc_sam_l_c/adc.o
_adc_biascomp_pos                                 src/ASF/sam0/drivers/adc/adc_sam_l_c/adc.o
_adc_biasrefbuf_addr                              src/ASF/sam0/drivers/adc/adc_sam_l_c/adc.o
_adc_biasrefbuf_pos                               src/ASF/sam0/drivers/adc/adc_sam_l_c/adc.o
_adc_extchannel_msb                               src/ASF/sam0/drivers/adc/adc_sam_l_c/adc.o
_adc_gclk_ids                                     src/ASF/sam0/drivers/adc/adc_sam_l_c/adc.o
_adc_get_inst_index                               src/ASF/sam0/drivers/adc/adc_sam_l_c/adc.o
_adc_instances                                    src/ASF/sam0/drivers/adc/adc_sam_l_c/adc_callback.o
                                                  src/ASF/sam0/drivers/adc/adc_sam_l_c/adc.o
_close                                            src/ASF/sam0/utils/syscalls/gcc/syscalls.o
_end                                              src/ASF/sam0/utils/syscalls/gcc/syscalls.o
_erelocate                                        src/ASF/sam0/utils/cmsis/saml21/source/gcc/startup_saml21.o
_estack                                           src/ASF/sam0/utils/cmsis/saml21/source/gcc/startup_saml21.o
_etext                                            src/ASF/sam0/utils/cmsis/saml21/source/gcc/startup_saml21.o
_events_find_bit_position                         src/ASF/sam0/drivers/events/events_sam_l_c/events.o
                                                  src/ASF/sam0/drivers/events/events_hooks.o
_events_inst                                      src/ASF/sam0/drivers/events/events_sam_l_c/events.o
                                                  src/ASF/sam0/drivers/events/events_hooks.o
_exit                                             src/ASF/sam0/utils/syscalls/gcc/syscalls.o
                                                  c:/program files (x86)/atmel/studio/7.0/toolchain/arm/arm-gnu-toolchain/bin/../lib/gcc/arm-none-eabi/6.3.1/../../../../arm-none-eabi/lib/thumb/v6-m\libc_nano.a(lib_a-exit.o)
_ezero                                            src/ASF/sam0/utils/cmsis/saml21/source/gcc/startup_saml21.o
_fini                                             c:/program files (x86)/atmel/studio/7.0/toolchain/arm/arm-gnu-toolchain/bin/../lib/gcc/arm-none-eabi/6.3.1/thumb/v6-m/crti.o
_fstat                                            src/ASF/sam0/utils/syscalls/gcc/syscalls.o
_getpid                                           src/ASF/sam0/utils/syscalls/gcc/syscalls.o
_global_impure_ptr                                c:/program files (x86)/atmel/studio/7.0/toolchain/arm/arm-gnu-toolchain/bin/../lib/gcc/arm-none-eabi/6.3.1/../../../../arm-none-eabi/lib/thumb/v6-m\libc_nano.a(lib_a-impure.o)
                                                  c:/program files (x86)/atmel/studio/7.0/toolchain/arm/arm-gnu-toolchain/bin/../lib/gcc/arm-none-eabi/6.3.1/../../../../arm-none-eabi/lib/thumb/v6-m\libc_nano.a(lib_a-exit.o)
_impure_ptr                                       c:/program files (x86)/atmel/studio/7.0/toolchain/arm/arm-gnu-toolchain/bin/../lib/gcc/arm-none-eabi/6.3.1/../../../../arm-none-eabi/lib/thumb/v6-m\libc_nano.a(lib_a-impure.o)
_init                                             c:/program files (x86)/atmel/studio/7.0/toolchain/arm/arm-gnu-toolchain/bin/../lib/gcc/arm-none-eabi/6.3.1/thumb/v6-m/crti.o
                                                  c:/program files (x86)/atmel/studio/7.0/toolchain/arm/arm-gnu-toolchain/bin/../lib/gcc/arm-none-eabi/6.3.1/../../../../arm-none-eabi/lib/thumb/v6-m\libc_nano.a(lib_a-init.o)
_isatty                                           src/ASF/sam0/utils/syscalls/gcc/syscalls.o
_kill                                             src/ASF/sam0/utils/syscalls/gcc/syscalls.o
_lseek                                            src/ASF/sam0/utils/syscalls/gcc/syscalls.o
_mainCRTStartup                                   c:/program files (x86)/atmel/studio/7.0/toolchain/arm/arm-gnu-toolchain/bin/../lib/gcc/arm-none-eabi/6.3.1/../../../../arm-none-eabi/lib/thumb/v6-m/crt0.o
_rtc_instance                                     src/ASF/sam0/drivers/rtc/rtc_sam_l_c/rtc_count.o
_sbrk                                             src/ASF/sam0/utils/syscalls/gcc/syscalls.o
_sfixed                                           src/ASF/sam0/utils/cmsis/saml21/source/gcc/startup_saml21.o
_srelocate                                        src/ASF/sam0/utils/cmsis/saml21/source/gcc/startup_saml21.o
_start                                            c:/program files (x86)/atmel/studio/7.0/toolchain/arm/arm-gnu-toolchain/bin/../lib/gcc/arm-none-eabi/6.3.1/../../../../arm-none-eabi/lib/thumb/v6-m/crt0.o
_system_divas_init                                src/ASF/sam0/drivers/system/system.o
_system_dummy_init                                src/ASF/sam0/drivers/system/system.o
_system_events_init                               src/ASF/sam0/drivers/events/events_sam_l_c/events.o
_system_extint_init                               src/ASF/sam0/drivers/system/system.o
_szero                                            src/ASF/sam0/utils/cmsis/saml21/source/gcc/startup_saml21.o
adc_abort_job                                     src/ASF/sam0/drivers/adc/adc_sam_l_c/adc_callback.o
adc_get_config_defaults                           src/ASF/sam0/drivers/adc/adc_sam_l_c/adc.o
                                                  src/vcc_monitor.o
adc_get_job_status                                src/ASF/sam0/drivers/adc/adc_sam_l_c/adc_callback.o
adc_init                                          src/ASF/sam0/drivers/adc/adc_sam_l_c/adc.o
                                                  src/vcc_monitor.o
adc_read_buffer_job                               src/ASF/sam0/drivers/adc/adc_sam_l_c/adc_callback.o
adc_register_callback                             src/ASF/sam0/drivers/adc/adc_sam_l_c/adc_callback.o
                                                  src/vcc_monitor.o
adc_set_window_mode                               src/ASF/sam0/drivers/adc/adc_sam_l_c/adc.o
adc_unregister_callback                           src/ASF/sam0/drivers/adc/adc_sam_l_c/adc_callback.o
atexit                                            c:/program files (x86)/atmel/studio/7.0/toolchain/arm/arm-gnu-toolchain/bin/../lib/gcc/arm-none-eabi/6.3.1/../../../../arm-none-eabi/lib/thumb/v6-m/crt0.o
board_init                                        src/ASF/sam0/boards/saml21_xplained_pro_b/board_init.o
cpu_irq_enter_critical                            src/ASF/common/utils/interrupt/interrupt_sam_nvic.o
                                                  src/ASF/sam0/drivers/system/clock/clock_saml21/gclk.o
                                                  src/ASF/sam0/drivers/events/events_sam_l_c/events.o
cpu_irq_leave_critical                            src/ASF/common/utils/interrupt/interrupt_sam_nvic.o
                                                  src/ASF/sam0/drivers/system/clock/clock_saml21/gclk.o
                                                  src/ASF/sam0/drivers/events/events_sam_l_c/events.o
delay_cycles_ms                                   src/ASF/common2/services/delay/sam0/systick_counter.o
                                                  src/vcc_monitor.o
delay_cycles_us                                   src/ASF/common2/services/delay/sam0/systick_counter.o
delay_init                                        src/ASF/common2/services/delay/sam0/systick_counter.o
                                                  src/vcc_monitor.o
events_ack_interrupt                              src/ASF/sam0/drivers/events/events_hooks.o
events_add_hook                                   src/ASF/sam0/drivers/events/events_hooks.o
events_allocate                                   src/ASF/sam0/drivers/events/events_sam_l_c/events.o
                                                  src/vcc_monitor.o
events_attach_user                                src/ASF/sam0/drivers/events/events_sam_l_c/events.o
                                                  src/vcc_monitor.o
events_create_hook                                src/ASF/sam0/drivers/events/events_hooks.o
events_del_hook                                   src/ASF/sam0/drivers/events/events_hooks.o
events_detach_user                                src/ASF/sam0/drivers/events/events_sam_l_c/events.o
events_disable_interrupt_source                   src/ASF/sam0/drivers/events/events_hooks.o
events_enable_interrupt_source                    src/ASF/sam0/drivers/events/events_hooks.o
events_get_config_defaults                        src/ASF/sam0/drivers/events/events_sam_l_c/events.o
                                                  src/vcc_monitor.o
events_get_free_channels                          src/ASF/sam0/drivers/events/events_sam_l_c/events.o
events_is_busy                                    src/ASF/sam0/drivers/events/events_sam_l_c/events.o
events_is_detected                                src/ASF/sam0/drivers/events/events_sam_l_c/events.o
events_is_interrupt_set                           src/ASF/sam0/drivers/events/events_hooks.o
events_is_overrun                                 src/ASF/sam0/drivers/events/events_sam_l_c/events.o
events_is_users_ready                             src/ASF/sam0/drivers/events/events_sam_l_c/events.o
events_release                                    src/ASF/sam0/drivers/events/events_sam_l_c/events.o
events_trigger                                    src/ASF/sam0/drivers/events/events_sam_l_c/events.o
exception_table                                   src/ASF/sam0/utils/cmsis/saml21/source/gcc/startup_saml21.o
exit                                              c:/program files (x86)/atmel/studio/7.0/toolchain/arm/arm-gnu-toolchain/bin/../lib/gcc/arm-none-eabi/6.3.1/../../../../arm-none-eabi/lib/thumb/v6-m\libc_nano.a(lib_a-exit.o)
                                                  c:/program files (x86)/atmel/studio/7.0/toolchain/arm/arm-gnu-toolchain/bin/../lib/gcc/arm-none-eabi/6.3.1/../../../../arm-none-eabi/lib/thumb/v6-m/crt0.o
g_interrupt_enabled                               src/ASF/common/utils/interrupt/interrupt_sam_nvic.o
                                                  src/vcc_monitor.o
hardware_init_hook                                c:/program files (x86)/atmel/studio/7.0/toolchain/arm/arm-gnu-toolchain/bin/../lib/gcc/arm-none-eabi/6.3.1/../../../../arm-none-eabi/lib/thumb/v6-m/crt0.o
link                                              src/ASF/sam0/utils/syscalls/gcc/syscalls.o
low_voltage                                       src/vcc_monitor.o
main                                              src/vcc_monitor.o
                                                  src/ASF/sam0/utils/cmsis/saml21/source/gcc/startup_saml21.o
                                                  c:/program files (x86)/atmel/studio/7.0/toolchain/arm/arm-gnu-toolchain/bin/../lib/gcc/arm-none-eabi/6.3.1/../../../../arm-none-eabi/lib/thumb/v6-m/crt0.o
memcpy                                            c:/program files (x86)/atmel/studio/7.0/toolchain/arm/arm-gnu-toolchain/bin/../lib/gcc/arm-none-eabi/6.3.1/../../../../arm-none-eabi/lib/thumb/v6-m\libc_nano.a(lib_a-memcpy-stub.o)
                                                  src/ASF/sam0/drivers/adc/adc_sam_l_c/adc.o
memset                                            c:/program files (x86)/atmel/studio/7.0/toolchain/arm/arm-gnu-toolchain/bin/../lib/gcc/arm-none-eabi/6.3.1/../../../../arm-none-eabi/lib/thumb/v6-m\libc_nano.a(lib_a-memset.o)
                                                  c:/program files (x86)/atmel/studio/7.0/toolchain/arm/arm-gnu-toolchain/bin/../lib/gcc/arm-none-eabi/6.3.1/../../../../arm-none-eabi/lib/thumb/v6-m/crt0.o
module_inst                                       src/vcc_monitor.o
port_group_set_config                             src/ASF/sam0/drivers/port/port.o
port_pin_set_config                               src/ASF/sam0/drivers/port/port.o
                                                  src/ASF/sam0/boards/saml21_xplained_pro_b/board_init.o
rtc_count_clear_compare_match                     src/ASF/sam0/drivers/rtc/rtc_sam_l_c/rtc_count.o
rtc_count_disable                                 src/ASF/sam0/drivers/rtc/rtc_sam_l_c/rtc_count.o
rtc_count_enable                                  src/ASF/sam0/drivers/rtc/rtc_sam_l_c/rtc_count.o
                                                  src/vcc_monitor.o
rtc_count_frequency_correction                    src/ASF/sam0/drivers/rtc/rtc_sam_l_c/rtc_count.o
rtc_count_get_compare                             src/ASF/sam0/drivers/rtc/rtc_sam_l_c/rtc_count.o
rtc_count_get_count                               src/ASF/sam0/drivers/rtc/rtc_sam_l_c/rtc_count.o
rtc_count_get_period                              src/ASF/sam0/drivers/rtc/rtc_sam_l_c/rtc_count.o
rtc_count_init                                    src/ASF/sam0/drivers/rtc/rtc_sam_l_c/rtc_count.o
                                                  src/vcc_monitor.o
rtc_count_is_compare_match                        src/ASF/sam0/drivers/rtc/rtc_sam_l_c/rtc_count.o
rtc_count_reset                                   src/ASF/sam0/drivers/rtc/rtc_sam_l_c/rtc_count.o
rtc_count_set_compare                             src/ASF/sam0/drivers/rtc/rtc_sam_l_c/rtc_count.o
rtc_count_set_count                               src/ASF/sam0/drivers/rtc/rtc_sam_l_c/rtc_count.o
rtc_count_set_period                              src/ASF/sam0/drivers/rtc/rtc_sam_l_c/rtc_count.o
rtc_instance                                      src/vcc_monitor.o
software_init_hook                                c:/program files (x86)/atmel/studio/7.0/toolchain/arm/arm-gnu-toolchain/bin/../lib/gcc/arm-none-eabi/6.3.1/../../../../arm-none-eabi/lib/thumb/v6-m/crt0.o
system_board_init                                 src/ASF/sam0/boards/saml21_xplained_pro_b/board_init.o
system_clock_init                                 src/ASF/sam0/drivers/system/clock/clock_saml21/clock.o
system_clock_source_dfll_set_config               src/ASF/sam0/drivers/system/clock/clock_saml21/clock.o
system_clock_source_disable                       src/ASF/sam0/drivers/system/clock/clock_saml21/clock.o
system_clock_source_dpll_set_config               src/ASF/sam0/drivers/system/clock/clock_saml21/clock.o
system_clock_source_enable                        src/ASF/sam0/drivers/system/clock/clock_saml21/clock.o
system_clock_source_get_hz                        src/ASF/sam0/drivers/system/clock/clock_saml21/clock.o
                                                  src/ASF/sam0/drivers/system/clock/clock_saml21/gclk.o
system_clock_source_is_ready                      src/ASF/sam0/drivers/system/clock/clock_saml21/clock.o
system_clock_source_osc16m_set_config             src/ASF/sam0/drivers/system/clock/clock_saml21/clock.o
system_clock_source_osc32k_set_config             src/ASF/sam0/drivers/system/clock/clock_saml21/clock.o
system_clock_source_osculp32k_set_config          src/ASF/sam0/drivers/system/clock/clock_saml21/clock.o
system_clock_source_write_calibration             src/ASF/sam0/drivers/system/clock/clock_saml21/clock.o
system_clock_source_xosc32k_set_config            src/ASF/sam0/drivers/system/clock/clock_saml21/clock.o
system_clock_source_xosc_set_config               src/ASF/sam0/drivers/system/clock/clock_saml21/clock.o
system_gclk_chan_disable                          src/ASF/sam0/drivers/system/clock/clock_saml21/gclk.o
system_gclk_chan_enable                           src/ASF/sam0/drivers/system/clock/clock_saml21/gclk.o
                                                  src/ASF/sam0/drivers/events/events_sam_l_c/events.o
                                                  src/ASF/sam0/drivers/adc/adc_sam_l_c/adc.o
system_gclk_chan_get_hz                           src/ASF/sam0/drivers/system/clock/clock_saml21/gclk.o
                                                  src/ASF/sam0/drivers/system/clock/clock_saml21/clock.o
system_gclk_chan_is_enabled                       src/ASF/sam0/drivers/system/clock/clock_saml21/gclk.o
system_gclk_chan_is_locked                        src/ASF/sam0/drivers/system/clock/clock_saml21/gclk.o
system_gclk_chan_lock                             src/ASF/sam0/drivers/system/clock/clock_saml21/gclk.o
system_gclk_chan_set_config                       src/ASF/sam0/drivers/system/clock/clock_saml21/gclk.o
                                                  src/ASF/sam0/drivers/events/events_sam_l_c/events.o
                                                  src/ASF/sam0/drivers/adc/adc_sam_l_c/adc.o
system_gclk_gen_disable                           src/ASF/sam0/drivers/system/clock/clock_saml21/gclk.o
system_gclk_gen_enable                            src/ASF/sam0/drivers/system/clock/clock_saml21/gclk.o
                                                  src/ASF/sam0/drivers/system/clock/clock_saml21/clock.o
system_gclk_gen_get_hz                            src/ASF/sam0/drivers/system/clock/clock_saml21/gclk.o
                                                  src/ASF/sam0/drivers/system/clock/clock_saml21/clock.o
                                                  src/ASF/common2/services/delay/sam0/systick_counter.o
system_gclk_gen_is_enabled                        src/ASF/sam0/drivers/system/clock/clock_saml21/gclk.o
system_gclk_gen_set_config                        src/ASF/sam0/drivers/system/clock/clock_saml21/gclk.o
                                                  src/ASF/sam0/drivers/system/clock/clock_saml21/clock.o
system_gclk_init                                  src/ASF/sam0/drivers/system/clock/clock_saml21/gclk.o
                                                  src/ASF/sam0/drivers/system/clock/clock_saml21/clock.o
system_init                                       src/ASF/sam0/drivers/system/system.o
                                                  src/vcc_monitor.o
system_interrupt_clear_pending                    src/ASF/sam0/drivers/system/interrupt/system_interrupt.o
system_interrupt_get_priority                     src/ASF/sam0/drivers/system/interrupt/system_interrupt.o
system_interrupt_is_pending                       src/ASF/sam0/drivers/system/interrupt/system_interrupt.o
system_interrupt_set_pending                      src/ASF/sam0/drivers/system/interrupt/system_interrupt.o
system_interrupt_set_priority                     src/ASF/sam0/drivers/system/interrupt/system_interrupt.o
system_pinmux_group_set_config                    src/ASF/sam0/drivers/system/pinmux/pinmux.o
                                                  src/ASF/sam0/drivers/port/port.o
system_pinmux_group_set_input_sample_mode         src/ASF/sam0/drivers/system/pinmux/pinmux.o
system_pinmux_group_set_output_strength           src/ASF/sam0/drivers/system/pinmux/pinmux.o
system_pinmux_pin_set_config                      src/ASF/sam0/drivers/system/pinmux/pinmux.o
                                                  src/ASF/sam0/drivers/port/port.o
                                                  src/ASF/sam0/drivers/adc/adc_sam_l_c/adc.o
