Archive member included to satisfy reference by file (symbol)

c:/program files (x86)/atmel/studio/7.0/toolchain/arm/arm-gnu-toolchain/bin/../lib/gcc/arm-none-eabi/6.3.1/thumb/v6-m\libgcc.a(_thumb1_case_uqi.o)
                              src/ASF/sam0/drivers/system/clock/clock_saml21/clock.o (__gnu_thumb1_case_uqi)
c:/program files (x86)/atmel/studio/7.0/toolchain/arm/arm-gnu-toolchain/bin/../lib/gcc/arm-none-eabi/6.3.1/thumb/v6-m\libgcc.a(_udivsi3.o)
                              src/ASF/common2/services/delay/sam0/systick_counter.o (__aeabi_uidiv)
c:/program files (x86)/atmel/studio/7.0/toolchain/arm/arm-gnu-toolchain/bin/../lib/gcc/arm-none-eabi/6.3.1/thumb/v6-m\libgcc.a(_dvmd_tls.o)
                              c:/program files (x86)/atmel/studio/7.0/toolchain/arm/arm-gnu-toolchain/bin/../lib/gcc/arm-none-eabi/6.3.1/thumb/v6-m\libgcc.a(_udivsi3.o) (__aeabi_idiv0)
c:/program files (x86)/atmel/studio/7.0/toolchain/arm/arm-gnu-toolchain/bin/../lib/gcc/arm-none-eabi/6.3.1/../../../../arm-none-eabi/lib/thumb/v6-m\libc_nano.a(lib_a-exit.o)
                              c:/program files (x86)/atmel/studio/7.0/toolchain/arm/arm-gnu-toolchain/bin/../lib/gcc/arm-none-eabi/6.3.1/../../../../arm-none-eabi/lib/thumb/v6-m/crt0.o (exit)
c:/program files (x86)/atmel/studio/7.0/toolchain/arm/arm-gnu-toolchain/bin/../lib/gcc/arm-none-eabi/6.3.1/../../../../arm-none-eabi/lib/thumb/v6-m\libc_nano.a(lib_a-impure.o)
                              c:/program files (x86)/atmel/studio/7.0/toolchain/arm/arm-gnu-toolchain/bin/../lib/gcc/arm-none-eabi/6.3.1/../../../../arm-none-eabi/lib/thumb/v6-m\libc_nano.a(lib_a-exit.o) (_global_impure_ptr)
c:/program files (x86)/atmel/studio/7.0/toolchain/arm/arm-gnu-toolchain/bin/../lib/gcc/arm-none-eabi/6.3.1/../../../../arm-none-eabi/lib/thumb/v6-m\libc_nano.a(lib_a-init.o)
                              c:/program files (x86)/atmel/studio/7.0/toolchain/arm/arm-gnu-toolchain/bin/../lib/gcc/arm-none-eabi/6.3.1/../../../../arm-none-eabi/lib/thumb/v6-m/crt0.o (__libc_init_array)
c:/program files (x86)/atmel/studio/7.0/toolchain/arm/arm-gnu-toolchain/bin/../lib/gcc/arm-none-eabi/6.3.1/../../../../arm-none-eabi/lib/thumb/v6-m\libc_nano.a(lib_a-memset.o)
                              c:/program files (x86)/atmel/studio/7.0/toolchain/arm/arm-gnu-toolchain/bin/../lib/gcc/arm-none-eabi/6.3.1/../../../../arm-none-eabi/lib/thumb/v6-m/crt0.o (memset)

Allocating common symbols
Common symbol       size              file

dac_instance        0x8               main.o

Discarded input sections

 .text          0x00000000        0x0 c:/program files (x86)/atmel/studio/7.0/toolchain/arm/arm-gnu-toolchain/bin/../lib/gcc/arm-none-eabi/6.3.1/thumb/v6-m/crti.o
 .data          0x00000000        0x0 c:/program files (x86)/atmel/studio/7.0/toolchain/arm/arm-gnu-toolchain/bin/../lib/gcc/arm-none-eabi/6.3.1/thumb/v6-m/crti.o
 .bss           0x00000000        0x0 c:/program files (x86)/atmel/studio/7.0/toolchain/arm/arm-gnu-toolchain/bin/../lib/gcc/arm-none-eabi/6.3.1/thumb/v6-m/crti.o
 .data          0x00000000        0x4 c:/program files (x86)/atmel/studio/7.0/toolchain/arm/arm-gnu-toolchain/bin/../lib/gcc/arm-none-eabi/6.3.1/thumb/v6-m/crtbegin.o
 .text          0x00000000       0x78 c:/program files (x86)/atmel/studio/7.0/toolchain/arm/arm-gnu-toolchain/bin/../lib/gcc/arm-none-eabi/6.3.1/../../../../arm-none-eabi/lib/thumb/v6-m/crt0.o
 .data          0x00000000        0x0 c:/program files (x86)/atmel/studio/7.0/toolchain/arm/arm-gnu-toolchain/bin/../lib/gcc/arm-none-eabi/6.3.1/../../../../arm-none-eabi/lib/thumb/v6-m/crt0.o
 .bss           0x00000000        0x0 c:/program files (x86)/atmel/studio/7.0/toolchain/arm/arm-gnu-toolchain/bin/../lib/gcc/arm-none-eabi/6.3.1/../../../../arm-none-eabi/lib/thumb/v6-m/crt0.o
 .ARM.extab     0x00000000        0x0 c:/program files (x86)/atmel/studio/7.0/toolchain/arm/arm-gnu-toolchain/bin/../lib/gcc/arm-none-eabi/6.3.1/../../../../arm-none-eabi/lib/thumb/v6-m/crt0.o
 .ARM.exidx     0x00000000        0x8 c:/program files (x86)/atmel/studio/7.0/toolchain/arm/arm-gnu-toolchain/bin/../lib/gcc/arm-none-eabi/6.3.1/../../../../arm-none-eabi/lib/thumb/v6-m/crt0.o
 .ARM.attributes
                0x00000000       0x1b c:/program files (x86)/atmel/studio/7.0/toolchain/arm/arm-gnu-toolchain/bin/../lib/gcc/arm-none-eabi/6.3.1/../../../../arm-none-eabi/lib/thumb/v6-m/crt0.o
 .text          0x00000000        0x0 main.o
 .data          0x00000000        0x0 main.o
 .bss           0x00000000        0x0 main.o
 .bss.cpu_irq_critical_section_counter
                0x00000000        0x4 main.o
 .bss.cpu_irq_prev_interrupt_state
                0x00000000        0x1 main.o
 COMMON         0x00000000        0x8 main.o
 .text          0x00000000        0x0 src/ASF/common2/boards/user_board/init.o
 .data          0x00000000        0x0 src/ASF/common2/boards/user_board/init.o
 .bss           0x00000000        0x0 src/ASF/common2/boards/user_board/init.o
 .text.system_board_init
                0x00000000        0x2 src/ASF/common2/boards/user_board/init.o
 .bss.cpu_irq_critical_section_counter
                0x00000000        0x4 src/ASF/common2/boards/user_board/init.o
 .bss.cpu_irq_prev_interrupt_state
                0x00000000        0x1 src/ASF/common2/boards/user_board/init.o
 .comment       0x00000000       0x5a src/ASF/common2/boards/user_board/init.o
 .ARM.attributes
                0x00000000       0x32 src/ASF/common2/boards/user_board/init.o
 .text          0x00000000        0x0 src/ASF/common2/services/delay/sam0/systick_counter.o
 .data          0x00000000        0x0 src/ASF/common2/services/delay/sam0/systick_counter.o
 .bss           0x00000000        0x0 src/ASF/common2/services/delay/sam0/systick_counter.o
 .text.delay_init
                0x00000000       0x40 src/ASF/common2/services/delay/sam0/systick_counter.o
 .text.delay_cycles_us
                0x00000000       0x2c src/ASF/common2/services/delay/sam0/systick_counter.o
 .text.delay_cycles_ms
                0x00000000       0x2c src/ASF/common2/services/delay/sam0/systick_counter.o
 .bss.cpu_irq_critical_section_counter
                0x00000000        0x4 src/ASF/common2/services/delay/sam0/systick_counter.o
 .bss.cpu_irq_prev_interrupt_state
                0x00000000        0x1 src/ASF/common2/services/delay/sam0/systick_counter.o
 .data.cycles_per_ms
                0x00000000        0x4 src/ASF/common2/services/delay/sam0/systick_counter.o
 .data.cycles_per_us
                0x00000000        0x4 src/ASF/common2/services/delay/sam0/systick_counter.o
 .comment       0x00000000       0x5a src/ASF/common2/services/delay/sam0/systick_counter.o
 .ARM.attributes
                0x00000000       0x32 src/ASF/common2/services/delay/sam0/systick_counter.o
 .text          0x00000000        0x0 src/ASF/common/utils/interrupt/interrupt_sam_nvic.o
 .data          0x00000000        0x0 src/ASF/common/utils/interrupt/interrupt_sam_nvic.o
 .bss           0x00000000        0x0 src/ASF/common/utils/interrupt/interrupt_sam_nvic.o
 .text.cpu_irq_enter_critical
                0x00000000       0x34 src/ASF/common/utils/interrupt/interrupt_sam_nvic.o
 .text.cpu_irq_leave_critical
                0x00000000       0x30 src/ASF/common/utils/interrupt/interrupt_sam_nvic.o
 .bss.cpu_irq_critical_section_counter
                0x00000000        0x4 src/ASF/common/utils/interrupt/interrupt_sam_nvic.o
 .bss.cpu_irq_prev_interrupt_state
                0x00000000        0x1 src/ASF/common/utils/interrupt/interrupt_sam_nvic.o
 .data.g_interrupt_enabled
                0x00000000        0x1 src/ASF/common/utils/interrupt/interrupt_sam_nvic.o
 .comment       0x00000000       0x5a src/ASF/common/utils/interrupt/interrupt_sam_nvic.o
 .ARM.attributes
                0x00000000       0x32 src/ASF/common/utils/interrupt/interrupt_sam_nvic.o
 .text          0x00000000        0x0 src/ASF/sam0/drivers/dac/dac_sam_l/dac.o
 .data          0x00000000        0x0 src/ASF/sam0/drivers/dac/dac_sam_l/dac.o
 .bss           0x00000000        0x0 src/ASF/sam0/drivers/dac/dac_sam_l/dac.o
 .text.dac_is_syncing
                0x00000000        0xc src/ASF/sam0/drivers/dac/dac_sam_l/dac.o
 .text.dac_get_config_defaults
                0x00000000        0xc src/ASF/sam0/drivers/dac/dac_sam_l/dac.o
 .text.dac_init
                0x00000000       0x5c src/ASF/sam0/drivers/dac/dac_sam_l/dac.o
 .text.dac_reset
                0x00000000       0x20 src/ASF/sam0/drivers/dac/dac_sam_l/dac.o
 .text.dac_enable
                0x00000000       0x50 src/ASF/sam0/drivers/dac/dac_sam_l/dac.o
 .text.dac_disable
                0x00000000       0x24 src/ASF/sam0/drivers/dac/dac_sam_l/dac.o
 .text.dac_enable_events
                0x00000000       0x4e src/ASF/sam0/drivers/dac/dac_sam_l/dac.o
 .text.dac_disable_events
                0x00000000       0x3a src/ASF/sam0/drivers/dac/dac_sam_l/dac.o
 .text.dac_chan_get_config_defaults
                0x00000000       0x12 src/ASF/sam0/drivers/dac/dac_sam_l/dac.o
 .text.dac_chan_set_config
                0x00000000       0x64 src/ASF/sam0/drivers/dac/dac_sam_l/dac.o
 .text.dac_chan_enable
                0x00000000       0x10 src/ASF/sam0/drivers/dac/dac_sam_l/dac.o
 .text.dac_chan_disable
                0x00000000       0x10 src/ASF/sam0/drivers/dac/dac_sam_l/dac.o
 .text.dac_chan_write
                0x00000000       0x30 src/ASF/sam0/drivers/dac/dac_sam_l/dac.o
 .text.dac_chan_write_buffer_wait
                0x00000000       0x80 src/ASF/sam0/drivers/dac/dac_sam_l/dac.o
 .text.dac_chan_is_end_of_conversion
                0x00000000       0x16 src/ASF/sam0/drivers/dac/dac_sam_l/dac.o
 .text.dac_get_status
                0x00000000       0x26 src/ASF/sam0/drivers/dac/dac_sam_l/dac.o
 .text.dac_clear_status
                0x00000000       0x26 src/ASF/sam0/drivers/dac/dac_sam_l/dac.o
 .bss.cpu_irq_critical_section_counter
                0x00000000        0x4 src/ASF/sam0/drivers/dac/dac_sam_l/dac.o
 .bss.cpu_irq_prev_interrupt_state
                0x00000000        0x1 src/ASF/sam0/drivers/dac/dac_sam_l/dac.o
 .comment       0x00000000       0x5a src/ASF/sam0/drivers/dac/dac_sam_l/dac.o
 .ARM.attributes
                0x00000000       0x32 src/ASF/sam0/drivers/dac/dac_sam_l/dac.o
 .text          0x00000000        0x0 src/ASF/sam0/drivers/system/clock/clock_saml21/clock.o
 .data          0x00000000        0x0 src/ASF/sam0/drivers/system/clock/clock_saml21/clock.o
 .bss           0x00000000        0x0 src/ASF/sam0/drivers/system/clock/clock_saml21/clock.o
 .text._system_dfll_wait_for_sync
                0x00000000       0x14 src/ASF/sam0/drivers/system/clock/clock_saml21/clock.o
 .text.system_switch_performance_level
                0x00000000       0x28 src/ASF/sam0/drivers/system/clock/clock_saml21/clock.o
 .text.system_clock_source_get_hz
                0x00000000       0x8c src/ASF/sam0/drivers/system/clock/clock_saml21/clock.o
 .text.system_clock_source_osc16m_set_config
                0x00000000       0x34 src/ASF/sam0/drivers/system/clock/clock_saml21/clock.o
 .text.system_clock_source_osc32k_set_config
                0x00000000       0x70 src/ASF/sam0/drivers/system/clock/clock_saml21/clock.o
 .text.system_clock_source_osculp32k_set_config
                0x00000000       0x20 src/ASF/sam0/drivers/system/clock/clock_saml21/clock.o
 .text.system_clock_source_xosc_set_config
                0x00000000       0xc4 src/ASF/sam0/drivers/system/clock/clock_saml21/clock.o
 .text.system_clock_source_xosc32k_set_config
                0x00000000       0x8c src/ASF/sam0/drivers/system/clock/clock_saml21/clock.o
 .text.system_clock_source_dfll_set_config
                0x00000000       0x80 src/ASF/sam0/drivers/system/clock/clock_saml21/clock.o
 .text.system_clock_source_dpll_set_config
                0x00000000       0xd0 src/ASF/sam0/drivers/system/clock/clock_saml21/clock.o
 .text.system_clock_source_write_calibration
                0x00000000       0x5c src/ASF/sam0/drivers/system/clock/clock_saml21/clock.o
 .text.system_clock_source_enable
                0x00000000       0xa4 src/ASF/sam0/drivers/system/clock/clock_saml21/clock.o
 .text.system_clock_source_disable
                0x00000000       0x7c src/ASF/sam0/drivers/system/clock/clock_saml21/clock.o
 .text.system_clock_source_is_ready
                0x00000000       0x64 src/ASF/sam0/drivers/system/clock/clock_saml21/clock.o
 .text.system_clock_init
                0x00000000       0xa4 src/ASF/sam0/drivers/system/clock/clock_saml21/clock.o
 .bss._system_clock_inst
                0x00000000       0x18 src/ASF/sam0/drivers/system/clock/clock_saml21/clock.o
 .bss.cpu_irq_critical_section_counter
                0x00000000        0x4 src/ASF/sam0/drivers/system/clock/clock_saml21/clock.o
 .bss.cpu_irq_prev_interrupt_state
                0x00000000        0x1 src/ASF/sam0/drivers/system/clock/clock_saml21/clock.o
 .comment       0x00000000       0x5a src/ASF/sam0/drivers/system/clock/clock_saml21/clock.o
 .ARM.attributes
                0x00000000       0x32 src/ASF/sam0/drivers/system/clock/clock_saml21/clock.o
 .text          0x00000000        0x0 src/ASF/sam0/drivers/system/clock/clock_saml21/gclk.o
 .data          0x00000000        0x0 src/ASF/sam0/drivers/system/clock/clock_saml21/gclk.o
 .bss           0x00000000        0x0 src/ASF/sam0/drivers/system/clock/clock_saml21/gclk.o
 .text.system_gclk_is_syncing
                0x00000000       0x20 src/ASF/sam0/drivers/system/clock/clock_saml21/gclk.o
 .text.system_gclk_init
                0x00000000       0x20 src/ASF/sam0/drivers/system/clock/clock_saml21/gclk.o
 .text.system_gclk_gen_set_config
                0x00000000       0x98 src/ASF/sam0/drivers/system/clock/clock_saml21/gclk.o
 .text.system_gclk_gen_enable
                0x00000000       0x38 src/ASF/sam0/drivers/system/clock/clock_saml21/gclk.o
 .text.system_gclk_gen_disable
                0x00000000       0x44 src/ASF/sam0/drivers/system/clock/clock_saml21/gclk.o
 .text.system_gclk_gen_is_enabled
                0x00000000       0x28 src/ASF/sam0/drivers/system/clock/clock_saml21/gclk.o
 .text.system_gclk_gen_get_hz
                0x00000000       0x68 src/ASF/sam0/drivers/system/clock/clock_saml21/gclk.o
 .text.system_gclk_chan_enable
                0x00000000       0x30 src/ASF/sam0/drivers/system/clock/clock_saml21/gclk.o
 .text.system_gclk_chan_disable
                0x00000000       0x30 src/ASF/sam0/drivers/system/clock/clock_saml21/gclk.o
 .text.system_gclk_chan_set_config
                0x00000000       0x24 src/ASF/sam0/drivers/system/clock/clock_saml21/gclk.o
 .text.system_gclk_chan_is_enabled
                0x00000000       0x28 src/ASF/sam0/drivers/system/clock/clock_saml21/gclk.o
 .text.system_gclk_chan_lock
                0x00000000       0x28 src/ASF/sam0/drivers/system/clock/clock_saml21/gclk.o
 .text.system_gclk_chan_is_locked
                0x00000000       0x28 src/ASF/sam0/drivers/system/clock/clock_saml21/gclk.o
 .text.system_gclk_chan_get_hz
                0x00000000       0x30 src/ASF/sam0/drivers/system/clock/clock_saml21/gclk.o
 .bss.cpu_irq_critical_section_counter
                0x00000000        0x4 src/ASF/sam0/drivers/system/clock/clock_saml21/gclk.o
 .bss.cpu_irq_prev_interrupt_state
                0x00000000        0x1 src/ASF/sam0/drivers/system/clock/clock_saml21/gclk.o
 .comment       0x00000000       0x5a src/ASF/sam0/drivers/system/clock/clock_saml21/gclk.o
 .ARM.attributes
                0x00000000       0x32 src/ASF/sam0/drivers/system/clock/clock_saml21/gclk.o
 .text          0x00000000        0x0 src/ASF/sam0/drivers/system/interrupt/system_interrupt.o
 .data          0x00000000        0x0 src/ASF/sam0/drivers/system/interrupt/system_interrupt.o
 .bss           0x00000000        0x0 src/ASF/sam0/drivers/system/interrupt/system_interrupt.o
 .text.system_interrupt_is_pending
                0x00000000       0x30 src/ASF/sam0/drivers/system/interrupt/system_interrupt.o
 .text.system_interrupt_set_pending
                0x00000000       0x38 src/ASF/sam0/drivers/system/interrupt/system_interrupt.o
 .text.system_interrupt_clear_pending
                0x00000000       0x30 src/ASF/sam0/drivers/system/interrupt/system_interrupt.o
 .text.system_interrupt_set_priority
                0x00000000       0x44 src/ASF/sam0/drivers/system/interrupt/system_interrupt.o
 .text.system_interrupt_get_priority
                0x00000000       0x34 src/ASF/sam0/drivers/system/interrupt/system_interrupt.o
 .bss.cpu_irq_critical_section_counter
                0x00000000        0x4 src/ASF/sam0/drivers/system/interrupt/system_interrupt.o
 .bss.cpu_irq_prev_interrupt_state
                0x00000000        0x1 src/ASF/sam0/drivers/system/interrupt/system_interrupt.o
 .comment       0x00000000       0x5a src/ASF/sam0/drivers/system/interrupt/system_interrupt.o
 .ARM.attributes
                0x00000000       0x32 src/ASF/sam0/drivers/system/interrupt/system_interrupt.o
 .text          0x00000000        0x0 src/ASF/sam0/drivers/system/pinmux/pinmux.o
 .data          0x00000000        0x0 src/ASF/sam0/drivers/system/pinmux/pinmux.o
 .bss           0x00000000        0x0 src/ASF/sam0/drivers/system/pinmux/pinmux.o
 .text._system_pinmux_config
                0x00000000       0x84 src/ASF/sam0/drivers/system/pinmux/pinmux.o
 .text.system_pinmux_pin_set_config
                0x00000000       0x2c src/ASF/sam0/drivers/system/pinmux/pinmux.o
 .text.system_pinmux_group_set_config
                0x00000000       0x2c src/ASF/sam0/drivers/system/pinmux/pinmux.o
 .text.system_pinmux_group_set_input_sample_mode
                0x00000000       0x12 src/ASF/sam0/drivers/system/pinmux/pinmux.o
 .text.system_pinmux_group_set_output_strength
                0x00000000       0x2a src/ASF/sam0/drivers/system/pinmux/pinmux.o
 .bss.cpu_irq_critical_section_counter
                0x00000000        0x4 src/ASF/sam0/drivers/system/pinmux/pinmux.o
 .bss.cpu_irq_prev_interrupt_state
                0x00000000        0x1 src/ASF/sam0/drivers/system/pinmux/pinmux.o
 .comment       0x00000000       0x5a src/ASF/sam0/drivers/system/pinmux/pinmux.o
 .ARM.attributes
                0x00000000       0x32 src/ASF/sam0/drivers/system/pinmux/pinmux.o
 .text          0x00000000        0x0 src/ASF/sam0/drivers/system/system.o
 .data          0x00000000        0x0 src/ASF/sam0/drivers/system/system.o
 .bss           0x00000000        0x0 src/ASF/sam0/drivers/system/system.o
 .text._system_dummy_init
                0x00000000        0x2 src/ASF/sam0/drivers/system/system.o
 .text.system_init
                0x00000000       0x2c src/ASF/sam0/drivers/system/system.o
 .bss.cpu_irq_critical_section_counter
                0x00000000        0x4 src/ASF/sam0/drivers/system/system.o
 .bss.cpu_irq_prev_interrupt_state
                0x00000000        0x1 src/ASF/sam0/drivers/system/system.o
 .comment       0x00000000       0x5a src/ASF/sam0/drivers/system/system.o
 .ARM.attributes
                0x00000000       0x32 src/ASF/sam0/drivers/system/system.o
 .text          0x00000000        0x0 src/ASF/sam0/utils/cmsis/saml21/source/gcc/startup_saml21.o
 .data          0x00000000        0x0 src/ASF/sam0/utils/cmsis/saml21/source/gcc/startup_saml21.o
 .bss           0x00000000        0x0 src/ASF/sam0/utils/cmsis/saml21/source/gcc/startup_saml21.o
 .text          0x00000000        0x0 src/ASF/sam0/utils/cmsis/saml21/source/system_saml21.o
 .data          0x00000000        0x0 src/ASF/sam0/utils/cmsis/saml21/source/system_saml21.o
 .bss           0x00000000        0x0 src/ASF/sam0/utils/cmsis/saml21/source/system_saml21.o
 .text.SystemCoreClockUpdate
                0x00000000       0x10 src/ASF/sam0/utils/cmsis/saml21/source/system_saml21.o
 .text          0x00000000        0x0 src/ASF/sam0/utils/syscalls/gcc/syscalls.o
 .data          0x00000000        0x0 src/ASF/sam0/utils/syscalls/gcc/syscalls.o
 .bss           0x00000000        0x0 src/ASF/sam0/utils/syscalls/gcc/syscalls.o
 .text._sbrk    0x00000000       0x20 src/ASF/sam0/utils/syscalls/gcc/syscalls.o
 .text.link     0x00000000        0x6 src/ASF/sam0/utils/syscalls/gcc/syscalls.o
 .text._close   0x00000000        0x6 src/ASF/sam0/utils/syscalls/gcc/syscalls.o
 .text._fstat   0x00000000        0xa src/ASF/sam0/utils/syscalls/gcc/syscalls.o
 .text._isatty  0x00000000        0x4 src/ASF/sam0/utils/syscalls/gcc/syscalls.o
 .text._lseek   0x00000000        0x4 src/ASF/sam0/utils/syscalls/gcc/syscalls.o
 .text._exit    0x00000000        0x4 src/ASF/sam0/utils/syscalls/gcc/syscalls.o
 .text._kill    0x00000000        0x2 src/ASF/sam0/utils/syscalls/gcc/syscalls.o
 .text._getpid  0x00000000        0x6 src/ASF/sam0/utils/syscalls/gcc/syscalls.o
 .bss.heap.5296
                0x00000000        0x4 src/ASF/sam0/utils/syscalls/gcc/syscalls.o
 .comment       0x00000000       0x5a src/ASF/sam0/utils/syscalls/gcc/syscalls.o
 .ARM.attributes
                0x00000000       0x32 src/ASF/sam0/utils/syscalls/gcc/syscalls.o
 .text          0x00000000       0x14 c:/program files (x86)/atmel/studio/7.0/toolchain/arm/arm-gnu-toolchain/bin/../lib/gcc/arm-none-eabi/6.3.1/thumb/v6-m\libgcc.a(_thumb1_case_uqi.o)
 .data          0x00000000        0x0 c:/program files (x86)/atmel/studio/7.0/toolchain/arm/arm-gnu-toolchain/bin/../lib/gcc/arm-none-eabi/6.3.1/thumb/v6-m\libgcc.a(_thumb1_case_uqi.o)
 .bss           0x00000000        0x0 c:/program files (x86)/atmel/studio/7.0/toolchain/arm/arm-gnu-toolchain/bin/../lib/gcc/arm-none-eabi/6.3.1/thumb/v6-m\libgcc.a(_thumb1_case_uqi.o)
 .ARM.attributes
                0x00000000       0x1e c:/program files (x86)/atmel/studio/7.0/toolchain/arm/arm-gnu-toolchain/bin/../lib/gcc/arm-none-eabi/6.3.1/thumb/v6-m\libgcc.a(_thumb1_case_uqi.o)
 .text          0x00000000      0x114 c:/program files (x86)/atmel/studio/7.0/toolchain/arm/arm-gnu-toolchain/bin/../lib/gcc/arm-none-eabi/6.3.1/thumb/v6-m\libgcc.a(_udivsi3.o)
 .data          0x00000000        0x0 c:/program files (x86)/atmel/studio/7.0/toolchain/arm/arm-gnu-toolchain/bin/../lib/gcc/arm-none-eabi/6.3.1/thumb/v6-m\libgcc.a(_udivsi3.o)
 .bss           0x00000000        0x0 c:/program files (x86)/atmel/studio/7.0/toolchain/arm/arm-gnu-toolchain/bin/../lib/gcc/arm-none-eabi/6.3.1/thumb/v6-m\libgcc.a(_udivsi3.o)
 .debug_frame   0x00000000       0x20 c:/program files (x86)/atmel/studio/7.0/toolchain/arm/arm-gnu-toolchain/bin/../lib/gcc/arm-none-eabi/6.3.1/thumb/v6-m\libgcc.a(_udivsi3.o)
 .ARM.attributes
                0x00000000       0x1e c:/program files (x86)/atmel/studio/7.0/toolchain/arm/arm-gnu-toolchain/bin/../lib/gcc/arm-none-eabi/6.3.1/thumb/v6-m\libgcc.a(_udivsi3.o)
 .text          0x00000000        0x4 c:/program files (x86)/atmel/studio/7.0/toolchain/arm/arm-gnu-toolchain/bin/../lib/gcc/arm-none-eabi/6.3.1/thumb/v6-m\libgcc.a(_dvmd_tls.o)
 .data          0x00000000        0x0 c:/program files (x86)/atmel/studio/7.0/toolchain/arm/arm-gnu-toolchain/bin/../lib/gcc/arm-none-eabi/6.3.1/thumb/v6-m\libgcc.a(_dvmd_tls.o)
 .bss           0x00000000        0x0 c:/program files (x86)/atmel/studio/7.0/toolchain/arm/arm-gnu-toolchain/bin/../lib/gcc/arm-none-eabi/6.3.1/thumb/v6-m\libgcc.a(_dvmd_tls.o)
 .ARM.attributes
                0x00000000       0x1e c:/program files (x86)/atmel/studio/7.0/toolchain/arm/arm-gnu-toolchain/bin/../lib/gcc/arm-none-eabi/6.3.1/thumb/v6-m\libgcc.a(_dvmd_tls.o)
 .text          0x00000000        0x0 c:/program files (x86)/atmel/studio/7.0/toolchain/arm/arm-gnu-toolchain/bin/../lib/gcc/arm-none-eabi/6.3.1/../../../../arm-none-eabi/lib/thumb/v6-m\libc_nano.a(lib_a-exit.o)
 .data          0x00000000        0x0 c:/program files (x86)/atmel/studio/7.0/toolchain/arm/arm-gnu-toolchain/bin/../lib/gcc/arm-none-eabi/6.3.1/../../../../arm-none-eabi/lib/thumb/v6-m\libc_nano.a(lib_a-exit.o)
 .bss           0x00000000        0x0 c:/program files (x86)/atmel/studio/7.0/toolchain/arm/arm-gnu-toolchain/bin/../lib/gcc/arm-none-eabi/6.3.1/../../../../arm-none-eabi/lib/thumb/v6-m\libc_nano.a(lib_a-exit.o)
 .text.exit     0x00000000       0x2c c:/program files (x86)/atmel/studio/7.0/toolchain/arm/arm-gnu-toolchain/bin/../lib/gcc/arm-none-eabi/6.3.1/../../../../arm-none-eabi/lib/thumb/v6-m\libc_nano.a(lib_a-exit.o)
 .debug_frame   0x00000000       0x28 c:/program files (x86)/atmel/studio/7.0/toolchain/arm/arm-gnu-toolchain/bin/../lib/gcc/arm-none-eabi/6.3.1/../../../../arm-none-eabi/lib/thumb/v6-m\libc_nano.a(lib_a-exit.o)
 .ARM.attributes
                0x00000000       0x2c c:/program files (x86)/atmel/studio/7.0/toolchain/arm/arm-gnu-toolchain/bin/../lib/gcc/arm-none-eabi/6.3.1/../../../../arm-none-eabi/lib/thumb/v6-m\libc_nano.a(lib_a-exit.o)
 .text          0x00000000        0x0 c:/program files (x86)/atmel/studio/7.0/toolchain/arm/arm-gnu-toolchain/bin/../lib/gcc/arm-none-eabi/6.3.1/../../../../arm-none-eabi/lib/thumb/v6-m\libc_nano.a(lib_a-impure.o)
 .data          0x00000000        0x0 c:/program files (x86)/atmel/studio/7.0/toolchain/arm/arm-gnu-toolchain/bin/../lib/gcc/arm-none-eabi/6.3.1/../../../../arm-none-eabi/lib/thumb/v6-m\libc_nano.a(lib_a-impure.o)
 .bss           0x00000000        0x0 c:/program files (x86)/atmel/studio/7.0/toolchain/arm/arm-gnu-toolchain/bin/../lib/gcc/arm-none-eabi/6.3.1/../../../../arm-none-eabi/lib/thumb/v6-m\libc_nano.a(lib_a-impure.o)
 .data._impure_ptr
                0x00000000        0x4 c:/program files (x86)/atmel/studio/7.0/toolchain/arm/arm-gnu-toolchain/bin/../lib/gcc/arm-none-eabi/6.3.1/../../../../arm-none-eabi/lib/thumb/v6-m\libc_nano.a(lib_a-impure.o)
 .data.impure_data
                0x00000000       0x60 c:/program files (x86)/atmel/studio/7.0/toolchain/arm/arm-gnu-toolchain/bin/../lib/gcc/arm-none-eabi/6.3.1/../../../../arm-none-eabi/lib/thumb/v6-m\libc_nano.a(lib_a-impure.o)
 .rodata._global_impure_ptr
                0x00000000        0x4 c:/program files (x86)/atmel/studio/7.0/toolchain/arm/arm-gnu-toolchain/bin/../lib/gcc/arm-none-eabi/6.3.1/../../../../arm-none-eabi/lib/thumb/v6-m\libc_nano.a(lib_a-impure.o)
 .ARM.attributes
                0x00000000       0x2c c:/program files (x86)/atmel/studio/7.0/toolchain/arm/arm-gnu-toolchain/bin/../lib/gcc/arm-none-eabi/6.3.1/../../../../arm-none-eabi/lib/thumb/v6-m\libc_nano.a(lib_a-impure.o)
 .text          0x00000000        0x0 c:/program files (x86)/atmel/studio/7.0/toolchain/arm/arm-gnu-toolchain/bin/../lib/gcc/arm-none-eabi/6.3.1/../../../../arm-none-eabi/lib/thumb/v6-m\libc_nano.a(lib_a-init.o)
 .data          0x00000000        0x0 c:/program files (x86)/atmel/studio/7.0/toolchain/arm/arm-gnu-toolchain/bin/../lib/gcc/arm-none-eabi/6.3.1/../../../../arm-none-eabi/lib/thumb/v6-m\libc_nano.a(lib_a-init.o)
 .bss           0x00000000        0x0 c:/program files (x86)/atmel/studio/7.0/toolchain/arm/arm-gnu-toolchain/bin/../lib/gcc/arm-none-eabi/6.3.1/../../../../arm-none-eabi/lib/thumb/v6-m\libc_nano.a(lib_a-init.o)
 .text          0x00000000        0x0 c:/program files (x86)/atmel/studio/7.0/toolchain/arm/arm-gnu-toolchain/bin/../lib/gcc/arm-none-eabi/6.3.1/../../../../arm-none-eabi/lib/thumb/v6-m\libc_nano.a(lib_a-memset.o)
 .data          0x00000000        0x0 c:/program files (x86)/atmel/studio/7.0/toolchain/arm/arm-gnu-toolchain/bin/../lib/gcc/arm-none-eabi/6.3.1/../../../../arm-none-eabi/lib/thumb/v6-m\libc_nano.a(lib_a-memset.o)
 .bss           0x00000000        0x0 c:/program files (x86)/atmel/studio/7.0/toolchain/arm/arm-gnu-toolchain/bin/../lib/gcc/arm-none-eabi/6.3.1/../../../../arm-none-eabi/lib/thumb/v6-m\libc_nano.a(lib_a-memset.o)
 .text.memset   0x00000000       0x10 c:/program files (x86)/atmel/studio/7.0/toolchain/arm/arm-gnu-toolchain/bin/../lib/gcc/arm-none-eabi/6.3.1/../../../../arm-none-eabi/lib/thumb/v6-m\libc_nano.a(lib_a-memset.o)
 .debug_frame   0x00000000       0x20 c:/program files (x86)/atmel/studio/7.0/toolchain/arm/arm-gnu-toolchain/bin/../lib/gcc/arm-none-eabi/6.3.1/../../../../arm-none-eabi/lib/thumb/v6-m\libc_nano.a(lib_a-memset.o)
 .ARM.attributes
                0x00000000       0x2c c:/program files (x86)/atmel/studio/7.0/toolchain/arm/arm-gnu-toolchain/bin/../lib/gcc/arm-none-eabi/6.3.1/../../../../arm-none-eabi/lib/thumb/v6-m\libc_nano.a(lib_a-memset.o)
 .text          0x00000000        0x0 c:/program files (x86)/atmel/studio/7.0/toolchain/arm/arm-gnu-toolchain/bin/../lib/gcc/arm-none-eabi/6.3.1/thumb/v6-m/crtend.o
 .data          0x00000000        0x0 c:/program files (x86)/atmel/studio/7.0/toolchain/arm/arm-gnu-toolchain/bin/../lib/gcc/arm-none-eabi/6.3.1/thumb/v6-m/crtend.o
 .bss           0x00000000        0x0 c:/program files (x86)/atmel/studio/7.0/toolchain/arm/arm-gnu-toolchain/bin/../lib/gcc/arm-none-eabi/6.3.1/thumb/v6-m/crtend.o
 .eh_frame      0x00000000        0x4 c:/program files (x86)/atmel/studio/7.0/toolchain/arm/arm-gnu-toolchain/bin/../lib/gcc/arm-none-eabi/6.3.1/thumb/v6-m/crtend.o
 .jcr           0x00000000        0x4 c:/program files (x86)/atmel/studio/7.0/toolchain/arm/arm-gnu-toolchain/bin/../lib/gcc/arm-none-eabi/6.3.1/thumb/v6-m/crtend.o
 .ARM.attributes
                0x00000000       0x2c c:/program files (x86)/atmel/studio/7.0/toolchain/arm/arm-gnu-toolchain/bin/../lib/gcc/arm-none-eabi/6.3.1/thumb/v6-m/crtend.o
 .text          0x00000000        0x0 c:/program files (x86)/atmel/studio/7.0/toolchain/arm/arm-gnu-toolchain/bin/../lib/gcc/arm-none-eabi/6.3.1/thumb/v6-m/crtn.o
 .data          0x00000000        0x0 c:/program files (x86)/atmel/studio/7.0/toolchain/arm/arm-gnu-toolchain/bin/../lib/gcc/arm-none-eabi/6.3.1/thumb/v6-m/crtn.o
 .bss           0x00000000        0x0 c:/program files (x86)/atmel/studio/7.0/toolchain/arm/arm-gnu-toolchain/bin/../lib/gcc/arm-none-eabi/6.3.1/thumb/v6-m/crtn.o

Memory Configuration

Name             Origin             Length             Attributes
rom              0x00000000         0x00020000         xr
ram              0x20000000         0x00004000         xrw
lpram            0x30000000         0x00002000         xrw
*default*        0x00000000         0xffffffff

Linker script and memory map

LOAD c:/program files (x86)/atmel/studio/7.0/toolchain/arm/arm-gnu-toolchain/bin/../lib/gcc/arm-none-eabi/6.3.1/thumb/v6-m/crti.o
LOAD c:/program files (x86)/atmel/studio/7.0/toolchain/arm/arm-gnu-toolchain/bin/../lib/gcc/arm-none-eabi/6.3.1/thumb/v6-m/crtbegin.o
LOAD c:/program files (x86)/atmel/studio/7.0/toolchain/arm/arm-gnu-toolchain/bin/../lib/gcc/arm-none-eabi/6.3.1/../../../../arm-none-eabi/lib/thumb/v6-m/crt0.o
LOAD main.o
LOAD src/ASF/common2/boards/user_board/init.o
LOAD src/ASF/common2/services/delay/sam0/systick_counter.o
LOAD src/ASF/common/utils/interrupt/interrupt_sam_nvic.o
LOAD src/ASF/sam0/drivers/dac/dac_sam_l/dac.o
LOAD src/ASF/sam0/drivers/system/clock/clock_saml21/clock.o
LOAD src/ASF/sam0/drivers/system/clock/clock_saml21/gclk.o
LOAD src/ASF/sam0/drivers/system/interrupt/system_interrupt.o
LOAD src/ASF/sam0/drivers/system/pinmux/pinmux.o
LOAD src/ASF/sam0/drivers/system/system.o
LOAD src/ASF/sam0/utils/cmsis/saml21/source/gcc/startup_saml21.o
LOAD src/ASF/sam0/utils/cmsis/saml21/source/system_saml21.o
LOAD src/ASF/sam0/utils/syscalls/gcc/syscalls.o
START GROUP
LOAD ../src/ASF/thirdparty/CMSIS/Lib/GCC\libarm_cortexM0l_math.a
LOAD c:/program files (x86)/atmel/studio/7.0/toolchain/arm/arm-gnu-toolchain/bin/../lib/gcc/arm-none-eabi/6.3.1/../../../../arm-none-eabi/lib/thumb/v6-m\libm.a
END GROUP
START GROUP
LOAD c:/program files (x86)/atmel/studio/7.0/toolchain/arm/arm-gnu-toolchain/bin/../lib/gcc/arm-none-eabi/6.3.1/thumb/v6-m\libgcc.a
LOAD c:/program files (x86)/atmel/studio/7.0/toolchain/arm/arm-gnu-toolchain/bin/../lib/gcc/arm-none-eabi/6.3.1/../../../../arm-none-eabi/lib/thumb/v6-m\libc_nano.a
END GROUP
START GROUP
LOAD c:/program files (x86)/atmel/studio/7.0/toolchain/arm/arm-gnu-toolchain/bin/../lib/gcc/arm-none-eabi/6.3.1/thumb/v6-m\libgcc.a
LOAD c:/program files (x86)/atmel/studio/7.0/toolchain/arm/arm-gnu-toolchain/bin/../lib/gcc/arm-none-eabi/6.3.1/../../../../arm-none-eabi/lib/thumb/v6-m\libc_nano.a
END GROUP
LOAD c:/program files (x86)/atmel/studio/7.0/toolchain/arm/arm-gnu-toolchain/bin/../lib/gcc/arm-none-eabi/6.3.1/thumb/v6-m/crtend.o
LOAD c:/program files (x86)/atmel/studio/7.0/toolchain/arm/arm-gnu-toolchain/bin/../lib/gcc/arm-none-eabi/6.3.1/thumb/v6-m/crtn.o
                0x00001000                STACK_SIZE = DEFINED (STACK_SIZE)?STACK_SIZE:DEFINED (__stack_size__)?__stack_size__:0x1000

.text           0x00000000      0x20c
                0x00000000                . = ALIGN (0x4)
                0x00000000                _sfixed = .
 *(.vectors .vectors.*)
 .vectors       0x00000000       0xb4 src/ASF/sam0/utils/cmsis/saml21/source/gcc/startup_saml21.o
                0x00000000                exception_table
 *(.text .text.* .gnu.linkonce.t.*)
 .text          0x000000b4       0x60 c:/program files (x86)/atmel/studio/7.0/toolchain/arm/arm-gnu-toolchain/bin/../lib/gcc/arm-none-eabi/6.3.1/thumb/v6-m/crtbegin.o
 .text.startup.main
                0x00000114        0xc main.o
                0x00000114                main
 .text.Dummy_Handler
                0x00000120        0x2 src/ASF/sam0/utils/cmsis/saml21/source/gcc/startup_saml21.o
                0x00000120                DMAC_Handler
                0x00000120                TRNG_Handler
                0x00000120                HardFault_Handler
                0x00000120                TC2_Handler
                0x00000120                AC_Handler
                0x00000120                SysTick_Handler
                0x00000120                PendSV_Handler
                0x00000120                NMI_Handler
                0x00000120                SERCOM1_Handler
                0x00000120                ADC_Handler
                0x00000120                TCC1_Handler
                0x00000120                SERCOM2_Handler
                0x00000120                TCC0_Handler
                0x00000120                RTC_Handler
                0x00000120                EIC_Handler
                0x00000120                WDT_Handler
                0x00000120                TC4_Handler
                0x00000120                TC1_Handler
                0x00000120                USB_Handler
                0x00000120                TC3_Handler
                0x00000120                Dummy_Handler
                0x00000120                SERCOM5_Handler
                0x00000120                SVC_Handler
                0x00000120                TCC2_Handler
                0x00000120                EVSYS_Handler
                0x00000120                SERCOM3_Handler
                0x00000120                SERCOM4_Handler
                0x00000120                NVMCTRL_Handler
                0x00000120                SYSTEM_Handler
                0x00000120                SERCOM0_Handler
                0x00000120                DAC_Handler
                0x00000120                PTC_Handler
                0x00000120                TC0_Handler
                0x00000120                AES_Handler
 *fill*         0x00000122        0x2 
 .text.Reset_Handler
                0x00000124       0x70 src/ASF/sam0/utils/cmsis/saml21/source/gcc/startup_saml21.o
                0x00000124                Reset_Handler
 .text.SystemInit
                0x00000194       0x10 src/ASF/sam0/utils/cmsis/saml21/source/system_saml21.o
                0x00000194                SystemInit
 .text.__libc_init_array
                0x000001a4       0x48 c:/program files (x86)/atmel/studio/7.0/toolchain/arm/arm-gnu-toolchain/bin/../lib/gcc/arm-none-eabi/6.3.1/../../../../arm-none-eabi/lib/thumb/v6-m\libc_nano.a(lib_a-init.o)
                0x000001a4                __libc_init_array
 *(.glue_7t)
 .glue_7t       0x000001ec        0x0 linker stubs
 *(.glue_7)
 .glue_7        0x000001ec        0x0 linker stubs
 *(.rodata .rodata* .gnu.linkonce.r.*)
 *(.ARM.extab* .gnu.linkonce.armextab.*)
                0x000001ec                . = ALIGN (0x4)
 *(.init)
 .init          0x000001ec        0x4 c:/program files (x86)/atmel/studio/7.0/toolchain/arm/arm-gnu-toolchain/bin/../lib/gcc/arm-none-eabi/6.3.1/thumb/v6-m/crti.o
                0x000001ec                _init
 .init          0x000001f0        0x8 c:/program files (x86)/atmel/studio/7.0/toolchain/arm/arm-gnu-toolchain/bin/../lib/gcc/arm-none-eabi/6.3.1/thumb/v6-m/crtn.o
                0x000001f8                . = ALIGN (0x4)
                0x000001f8                __preinit_array_start = .
 *(.preinit_array)
                0x000001f8                __preinit_array_end = .
                0x000001f8                . = ALIGN (0x4)
                0x000001f8                __init_array_start = .
 *(SORT(.init_array.*))
 *(.init_array)
 .init_array    0x000001f8        0x4 c:/program files (x86)/atmel/studio/7.0/toolchain/arm/arm-gnu-toolchain/bin/../lib/gcc/arm-none-eabi/6.3.1/thumb/v6-m/crtbegin.o
                0x000001fc                __init_array_end = .
                0x000001fc                . = ALIGN (0x4)
 *crtbegin.o(.ctors)
 *(EXCLUDE_FILE(*crtend.o) .ctors)
 *(SORT(.ctors.*))
 *crtend.o(.ctors)
                0x000001fc                . = ALIGN (0x4)
 *(.fini)
 .fini          0x000001fc        0x4 c:/program files (x86)/atmel/studio/7.0/toolchain/arm/arm-gnu-toolchain/bin/../lib/gcc/arm-none-eabi/6.3.1/thumb/v6-m/crti.o
                0x000001fc                _fini
 .fini          0x00000200        0x8 c:/program files (x86)/atmel/studio/7.0/toolchain/arm/arm-gnu-toolchain/bin/../lib/gcc/arm-none-eabi/6.3.1/thumb/v6-m/crtn.o
                0x00000208                . = ALIGN (0x4)
                0x00000208                __fini_array_start = .
 *(.fini_array)
 .fini_array    0x00000208        0x4 c:/program files (x86)/atmel/studio/7.0/toolchain/arm/arm-gnu-toolchain/bin/../lib/gcc/arm-none-eabi/6.3.1/thumb/v6-m/crtbegin.o
 *(SORT(.fini_array.*))
                0x0000020c                __fini_array_end = .
 *crtbegin.o(.dtors)
 *(EXCLUDE_FILE(*crtend.o) .dtors)
 *(SORT(.dtors.*))
 *crtend.o(.dtors)
                0x0000020c                . = ALIGN (0x4)
                0x0000020c                _efixed = .
                [!provide]                PROVIDE (__exidx_start, .)

.vfp11_veneer   0x0000020c        0x0
 .vfp11_veneer  0x0000020c        0x0 linker stubs

.v4_bx          0x0000020c        0x0
 .v4_bx         0x0000020c        0x0 linker stubs

.iplt           0x0000020c        0x0
 .iplt          0x0000020c        0x0 c:/program files (x86)/atmel/studio/7.0/toolchain/arm/arm-gnu-toolchain/bin/../lib/gcc/arm-none-eabi/6.3.1/thumb/v6-m/crtbegin.o

.eh_frame       0x0000020c        0x0
 .eh_frame      0x0000020c        0x0 c:/program files (x86)/atmel/studio/7.0/toolchain/arm/arm-gnu-toolchain/bin/../lib/gcc/arm-none-eabi/6.3.1/thumb/v6-m/crtbegin.o

.rel.dyn        0x0000020c        0x0
 .rel.iplt      0x0000020c        0x0 c:/program files (x86)/atmel/studio/7.0/toolchain/arm/arm-gnu-toolchain/bin/../lib/gcc/arm-none-eabi/6.3.1/thumb/v6-m/crtbegin.o

.jcr            0x0000020c        0x0
 .jcr           0x0000020c        0x0 c:/program files (x86)/atmel/studio/7.0/toolchain/arm/arm-gnu-toolchain/bin/../lib/gcc/arm-none-eabi/6.3.1/thumb/v6-m/crtbegin.o

.igot.plt       0x0000020c        0x0
 .igot.plt      0x0000020c        0x0 c:/program files (x86)/atmel/studio/7.0/toolchain/arm/arm-gnu-toolchain/bin/../lib/gcc/arm-none-eabi/6.3.1/thumb/v6-m/crtbegin.o

.ARM.exidx
 *(.ARM.exidx* .gnu.linkonce.armexidx.*)
                [!provide]                PROVIDE (__exidx_end, .)
                0x0000020c                . = ALIGN (0x4)
                0x0000020c                _etext = .

.relocate       0x20000000        0x4 load address 0x0000020c
                0x20000000                . = ALIGN (0x4)
                0x20000000                _srelocate = .
 *(.ramfunc .ramfunc.*)
 *(.data .data.*)
 .data.SystemCoreClock
                0x20000000        0x4 src/ASF/sam0/utils/cmsis/saml21/source/system_saml21.o
                0x20000000                SystemCoreClock
                0x20000004                . = ALIGN (0x4)
                0x20000004                _erelocate = .

.lpram          0x30000000        0x0
                0x30000000                . = ALIGN (0x8)
                0x30000000                _slpram = .
 *(.lpram .lpram.*)
                0x30000000                . = ALIGN (0x8)
                0x30000000                _elpram = .

.bss            0x20000004       0x1c load address 0x00000210
                0x20000004                . = ALIGN (0x4)
                0x20000004                _sbss = .
                0x20000004                _szero = .
 *(.bss .bss.*)
 .bss           0x20000004       0x1c c:/program files (x86)/atmel/studio/7.0/toolchain/arm/arm-gnu-toolchain/bin/../lib/gcc/arm-none-eabi/6.3.1/thumb/v6-m/crtbegin.o
 *(COMMON)
                0x20000020                . = ALIGN (0x4)
                0x20000020                _ebss = .
                0x20000020                _ezero = .

.stack          0x20000020     0x1000 load address 0x0000022c
                0x20000020                . = ALIGN (0x8)
                0x20000020                _sstack = .
                0x20001020                . = (. + STACK_SIZE)
 *fill*         0x20000020     0x1000 
                0x20001020                . = ALIGN (0x8)
                0x20001020                _estack = .
                0x20001020                . = ALIGN (0x4)
                0x20001020                _end = .
OUTPUT(WAtchMeter.elf elf32-littlearm)

.ARM.attributes
                0x00000000       0x28
 .ARM.attributes
                0x00000000       0x1e c:/program files (x86)/atmel/studio/7.0/toolchain/arm/arm-gnu-toolchain/bin/../lib/gcc/arm-none-eabi/6.3.1/thumb/v6-m/crti.o
 .ARM.attributes
                0x0000001e       0x2c c:/program files (x86)/atmel/studio/7.0/toolchain/arm/arm-gnu-toolchain/bin/../lib/gcc/arm-none-eabi/6.3.1/thumb/v6-m/crtbegin.o
 .ARM.attributes
                0x0000004a       0x32 main.o
 .ARM.attributes
                0x0000007c       0x32 src/ASF/sam0/utils/cmsis/saml21/source/gcc/startup_saml21.o
 .ARM.attributes
                0x000000ae       0x32 src/ASF/sam0/utils/cmsis/saml21/source/system_saml21.o
 .ARM.attributes
                0x000000e0       0x2c c:/program files (x86)/atmel/studio/7.0/toolchain/arm/arm-gnu-toolchain/bin/../lib/gcc/arm-none-eabi/6.3.1/../../../../arm-none-eabi/lib/thumb/v6-m\libc_nano.a(lib_a-init.o)
 .ARM.attributes
                0x0000010c       0x1e c:/program files (x86)/atmel/studio/7.0/toolchain/arm/arm-gnu-toolchain/bin/../lib/gcc/arm-none-eabi/6.3.1/thumb/v6-m/crtn.o

.comment        0x00000000       0x59
 .comment       0x00000000       0x59 main.o
                                 0x5a (size before relaxing)
 .comment       0x00000059       0x5a src/ASF/sam0/utils/cmsis/saml21/source/gcc/startup_saml21.o
 .comment       0x00000059       0x5a src/ASF/sam0/utils/cmsis/saml21/source/system_saml21.o

.debug_frame    0x00000000       0x2c
 .debug_frame   0x00000000       0x2c c:/program files (x86)/atmel/studio/7.0/toolchain/arm/arm-gnu-toolchain/bin/../lib/gcc/arm-none-eabi/6.3.1/../../../../arm-none-eabi/lib/thumb/v6-m\libc_nano.a(lib_a-init.o)

Cross Reference Table

Symbol                                            File
AC_Handler                                        src/ASF/sam0/utils/cmsis/saml21/source/gcc/startup_saml21.o
ADC_Handler                                       src/ASF/sam0/utils/cmsis/saml21/source/gcc/startup_saml21.o
AES_Handler                                       src/ASF/sam0/utils/cmsis/saml21/source/gcc/startup_saml21.o
DAC_Handler                                       src/ASF/sam0/utils/cmsis/saml21/source/gcc/startup_saml21.o
DMAC_Handler                                      src/ASF/sam0/utils/cmsis/saml21/source/gcc/startup_saml21.o
Dummy_Handler                                     src/ASF/sam0/utils/cmsis/saml21/source/gcc/startup_saml21.o
EIC_Handler                                       src/ASF/sam0/utils/cmsis/saml21/source/gcc/startup_saml21.o
EVSYS_Handler                                     src/ASF/sam0/utils/cmsis/saml21/source/gcc/startup_saml21.o
HardFault_Handler                                 src/ASF/sam0/utils/cmsis/saml21/source/gcc/startup_saml21.o
NMI_Handler                                       src/ASF/sam0/utils/cmsis/saml21/source/gcc/startup_saml21.o
NVMCTRL_Handler                                   src/ASF/sam0/utils/cmsis/saml21/source/gcc/startup_saml21.o
PTC_Handler                                       src/ASF/sam0/utils/cmsis/saml21/source/gcc/startup_saml21.o
PendSV_Handler                                    src/ASF/sam0/utils/cmsis/saml21/source/gcc/startup_saml21.o
RTC_Handler                                       src/ASF/sam0/utils/cmsis/saml21/source/gcc/startup_saml21.o
Reset_Handler                                     src/ASF/sam0/utils/cmsis/saml21/source/gcc/startup_saml21.o
SERCOM0_Handler                                   src/ASF/sam0/utils/cmsis/saml21/source/gcc/startup_saml21.o
SERCOM1_Handler                                   src/ASF/sam0/utils/cmsis/saml21/source/gcc/startup_saml21.o
SERCOM2_Handler                                   src/ASF/sam0/utils/cmsis/saml21/source/gcc/startup_saml21.o
SERCOM3_Handler                                   src/ASF/sam0/utils/cmsis/saml21/source/gcc/startup_saml21.o
SERCOM4_Handler                                   src/ASF/sam0/utils/cmsis/saml21/source/gcc/startup_saml21.o
SERCOM5_Handler                                   src/ASF/sam0/utils/cmsis/saml21/source/gcc/startup_saml21.o
SVC_Handler                                       src/ASF/sam0/utils/cmsis/saml21/source/gcc/startup_saml21.o
SYSTEM_Handler                                    src/ASF/sam0/utils/cmsis/saml21/source/gcc/startup_saml21.o
SysTick_Handler                                   src/ASF/sam0/utils/cmsis/saml21/source/gcc/startup_saml21.o
SystemCoreClock                                   src/ASF/sam0/utils/cmsis/saml21/source/system_saml21.o
SystemCoreClockUpdate                             src/ASF/sam0/utils/cmsis/saml21/source/system_saml21.o
SystemInit                                        src/ASF/sam0/utils/cmsis/saml21/source/system_saml21.o
                                                  main.o
TC0_Handler                                       src/ASF/sam0/utils/cmsis/saml21/source/gcc/startup_saml21.o
TC1_Handler                                       src/ASF/sam0/utils/cmsis/saml21/source/gcc/startup_saml21.o
TC2_Handler                                       src/ASF/sam0/utils/cmsis/saml21/source/gcc/startup_saml21.o
TC3_Handler                                       src/ASF/sam0/utils/cmsis/saml21/source/gcc/startup_saml21.o
TC4_Handler                                       src/ASF/sam0/utils/cmsis/saml21/source/gcc/startup_saml21.o
TCC0_Handler                                      src/ASF/sam0/utils/cmsis/saml21/source/gcc/startup_saml21.o
TCC1_Handler                                      src/ASF/sam0/utils/cmsis/saml21/source/gcc/startup_saml21.o
TCC2_Handler                                      src/ASF/sam0/utils/cmsis/saml21/source/gcc/startup_saml21.o
TRNG_Handler                                      src/ASF/sam0/utils/cmsis/saml21/source/gcc/startup_saml21.o
USB_Handler                                       src/ASF/sam0/utils/cmsis/saml21/source/gcc/startup_saml21.o
WDT_Handler                                       src/ASF/sam0/utils/cmsis/saml21/source/gcc/startup_saml21.o
_Jv_RegisterClasses                               c:/program files (x86)/atmel/studio/7.0/toolchain/arm/arm-gnu-toolchain/bin/../lib/gcc/arm-none-eabi/6.3.1/thumb/v6-m/crtbegin.o
__aeabi_idiv0                                     c:/program files (x86)/atmel/studio/7.0/toolchain/arm/arm-gnu-toolchain/bin/../lib/gcc/arm-none-eabi/6.3.1/thumb/v6-m\libgcc.a(_dvmd_tls.o)
                                                  c:/program files (x86)/atmel/studio/7.0/toolchain/arm/arm-gnu-toolchain/bin/../lib/gcc/arm-none-eabi/6.3.1/thumb/v6-m\libgcc.a(_udivsi3.o)
__aeabi_ldiv0                                     c:/program files (x86)/atmel/studio/7.0/toolchain/arm/arm-gnu-toolchain/bin/../lib/gcc/arm-none-eabi/6.3.1/thumb/v6-m\libgcc.a(_dvmd_tls.o)
__aeabi_uidiv                                     c:/program files (x86)/atmel/studio/7.0/toolchain/arm/arm-gnu-toolchain/bin/../lib/gcc/arm-none-eabi/6.3.1/thumb/v6-m\libgcc.a(_udivsi3.o)
                                                  src/ASF/sam0/drivers/system/clock/clock_saml21/gclk.o
                                                  src/ASF/sam0/drivers/system/clock/clock_saml21/clock.o
                                                  src/ASF/common2/services/delay/sam0/systick_counter.o
__aeabi_uidivmod                                  c:/program files (x86)/atmel/studio/7.0/toolchain/arm/arm-gnu-toolchain/bin/../lib/gcc/arm-none-eabi/6.3.1/thumb/v6-m\libgcc.a(_udivsi3.o)
__bss_end__                                       c:/program files (x86)/atmel/studio/7.0/toolchain/arm/arm-gnu-toolchain/bin/../lib/gcc/arm-none-eabi/6.3.1/../../../../arm-none-eabi/lib/thumb/v6-m/crt0.o
__bss_start__                                     c:/program files (x86)/atmel/studio/7.0/toolchain/arm/arm-gnu-toolchain/bin/../lib/gcc/arm-none-eabi/6.3.1/../../../../arm-none-eabi/lib/thumb/v6-m/crt0.o
__call_exitprocs                                  c:/program files (x86)/atmel/studio/7.0/toolchain/arm/arm-gnu-toolchain/bin/../lib/gcc/arm-none-eabi/6.3.1/../../../../arm-none-eabi/lib/thumb/v6-m\libc_nano.a(lib_a-exit.o)
__deregister_frame_info                           c:/program files (x86)/atmel/studio/7.0/toolchain/arm/arm-gnu-toolchain/bin/../lib/gcc/arm-none-eabi/6.3.1/thumb/v6-m/crtbegin.o
__dso_handle                                      c:/program files (x86)/atmel/studio/7.0/toolchain/arm/arm-gnu-toolchain/bin/../lib/gcc/arm-none-eabi/6.3.1/thumb/v6-m/crtbegin.o
__gnu_thumb1_case_uqi                             c:/program files (x86)/atmel/studio/7.0/toolchain/arm/arm-gnu-toolchain/bin/../lib/gcc/arm-none-eabi/6.3.1/thumb/v6-m\libgcc.a(_thumb1_case_uqi.o)
                                                  src/ASF/sam0/drivers/system/clock/clock_saml21/clock.o
__init_array_end                                  c:/program files (x86)/atmel/studio/7.0/toolchain/arm/arm-gnu-toolchain/bin/../lib/gcc/arm-none-eabi/6.3.1/../../../../arm-none-eabi/lib/thumb/v6-m\libc_nano.a(lib_a-init.o)
__init_array_start                                c:/program files (x86)/atmel/studio/7.0/toolchain/arm/arm-gnu-toolchain/bin/../lib/gcc/arm-none-eabi/6.3.1/../../../../arm-none-eabi/lib/thumb/v6-m\libc_nano.a(lib_a-init.o)
__libc_fini_array                                 c:/program files (x86)/atmel/studio/7.0/toolchain/arm/arm-gnu-toolchain/bin/../lib/gcc/arm-none-eabi/6.3.1/../../../../arm-none-eabi/lib/thumb/v6-m/crt0.o
__libc_init_array                                 c:/program files (x86)/atmel/studio/7.0/toolchain/arm/arm-gnu-toolchain/bin/../lib/gcc/arm-none-eabi/6.3.1/../../../../arm-none-eabi/lib/thumb/v6-m\libc_nano.a(lib_a-init.o)
                                                  src/ASF/sam0/utils/cmsis/saml21/source/gcc/startup_saml21.o
                                                  c:/program files (x86)/atmel/studio/7.0/toolchain/arm/arm-gnu-toolchain/bin/../lib/gcc/arm-none-eabi/6.3.1/../../../../arm-none-eabi/lib/thumb/v6-m/crt0.o
__preinit_array_end                               c:/program files (x86)/atmel/studio/7.0/toolchain/arm/arm-gnu-toolchain/bin/../lib/gcc/arm-none-eabi/6.3.1/../../../../arm-none-eabi/lib/thumb/v6-m\libc_nano.a(lib_a-init.o)
__preinit_array_start                             c:/program files (x86)/atmel/studio/7.0/toolchain/arm/arm-gnu-toolchain/bin/../lib/gcc/arm-none-eabi/6.3.1/../../../../arm-none-eabi/lib/thumb/v6-m\libc_nano.a(lib_a-init.o)
__register_frame_info                             c:/program files (x86)/atmel/studio/7.0/toolchain/arm/arm-gnu-toolchain/bin/../lib/gcc/arm-none-eabi/6.3.1/thumb/v6-m/crtbegin.o
__sf_fake_stderr                                  c:/program files (x86)/atmel/studio/7.0/toolchain/arm/arm-gnu-toolchain/bin/../lib/gcc/arm-none-eabi/6.3.1/../../../../arm-none-eabi/lib/thumb/v6-m\libc_nano.a(lib_a-impure.o)
__sf_fake_stdin                                   c:/program files (x86)/atmel/studio/7.0/toolchain/arm/arm-gnu-toolchain/bin/../lib/gcc/arm-none-eabi/6.3.1/../../../../arm-none-eabi/lib/thumb/v6-m\libc_nano.a(lib_a-impure.o)
__sf_fake_stdout                                  c:/program files (x86)/atmel/studio/7.0/toolchain/arm/arm-gnu-toolchain/bin/../lib/gcc/arm-none-eabi/6.3.1/../../../../arm-none-eabi/lib/thumb/v6-m\libc_nano.a(lib_a-impure.o)
__stack                                           c:/program files (x86)/atmel/studio/7.0/toolchain/arm/arm-gnu-toolchain/bin/../lib/gcc/arm-none-eabi/6.3.1/../../../../arm-none-eabi/lib/thumb/v6-m/crt0.o
__udivsi3                                         c:/program files (x86)/atmel/studio/7.0/toolchain/arm/arm-gnu-toolchain/bin/../lib/gcc/arm-none-eabi/6.3.1/thumb/v6-m\libgcc.a(_udivsi3.o)
_close                                            src/ASF/sam0/utils/syscalls/gcc/syscalls.o
_end                                              src/ASF/sam0/utils/syscalls/gcc/syscalls.o
_erelocate                                        src/ASF/sam0/utils/cmsis/saml21/source/gcc/startup_saml21.o
_estack                                           src/ASF/sam0/utils/cmsis/saml21/source/gcc/startup_saml21.o
_etext                                            src/ASF/sam0/utils/cmsis/saml21/source/gcc/startup_saml21.o
_exit                                             src/ASF/sam0/utils/syscalls/gcc/syscalls.o
                                                  c:/program files (x86)/atmel/studio/7.0/toolchain/arm/arm-gnu-toolchain/bin/../lib/gcc/arm-none-eabi/6.3.1/../../../../arm-none-eabi/lib/thumb/v6-m\libc_nano.a(lib_a-exit.o)
_ezero                                            src/ASF/sam0/utils/cmsis/saml21/source/gcc/startup_saml21.o
_fini                                             c:/program files (x86)/atmel/studio/7.0/toolchain/arm/arm-gnu-toolchain/bin/../lib/gcc/arm-none-eabi/6.3.1/thumb/v6-m/crti.o
_fstat                                            src/ASF/sam0/utils/syscalls/gcc/syscalls.o
_getpid                                           src/ASF/sam0/utils/syscalls/gcc/syscalls.o
_global_impure_ptr                                c:/program files (x86)/atmel/studio/7.0/toolchain/arm/arm-gnu-toolchain/bin/../lib/gcc/arm-none-eabi/6.3.1/../../../../arm-none-eabi/lib/thumb/v6-m\libc_nano.a(lib_a-impure.o)
                                                  c:/program files (x86)/atmel/studio/7.0/toolchain/arm/arm-gnu-toolchain/bin/../lib/gcc/arm-none-eabi/6.3.1/../../../../arm-none-eabi/lib/thumb/v6-m\libc_nano.a(lib_a-exit.o)
_impure_ptr                                       c:/program files (x86)/atmel/studio/7.0/toolchain/arm/arm-gnu-toolchain/bin/../lib/gcc/arm-none-eabi/6.3.1/../../../../arm-none-eabi/lib/thumb/v6-m\libc_nano.a(lib_a-impure.o)
_init                                             c:/program files (x86)/atmel/studio/7.0/toolchain/arm/arm-gnu-toolchain/bin/../lib/gcc/arm-none-eabi/6.3.1/thumb/v6-m/crti.o
                                                  c:/program files (x86)/atmel/studio/7.0/toolchain/arm/arm-gnu-toolchain/bin/../lib/gcc/arm-none-eabi/6.3.1/../../../../arm-none-eabi/lib/thumb/v6-m\libc_nano.a(lib_a-init.o)
_isatty                                           src/ASF/sam0/utils/syscalls/gcc/syscalls.o
_kill                                             src/ASF/sam0/utils/syscalls/gcc/syscalls.o
_lseek                                            src/ASF/sam0/utils/syscalls/gcc/syscalls.o
_mainCRTStartup                                   c:/program files (x86)/atmel/studio/7.0/toolchain/arm/arm-gnu-toolchain/bin/../lib/gcc/arm-none-eabi/6.3.1/../../../../arm-none-eabi/lib/thumb/v6-m/crt0.o
_sbrk                                             src/ASF/sam0/utils/syscalls/gcc/syscalls.o
_sfixed                                           src/ASF/sam0/utils/cmsis/saml21/source/gcc/startup_saml21.o
_srelocate                                        src/ASF/sam0/utils/cmsis/saml21/source/gcc/startup_saml21.o
_start                                            c:/program files (x86)/atmel/studio/7.0/toolchain/arm/arm-gnu-toolchain/bin/../lib/gcc/arm-none-eabi/6.3.1/../../../../arm-none-eabi/lib/thumb/v6-m/crt0.o
_system_divas_init                                src/ASF/sam0/drivers/system/system.o
_system_dummy_init                                src/ASF/sam0/drivers/system/system.o
_system_events_init                               src/ASF/sam0/drivers/system/system.o
_system_extint_init                               src/ASF/sam0/drivers/system/system.o
_szero                                            src/ASF/sam0/utils/cmsis/saml21/source/gcc/startup_saml21.o
atexit                                            c:/program files (x86)/atmel/studio/7.0/toolchain/arm/arm-gnu-toolchain/bin/../lib/gcc/arm-none-eabi/6.3.1/../../../../arm-none-eabi/lib/thumb/v6-m/crt0.o
board_init                                        src/ASF/common2/boards/user_board/init.o
cpu_irq_enter_critical                            src/ASF/common/utils/interrupt/interrupt_sam_nvic.o
                                                  src/ASF/sam0/drivers/system/clock/clock_saml21/gclk.o
cpu_irq_leave_critical                            src/ASF/common/utils/interrupt/interrupt_sam_nvic.o
                                                  src/ASF/sam0/drivers/system/clock/clock_saml21/gclk.o
dac_chan_disable                                  src/ASF/sam0/drivers/dac/dac_sam_l/dac.o
dac_chan_enable                                   src/ASF/sam0/drivers/dac/dac_sam_l/dac.o
dac_chan_get_config_defaults                      src/ASF/sam0/drivers/dac/dac_sam_l/dac.o
dac_chan_is_end_of_conversion                     src/ASF/sam0/drivers/dac/dac_sam_l/dac.o
dac_chan_set_config                               src/ASF/sam0/drivers/dac/dac_sam_l/dac.o
dac_chan_write                                    src/ASF/sam0/drivers/dac/dac_sam_l/dac.o
dac_chan_write_buffer_wait                        src/ASF/sam0/drivers/dac/dac_sam_l/dac.o
dac_clear_status                                  src/ASF/sam0/drivers/dac/dac_sam_l/dac.o
dac_disable                                       src/ASF/sam0/drivers/dac/dac_sam_l/dac.o
dac_disable_events                                src/ASF/sam0/drivers/dac/dac_sam_l/dac.o
dac_enable                                        src/ASF/sam0/drivers/dac/dac_sam_l/dac.o
dac_enable_events                                 src/ASF/sam0/drivers/dac/dac_sam_l/dac.o
dac_get_config_defaults                           src/ASF/sam0/drivers/dac/dac_sam_l/dac.o
dac_get_status                                    src/ASF/sam0/drivers/dac/dac_sam_l/dac.o
dac_init                                          src/ASF/sam0/drivers/dac/dac_sam_l/dac.o
dac_instance                                      main.o
dac_is_syncing                                    src/ASF/sam0/drivers/dac/dac_sam_l/dac.o
dac_reset                                         src/ASF/sam0/drivers/dac/dac_sam_l/dac.o
delay_cycles_ms                                   src/ASF/common2/services/delay/sam0/systick_counter.o
delay_cycles_us                                   src/ASF/common2/services/delay/sam0/systick_counter.o
delay_init                                        src/ASF/common2/services/delay/sam0/systick_counter.o
exception_table                                   src/ASF/sam0/utils/cmsis/saml21/source/gcc/startup_saml21.o
exit                                              c:/program files (x86)/atmel/studio/7.0/toolchain/arm/arm-gnu-toolchain/bin/../lib/gcc/arm-none-eabi/6.3.1/../../../../arm-none-eabi/lib/thumb/v6-m\libc_nano.a(lib_a-exit.o)
                                                  c:/program files (x86)/atmel/studio/7.0/toolchain/arm/arm-gnu-toolchain/bin/../lib/gcc/arm-none-eabi/6.3.1/../../../../arm-none-eabi/lib/thumb/v6-m/crt0.o
g_interrupt_enabled                               src/ASF/common/utils/interrupt/interrupt_sam_nvic.o
hardware_init_hook                                c:/program files (x86)/atmel/studio/7.0/toolchain/arm/arm-gnu-toolchain/bin/../lib/gcc/arm-none-eabi/6.3.1/../../../../arm-none-eabi/lib/thumb/v6-m/crt0.o
link                                              src/ASF/sam0/utils/syscalls/gcc/syscalls.o
main                                              main.o
                                                  src/ASF/sam0/utils/cmsis/saml21/source/gcc/startup_saml21.o
                                                  c:/program files (x86)/atmel/studio/7.0/toolchain/arm/arm-gnu-toolchain/bin/../lib/gcc/arm-none-eabi/6.3.1/../../../../arm-none-eabi/lib/thumb/v6-m/crt0.o
memset                                            c:/program files (x86)/atmel/studio/7.0/toolchain/arm/arm-gnu-toolchain/bin/../lib/gcc/arm-none-eabi/6.3.1/../../../../arm-none-eabi/lib/thumb/v6-m\libc_nano.a(lib_a-memset.o)
                                                  c:/program files (x86)/atmel/studio/7.0/toolchain/arm/arm-gnu-toolchain/bin/../lib/gcc/arm-none-eabi/6.3.1/../../../../arm-none-eabi/lib/thumb/v6-m/crt0.o
software_init_hook                                c:/program files (x86)/atmel/studio/7.0/toolchain/arm/arm-gnu-toolchain/bin/../lib/gcc/arm-none-eabi/6.3.1/../../../../arm-none-eabi/lib/thumb/v6-m/crt0.o
system_board_init                                 src/ASF/common2/boards/user_board/init.o
system_clock_init                                 src/ASF/sam0/drivers/system/clock/clock_saml21/clock.o
system_clock_source_dfll_set_config               src/ASF/sam0/drivers/system/clock/clock_saml21/clock.o
system_clock_source_disable                       src/ASF/sam0/drivers/system/clock/clock_saml21/clock.o
system_clock_source_dpll_set_config               src/ASF/sam0/drivers/system/clock/clock_saml21/clock.o
system_clock_source_enable                        src/ASF/sam0/drivers/system/clock/clock_saml21/clock.o
system_clock_source_get_hz                        src/ASF/sam0/drivers/system/clock/clock_saml21/clock.o
                                                  src/ASF/sam0/drivers/system/clock/clock_saml21/gclk.o
system_clock_source_is_ready                      src/ASF/sam0/drivers/system/clock/clock_saml21/clock.o
system_clock_source_osc16m_set_config             src/ASF/sam0/drivers/system/clock/clock_saml21/clock.o
system_clock_source_osc32k_set_config             src/ASF/sam0/drivers/system/clock/clock_saml21/clock.o
system_clock_source_osculp32k_set_config          src/ASF/sam0/drivers/system/clock/clock_saml21/clock.o
system_clock_source_write_calibration             src/ASF/sam0/drivers/system/clock/clock_saml21/clock.o
system_clock_source_xosc32k_set_config            src/ASF/sam0/drivers/system/clock/clock_saml21/clock.o
system_clock_source_xosc_set_config               src/ASF/sam0/drivers/system/clock/clock_saml21/clock.o
system_gclk_chan_disable                          src/ASF/sam0/drivers/system/clock/clock_saml21/gclk.o
system_gclk_chan_enable                           src/ASF/sam0/drivers/system/clock/clock_saml21/gclk.o
                                                  src/ASF/sam0/drivers/dac/dac_sam_l/dac.o
system_gclk_chan_get_hz                           src/ASF/sam0/drivers/system/clock/clock_saml21/gclk.o
                                                  src/ASF/sam0/drivers/system/clock/clock_saml21/clock.o
system_gclk_chan_is_enabled                       src/ASF/sam0/drivers/system/clock/clock_saml21/gclk.o
system_gclk_chan_is_locked                        src/ASF/sam0/drivers/system/clock/clock_saml21/gclk.o
system_gclk_chan_lock                             src/ASF/sam0/drivers/system/clock/clock_saml21/gclk.o
system_gclk_chan_set_config                       src/ASF/sam0/drivers/system/clock/clock_saml21/gclk.o
                                                  src/ASF/sam0/drivers/dac/dac_sam_l/dac.o
system_gclk_gen_disable                           src/ASF/sam0/drivers/system/clock/clock_saml21/gclk.o
system_gclk_gen_enable                            src/ASF/sam0/drivers/system/clock/clock_saml21/gclk.o
                                                  src/ASF/sam0/drivers/system/clock/clock_saml21/clock.o
system_gclk_gen_get_hz                            src/ASF/sam0/drivers/system/clock/clock_saml21/gclk.o
                                                  src/ASF/sam0/drivers/system/clock/clock_saml21/clock.o
                                                  src/ASF/common2/services/delay/sam0/systick_counter.o
system_gclk_gen_is_enabled                        src/ASF/sam0/drivers/system/clock/clock_saml21/gclk.o
system_gclk_gen_set_config                        src/ASF/sam0/drivers/system/clock/clock_saml21/gclk.o
                                                  src/ASF/sam0/drivers/system/clock/clock_saml21/clock.o
system_gclk_init                                  src/ASF/sam0/drivers/system/clock/clock_saml21/gclk.o
                                                  src/ASF/sam0/drivers/system/clock/clock_saml21/clock.o
system_init                                       src/ASF/sam0/drivers/system/system.o
system_interrupt_clear_pending                    src/ASF/sam0/drivers/system/interrupt/system_interrupt.o
system_interrupt_get_priority                     src/ASF/sam0/drivers/system/interrupt/system_interrupt.o
system_interrupt_is_pending                       src/ASF/sam0/drivers/system/interrupt/system_interrupt.o
system_interrupt_set_pending                      src/ASF/sam0/drivers/system/interrupt/system_interrupt.o
system_interrupt_set_priority                     src/ASF/sam0/drivers/system/interrupt/system_interrupt.o
system_pinmux_group_set_config                    src/ASF/sam0/drivers/system/pinmux/pinmux.o
system_pinmux_group_set_input_sample_mode         src/ASF/sam0/drivers/system/pinmux/pinmux.o
system_pinmux_group_set_output_strength           src/ASF/sam0/drivers/system/pinmux/pinmux.o
system_pinmux_pin_set_config                      src/ASF/sam0/drivers/system/pinmux/pinmux.o
                                                  src/ASF/sam0/drivers/dac/dac_sam_l/dac.o
