Archive member included to satisfy reference by file (symbol)

c:/program files (x86)/atmel/studio/7.0/toolchain/arm/arm-gnu-toolchain/bin/../lib/gcc/arm-none-eabi/6.3.1/thumb/v6-m\libgcc.a(_udivsi3.o)
                              src/ASF/sam0/drivers/system/clock/clock_saml21/clock.o (__aeabi_uidiv)
c:/program files (x86)/atmel/studio/7.0/toolchain/arm/arm-gnu-toolchain/bin/../lib/gcc/arm-none-eabi/6.3.1/thumb/v6-m\libgcc.a(_dvmd_tls.o)
                              c:/program files (x86)/atmel/studio/7.0/toolchain/arm/arm-gnu-toolchain/bin/../lib/gcc/arm-none-eabi/6.3.1/thumb/v6-m\libgcc.a(_udivsi3.o) (__aeabi_idiv0)
c:/program files (x86)/atmel/studio/7.0/toolchain/arm/arm-gnu-toolchain/bin/../lib/gcc/arm-none-eabi/6.3.1/../../../../arm-none-eabi/lib/thumb/v6-m\libc_nano.a(lib_a-exit.o)
                              c:/program files (x86)/atmel/studio/7.0/toolchain/arm/arm-gnu-toolchain/bin/../lib/gcc/arm-none-eabi/6.3.1/../../../../arm-none-eabi/lib/thumb/v6-m/crt0.o (exit)
c:/program files (x86)/atmel/studio/7.0/toolchain/arm/arm-gnu-toolchain/bin/../lib/gcc/arm-none-eabi/6.3.1/../../../../arm-none-eabi/lib/thumb/v6-m\libc_nano.a(lib_a-impure.o)
                              c:/program files (x86)/atmel/studio/7.0/toolchain/arm/arm-gnu-toolchain/bin/../lib/gcc/arm-none-eabi/6.3.1/../../../../arm-none-eabi/lib/thumb/v6-m\libc_nano.a(lib_a-exit.o) (_global_impure_ptr)
c:/program files (x86)/atmel/studio/7.0/toolchain/arm/arm-gnu-toolchain/bin/../lib/gcc/arm-none-eabi/6.3.1/../../../../arm-none-eabi/lib/thumb/v6-m\libc_nano.a(lib_a-init.o)
                              c:/program files (x86)/atmel/studio/7.0/toolchain/arm/arm-gnu-toolchain/bin/../lib/gcc/arm-none-eabi/6.3.1/../../../../arm-none-eabi/lib/thumb/v6-m/crt0.o (__libc_init_array)
c:/program files (x86)/atmel/studio/7.0/toolchain/arm/arm-gnu-toolchain/bin/../lib/gcc/arm-none-eabi/6.3.1/../../../../arm-none-eabi/lib/thumb/v6-m\libc_nano.a(lib_a-memset.o)
                              c:/program files (x86)/atmel/studio/7.0/toolchain/arm/arm-gnu-toolchain/bin/../lib/gcc/arm-none-eabi/6.3.1/../../../../arm-none-eabi/lib/thumb/v6-m/crt0.o (memset)

Discarded input sections

 .text          0x00000000        0x0 c:/program files (x86)/atmel/studio/7.0/toolchain/arm/arm-gnu-toolchain/bin/../lib/gcc/arm-none-eabi/6.3.1/thumb/v6-m/crti.o
 .data          0x00000000        0x0 c:/program files (x86)/atmel/studio/7.0/toolchain/arm/arm-gnu-toolchain/bin/../lib/gcc/arm-none-eabi/6.3.1/thumb/v6-m/crti.o
 .bss           0x00000000        0x0 c:/program files (x86)/atmel/studio/7.0/toolchain/arm/arm-gnu-toolchain/bin/../lib/gcc/arm-none-eabi/6.3.1/thumb/v6-m/crti.o
 .data          0x00000000        0x4 c:/program files (x86)/atmel/studio/7.0/toolchain/arm/arm-gnu-toolchain/bin/../lib/gcc/arm-none-eabi/6.3.1/thumb/v6-m/crtbegin.o
 .text          0x00000000       0x78 c:/program files (x86)/atmel/studio/7.0/toolchain/arm/arm-gnu-toolchain/bin/../lib/gcc/arm-none-eabi/6.3.1/../../../../arm-none-eabi/lib/thumb/v6-m/crt0.o
 .data          0x00000000        0x0 c:/program files (x86)/atmel/studio/7.0/toolchain/arm/arm-gnu-toolchain/bin/../lib/gcc/arm-none-eabi/6.3.1/../../../../arm-none-eabi/lib/thumb/v6-m/crt0.o
 .bss           0x00000000        0x0 c:/program files (x86)/atmel/studio/7.0/toolchain/arm/arm-gnu-toolchain/bin/../lib/gcc/arm-none-eabi/6.3.1/../../../../arm-none-eabi/lib/thumb/v6-m/crt0.o
 .ARM.extab     0x00000000        0x0 c:/program files (x86)/atmel/studio/7.0/toolchain/arm/arm-gnu-toolchain/bin/../lib/gcc/arm-none-eabi/6.3.1/../../../../arm-none-eabi/lib/thumb/v6-m/crt0.o
 .ARM.exidx     0x00000000        0x8 c:/program files (x86)/atmel/studio/7.0/toolchain/arm/arm-gnu-toolchain/bin/../lib/gcc/arm-none-eabi/6.3.1/../../../../arm-none-eabi/lib/thumb/v6-m/crt0.o
 .ARM.attributes
                0x00000000       0x1b c:/program files (x86)/atmel/studio/7.0/toolchain/arm/arm-gnu-toolchain/bin/../lib/gcc/arm-none-eabi/6.3.1/../../../../arm-none-eabi/lib/thumb/v6-m/crt0.o
 .group         0x00000000        0x8 Device_Startup/startup_saml21.o
 .group         0x00000000        0x8 Device_Startup/startup_saml21.o
 .group         0x00000000        0x8 Device_Startup/startup_saml21.o
 .group         0x00000000        0x8 Device_Startup/startup_saml21.o
 .group         0x00000000        0x8 Device_Startup/startup_saml21.o
 .group         0x00000000        0x8 Device_Startup/startup_saml21.o
 .group         0x00000000        0x8 Device_Startup/startup_saml21.o
 .group         0x00000000        0x8 Device_Startup/startup_saml21.o
 .group         0x00000000        0x8 Device_Startup/startup_saml21.o
 .group         0x00000000        0x8 Device_Startup/startup_saml21.o
 .group         0x00000000        0x8 Device_Startup/startup_saml21.o
 .group         0x00000000        0x8 Device_Startup/startup_saml21.o
 .group         0x00000000        0x8 Device_Startup/startup_saml21.o
[...]
Memory Configuration

Name             Origin             Length             Attributes
rom              0x00000000         0x00020000         xr
ram              0x20000000         0x00004000         xrw
lpram            0x30000000         0x00002000         xrw
*default*        0x00000000         0xffffffff

Linker script and memory map

LOAD c:/program files (x86)/atmel/studio/7.0/toolchain/arm/arm-gnu-toolchain/bin/../lib/gcc/arm-none-eabi/6.3.1/thumb/v6-m/crti.o
LOAD c:/program files (x86)/atmel/studio/7.0/toolchain/arm/arm-gnu-toolchain/bin/../lib/gcc/arm-none-eabi/6.3.1/thumb/v6-m/crtbegin.o
LOAD c:/program files (x86)/atmel/studio/7.0/toolchain/arm/arm-gnu-toolchain/bin/../lib/gcc/arm-none-eabi/6.3.1/../../../../arm-none-eabi/lib/thumb/v6-m/crt0.o
LOAD Device_Startup/startup_saml21.o
LOAD Device_Startup/system_saml21.o
LOAD src/ASF/common2/boards/user_board/init.o
LOAD src/ASF/common/utils/interrupt/interrupt_sam_nvic.o
LOAD src/ASF/sam0/drivers/system/clock/clock_saml21/clock.o
LOAD src/ASF/sam0/drivers/system/clock/clock_saml21/gclk.o
LOAD src/ASF/sam0/drivers/system/interrupt/system_interrupt.o
LOAD src/ASF/sam0/drivers/system/pinmux/pinmux.o
LOAD src/ASF/sam0/drivers/system/system.o
LOAD src/ASF/sam0/utils/cmsis/saml21/source/gcc/startup_saml21.o
LOAD src/ASF/sam0/utils/cmsis/saml21/source/system_saml21.o
LOAD src/ASF/sam0/utils/syscalls/gcc/syscalls.o
LOAD src/main.o
START GROUP
LOAD ../src/ASF/thirdparty/CMSIS/Lib/GCC\libarm_cortexM0l_math.a
LOAD c:/program files (x86)/atmel/studio/7.0/toolchain/arm/arm-gnu-toolchain/bin/../lib/gcc/arm-none-eabi/6.3.1/../../../../arm-none-eabi/lib/thumb/v6-m\libm.a
END GROUP
START GROUP
LOAD c:/program files (x86)/atmel/studio/7.0/toolchain/arm/arm-gnu-toolchain/bin/../lib/gcc/arm-none-eabi/6.3.1/thumb/v6-m\libgcc.a
LOAD c:/program files (x86)/atmel/studio/7.0/toolchain/arm/arm-gnu-toolchain/bin/../lib/gcc/arm-none-eabi/6.3.1/../../../../arm-none-eabi/lib/thumb/v6-m\libc_nano.a
END GROUP
START GROUP
LOAD c:/program files (x86)/atmel/studio/7.0/toolchain/arm/arm-gnu-toolchain/bin/../lib/gcc/arm-none-eabi/6.3.1/thumb/v6-m\libgcc.a
LOAD c:/program files (x86)/atmel/studio/7.0/toolchain/arm/arm-gnu-toolchain/bin/../lib/gcc/arm-none-eabi/6.3.1/../../../../arm-none-eabi/lib/thumb/v6-m\libc_nano.a
END GROUP
LOAD c:/program files (x86)/atmel/studio/7.0/toolchain/arm/arm-gnu-toolchain/bin/../lib/gcc/arm-none-eabi/6.3.1/thumb/v6-m/crtend.o
LOAD c:/program files (x86)/atmel/studio/7.0/toolchain/arm/arm-gnu-toolchain/bin/../lib/gcc/arm-none-eabi/6.3.1/thumb/v6-m/crtn.o
                0x00001000                STACK_SIZE = DEFINED (STACK_SIZE)?STACK_SIZE:DEFINED (__stack_size__)?__stack_size__:0x1000

.text           0x00000000      0x7e8
                0x00000000                . = ALIGN (0x4)
                0x00000000                _sfixed = .
 *(.vectors .vectors.*)
 .vectors       0x00000000       0xb4 Device_Startup/startup_saml21.o
                0x00000000                exception_table
 .vectors       0x000000b4       0xb4 src/ASF/sam0/utils/cmsis/saml21/source/gcc/startup_saml21.o
 *(.text .text.* .gnu.linkonce.t.*)
 .text          0x00000168       0x60 c:/program files (x86)/atmel/studio/7.0/toolchain/arm/arm-gnu-toolchain/bin/../lib/gcc/arm-none-eabi/6.3.1/thumb/v6-m/crtbegin.o
 .text.Dummy_Handler
                0x000001c8        0x2 Device_Startup/startup_saml21.o
                0x000001c8                DMAC_Handler
                0x000001c8                TRNG_Handler
                0x000001c8                HardFault_Handler
                0x000001c8                TC2_Handler
                0x000001c8                AC_Handler
                0x000001c8                SysTick_Handler
                0x000001c8                PendSV_Handler
                0x000001c8                NMI_Handler
                0x000001c8                SERCOM1_Handler
                0x000001c8                ADC_Handler
                0x000001c8                TCC1_Handler
                0x000001c8                SERCOM2_Handler
                0x000001c8                TCC0_Handler
                0x000001c8                RTC_Handler
                0x000001c8                EIC_Handler
                0x000001c8                WDT_Handler
                0x000001c8                TC4_Handler
                0x000001c8                TC1_Handler
                0x000001c8                USB_Handler
                0x000001c8                TC3_Handler
                0x000001c8                Dummy_Handler
                0x000001c8                SERCOM5_Handler
                0x000001c8                SVC_Handler
                0x000001c8                TCC2_Handler
                0x000001c8                EVSYS_Handler
                0x000001c8                SERCOM3_Handler
                0x000001c8                SERCOM4_Handler
                0x000001c8                NVMCTRL_Handler
                0x000001c8                SYSTEM_Handler
                0x000001c8                SERCOM0_Handler
                0x000001c8                DAC_Handler
                0x000001c8                PTC_Handler
                0x000001c8                TC0_Handler
                0x000001c8                AES_Handler
 *fill*         0x000001ca        0x2 
 .text.Reset_Handler
                0x000001cc       0x98 Device_Startup/startup_saml21.o
                0x000001cc                Reset_Handler
 .text.system_board_init
                0x00000264        0x2 src/ASF/common2/boards/user_board/init.o
                0x00000264                board_init
                0x00000264                system_board_init
 *fill*         0x00000266        0x2 
 .text.cpu_irq_enter_critical
                0x00000268       0x40 src/ASF/common/utils/interrupt/interrupt_sam_nvic.o
                0x00000268                cpu_irq_enter_critical
 .text.cpu_irq_leave_critical
                0x000002a8       0x30 src/ASF/common/utils/interrupt/interrupt_sam_nvic.o
                0x000002a8                cpu_irq_leave_critical
 .text.system_clock_source_get_hz
                0x000002d8       0x94 src/ASF/sam0/drivers/system/clock/clock_saml21/clock.o
                0x000002d8                system_clock_source_get_hz
 .text.system_clock_init
                0x0000036c       0xf0 src/ASF/sam0/drivers/system/clock/clock_saml21/clock.o
                0x0000036c                system_clock_init
 .text.system_gclk_init
                0x0000045c       0x24 src/ASF/sam0/drivers/system/clock/clock_saml21/gclk.o
                0x0000045c                system_gclk_init
 .text.system_gclk_gen_set_config
                0x00000480       0xac src/ASF/sam0/drivers/system/clock/clock_saml21/gclk.o
                0x00000480                system_gclk_gen_set_config
 .text.system_gclk_gen_enable
                0x0000052c       0x40 src/ASF/sam0/drivers/system/clock/clock_saml21/gclk.o
                0x0000052c                system_gclk_gen_enable
 .text.system_gclk_gen_get_hz
                0x0000056c       0x6c src/ASF/sam0/drivers/system/clock/clock_saml21/gclk.o
                0x0000056c                system_gclk_gen_get_hz
 .text.system_gclk_chan_get_hz
                0x000005d8       0x30 src/ASF/sam0/drivers/system/clock/clock_saml21/gclk.o
                0x000005d8                system_gclk_chan_get_hz
 .text._system_dummy_init
                0x00000608        0x2 src/ASF/sam0/drivers/system/system.o
                0x00000608                _system_extint_init
                0x00000608                _system_events_init
                0x00000608                _system_dummy_init
                0x00000608                _system_divas_init
 *fill*         0x0000060a        0x2 
 .text.system_init
                0x0000060c       0x2c src/ASF/sam0/drivers/system/system.o
                0x0000060c                system_init
 .text.main     0x00000638        0xc src/main.o
                0x00000638                main
 .text          0x00000644      0x114 c:/program files (x86)/atmel/studio/7.0/toolchain/arm/arm-gnu-toolchain/bin/../lib/gcc/arm-none-eabi/6.3.1/thumb/v6-m\libgcc.a(_udivsi3.o)
                0x00000644                __aeabi_uidiv
                0x00000644                __udivsi3
                0x00000750                __aeabi_uidivmod
 .text          0x00000758        0x4 c:/program files (x86)/atmel/studio/7.0/toolchain/arm/arm-gnu-toolchain/bin/../lib/gcc/arm-none-eabi/6.3.1/thumb/v6-m\libgcc.a(_dvmd_tls.o)
                0x00000758                __aeabi_idiv0
                0x00000758                __aeabi_ldiv0
 .text.__libc_init_array
                0x0000075c       0x48 c:/program files (x86)/atmel/studio/7.0/toolchain/arm/arm-gnu-toolchain/bin/../lib/gcc/arm-none-eabi/6.3.1/../../../../arm-none-eabi/lib/thumb/v6-m\libc_nano.a(lib_a-init.o)
                0x0000075c                __libc_init_array
 *(.glue_7t)
 .glue_7t       0x000007a4        0x0 linker stubs
 *(.glue_7)
 .glue_7        0x000007a4        0x0 linker stubs
 *(.rodata .rodata* .gnu.linkonce.r.*)
 .rodata.system_clock_source_get_hz
                0x000007a4       0x24 src/ASF/sam0/drivers/system/clock/clock_saml21/clock.o
 *(.ARM.extab* .gnu.linkonce.armextab.*)
                0x000007c8                . = ALIGN (0x4)
 *(.init)
 .init          0x000007c8        0x4 c:/program files (x86)/atmel/studio/7.0/toolchain/arm/arm-gnu-toolchain/bin/../lib/gcc/arm-none-eabi/6.3.1/thumb/v6-m/crti.o
                0x000007c8                _init
 .init          0x000007cc        0x8 c:/program files (x86)/atmel/studio/7.0/toolchain/arm/arm-gnu-toolchain/bin/../lib/gcc/arm-none-eabi/6.3.1/thumb/v6-m/crtn.o
                0x000007d4                . = ALIGN (0x4)
                0x000007d4                __preinit_array_start = .
 *(.preinit_array)
                0x000007d4                __preinit_array_end = .
                0x000007d4                . = ALIGN (0x4)
                0x000007d4                __init_array_start = .
 *(SORT(.init_array.*))
 *(.init_array)
 .init_array    0x000007d4        0x4 c:/program files (x86)/atmel/studio/7.0/toolchain/arm/arm-gnu-toolchain/bin/../lib/gcc/arm-none-eabi/6.3.1/thumb/v6-m/crtbegin.o
                0x000007d8                __init_array_end = .
                0x000007d8                . = ALIGN (0x4)
 *crtbegin.o(.ctors)
 *(EXCLUDE_FILE(*crtend.o) .ctors)
 *(SORT(.ctors.*))
 *crtend.o(.ctors)
                0x000007d8                . = ALIGN (0x4)
 *(.fini)
 .fini          0x000007d8        0x4 c:/program files (x86)/atmel/studio/7.0/toolchain/arm/arm-gnu-toolchain/bin/../lib/gcc/arm-none-eabi/6.3.1/thumb/v6-m/crti.o
                0x000007d8                _fini
 .fini          0x000007dc        0x8 c:/program files (x86)/atmel/studio/7.0/toolchain/arm/arm-gnu-toolchain/bin/../lib/gcc/arm-none-eabi/6.3.1/thumb/v6-m/crtn.o
                0x000007e4                . = ALIGN (0x4)
                0x000007e4                __fini_array_start = .
 *(.fini_array)
 .fini_array    0x000007e4        0x4 c:/program files (x86)/atmel/studio/7.0/toolchain/arm/arm-gnu-toolchain/bin/../lib/gcc/arm-none-eabi/6.3.1/thumb/v6-m/crtbegin.o
 *(SORT(.fini_array.*))
                0x000007e8                __fini_array_end = .
 *crtbegin.o(.dtors)
 *(EXCLUDE_FILE(*crtend.o) .dtors)
 *(SORT(.dtors.*))
 *crtend.o(.dtors)
                0x000007e8                . = ALIGN (0x4)
                0x000007e8                _efixed = .
                [!provide]                PROVIDE (__exidx_start, .)

.vfp11_veneer   0x000007e8        0x0
 .vfp11_veneer  0x000007e8        0x0 linker stubs

.v4_bx          0x000007e8        0x0
 .v4_bx         0x000007e8        0x0 linker stubs

.iplt           0x000007e8        0x0
 .iplt          0x000007e8        0x0 c:/program files (x86)/atmel/studio/7.0/toolchain/arm/arm-gnu-toolchain/bin/../lib/gcc/arm-none-eabi/6.3.1/thumb/v6-m/crtbegin.o

.eh_frame       0x000007e8        0x0
 .eh_frame      0x000007e8        0x0 c:/program files (x86)/atmel/studio/7.0/toolchain/arm/arm-gnu-toolchain/bin/../lib/gcc/arm-none-eabi/6.3.1/thumb/v6-m/crtbegin.o

.rel.dyn        0x000007e8        0x0
 .rel.iplt      0x000007e8        0x0 c:/program files (x86)/atmel/studio/7.0/toolchain/arm/arm-gnu-toolchain/bin/../lib/gcc/arm-none-eabi/6.3.1/thumb/v6-m/crtbegin.o

.jcr            0x000007e8        0x0
 .jcr           0x000007e8        0x0 c:/program files (x86)/atmel/studio/7.0/toolchain/arm/arm-gnu-toolchain/bin/../lib/gcc/arm-none-eabi/6.3.1/thumb/v6-m/crtbegin.o

.igot.plt       0x000007e8        0x0
 .igot.plt      0x000007e8        0x0 c:/program files (x86)/atmel/studio/7.0/toolchain/arm/arm-gnu-toolchain/bin/../lib/gcc/arm-none-eabi/6.3.1/thumb/v6-m/crtbegin.o

.ARM.exidx
 *(.ARM.exidx* .gnu.linkonce.armexidx.*)
                [!provide]                PROVIDE (__exidx_end, .)
                0x000007e8                . = ALIGN (0x4)
                0x000007e8                _etext = .

.relocate       0x20000000        0x4 load address 0x000007e8
                0x20000000                . = ALIGN (0x4)
                0x20000000                _srelocate = .
 *(.ramfunc .ramfunc.*)
 *(.data .data.*)
 .data.g_interrupt_enabled
                0x20000000        0x1 src/ASF/common/utils/interrupt/interrupt_sam_nvic.o
                0x20000000                g_interrupt_enabled
                0x20000004                . = ALIGN (0x4)
 *fill*         0x20000001        0x3 
                0x20000004                _erelocate = .

.lpram          0x30000000        0x0
                0x30000000                . = ALIGN (0x8)
                0x30000000                _slpram = .
 *(.lpram .lpram.*)
                0x30000000                . = ALIGN (0x8)
                0x30000000                _elpram = .

.bss            0x20000004       0x3c load address 0x000007ec
                0x20000004                . = ALIGN (0x4)
                0x20000004                _sbss = .
                0x20000004                _szero = .
 *(.bss .bss.*)
 .bss           0x20000004       0x1c c:/program files (x86)/atmel/studio/7.0/toolchain/arm/arm-gnu-toolchain/bin/../lib/gcc/arm-none-eabi/6.3.1/thumb/v6-m/crtbegin.o
 .bss.cpu_irq_critical_section_counter
                0x20000020        0x4 src/ASF/common/utils/interrupt/interrupt_sam_nvic.o
 .bss.cpu_irq_prev_interrupt_state
                0x20000024        0x1 src/ASF/common/utils/interrupt/interrupt_sam_nvic.o
 *fill*         0x20000025        0x3 
 .bss._system_clock_inst
                0x20000028       0x18 src/ASF/sam0/drivers/system/clock/clock_saml21/clock.o
 *(COMMON)
                0x20000040                . = ALIGN (0x4)
                0x20000040                _ebss = .
                0x20000040                _ezero = .

.stack          0x20000040     0x1000 load address 0x00000828
                0x20000040                . = ALIGN (0x8)
                0x20000040                _sstack = .
                0x20001040                . = (. + STACK_SIZE)
 *fill*         0x20000040     0x1000 
                0x20001040                . = ALIGN (0x8)
                0x20001040                _estack = .
                0x20001040                . = ALIGN (0x4)
                0x20001040                _end = .
OUTPUT(HelloWorld_SAML21.elf elf32-littlearm)

.ARM.attributes
                0x00000000       0x28
 .ARM.attributes
                0x00000000       0x1e c:/program files (x86)/atmel/studio/7.0/toolchain/arm/arm-gnu-toolchain/bin/../lib/gcc/arm-none-eabi/6.3.1/thumb/v6-m/crti.o
 .ARM.attributes
                0x0000001e       0x2c c:/program files (x86)/atmel/studio/7.0/toolchain/arm/arm-gnu-toolchain/bin/../lib/gcc/arm-none-eabi/6.3.1/thumb/v6-m/crtbegin.o
 .ARM.attributes
                0x0000004a       0x32 Device_Startup/startup_saml21.o
 .ARM.attributes
                0x0000007c       0x32 src/ASF/common2/boards/user_board/init.o
 .ARM.attributes
                0x000000ae       0x32 src/ASF/common/utils/interrupt/interrupt_sam_nvic.o
 .ARM.attributes
                0x000000e0       0x32 src/ASF/sam0/drivers/system/clock/clock_saml21/clock.o
 .ARM.attributes
                0x00000112       0x32 src/ASF/sam0/drivers/system/clock/clock_saml21/gclk.o
 .ARM.attributes
                0x00000144       0x32 src/ASF/sam0/drivers/system/system.o
 .ARM.attributes
                0x00000176       0x32 src/ASF/sam0/utils/cmsis/saml21/source/gcc/startup_saml21.o
 .ARM.attributes
                0x000001a8       0x32 src/main.o
 .ARM.attributes
                0x000001da       0x1e c:/program files (x86)/atmel/studio/7.0/toolchain/arm/arm-gnu-toolchain/bin/../lib/gcc/arm-none-eabi/6.3.1/thumb/v6-m\libgcc.a(_udivsi3.o)
 .ARM.attributes
                0x000001f8       0x1e c:/program files (x86)/atmel/studio/7.0/toolchain/arm/arm-gnu-toolchain/bin/../lib/gcc/arm-none-eabi/6.3.1/thumb/v6-m\libgcc.a(_dvmd_tls.o)
 .ARM.attributes
                0x00000216       0x2c c:/program files (x86)/atmel/studio/7.0/toolchain/arm/arm-gnu-toolchain/bin/../lib/gcc/arm-none-eabi/6.3.1/../../../../arm-none-eabi/lib/thumb/v6-m\libc_nano.a(lib_a-init.o)
 .ARM.attributes
                0x00000242       0x1e c:/program files (x86)/atmel/studio/7.0/toolchain/arm/arm-gnu-toolchain/bin/../lib/gcc/arm-none-eabi/6.3.1/thumb/v6-m/crtn.o

.comment        0x00000000       0x59
 .comment       0x00000000       0x59 Device_Startup/startup_saml21.o
                                 0x5a (size before relaxing)
 .comment       0x00000059       0x5a src/ASF/common2/boards/user_board/init.o
 .comment       0x00000059       0x5a src/ASF/common/utils/interrupt/interrupt_sam_nvic.o
 .comment       0x00000059       0x5a src/ASF/sam0/drivers/system/clock/clock_saml21/clock.o
 .comment       0x00000059       0x5a src/ASF/sam0/drivers/system/clock/clock_saml21/gclk.o
 .comment       0x00000059       0x5a src/ASF/sam0/drivers/system/system.o
 .comment       0x00000059       0x5a src/ASF/sam0/utils/cmsis/saml21/source/gcc/startup_saml21.o
 .comment       0x00000059       0x5a src/main.o

.debug_info     0x00000000     0x9fbe
 .debug_info    0x00000000      0xa27 Device_Startup/startup_saml21.o
 .debug_info    0x00000a27      0xa3f src/ASF/common2/boards/user_board/init.o
 .debug_info    0x00001466      0xb05 src/ASF/common/utils/interrupt/interrupt_sam_nvic.o
 .debug_info    0x00001f6b     0x42bc src/ASF/sam0/drivers/system/clock/clock_saml21/clock.o
 .debug_info    0x00006227     0x1e9c src/ASF/sam0/drivers/system/clock/clock_saml21/gclk.o
 .debug_info    0x000080c3      0xa73 src/ASF/sam0/drivers/system/system.o
 .debug_info    0x00008b36      0xa28 src/ASF/sam0/utils/cmsis/saml21/source/gcc/startup_saml21.o
 .debug_info    0x0000955e      0xa60 src/main.o

.debug_abbrev   0x00000000     0x13a9
 .debug_abbrev  0x00000000      0x1e4 Device_Startup/startup_saml21.o
 .debug_abbrev  0x000001e4      0x1be src/ASF/common2/boards/user_board/init.o
 .debug_abbrev  0x000003a2      0x23b src/ASF/common/utils/interrupt/interrupt_sam_nvic.o
 .debug_abbrev  0x000005dd      0x423 src/ASF/sam0/drivers/system/clock/clock_saml21/clock.o
 .debug_abbrev  0x00000a00      0x405 src/ASF/sam0/drivers/system/clock/clock_saml21/gclk.o
 .debug_abbrev  0x00000e05      0x1e1 src/ASF/sam0/drivers/system/system.o
 .debug_abbrev  0x00000fe6      0x1e4 src/ASF/sam0/utils/cmsis/saml21/source/gcc/startup_saml21.o
 .debug_abbrev  0x000011ca      0x1df src/main.o

.debug_loc      0x00000000     0x1240
 .debug_loc     0x00000000       0x40 Device_Startup/startup_saml21.o
 .debug_loc     0x00000040      0xca3 src/ASF/sam0/drivers/system/clock/clock_saml21/clock.o
 .debug_loc     0x00000ce3      0x4dd src/ASF/sam0/drivers/system/clock/clock_saml21/gclk.o
 .debug_loc     0x000011c0       0x20 src/ASF/sam0/drivers/system/system.o
 .debug_loc     0x000011e0       0x40 src/ASF/sam0/utils/cmsis/saml21/source/gcc/startup_saml21.o
 .debug_loc     0x00001220       0x20 src/main.o

.debug_aranges  0x00000000      0x1e0
 .debug_aranges
                0x00000000       0x28 Device_Startup/startup_saml21.o
 .debug_aranges
                0x00000028       0x20 src/ASF/common2/boards/user_board/init.o
 .debug_aranges
                0x00000048       0x28 src/ASF/common/utils/interrupt/interrupt_sam_nvic.o
 .debug_aranges
                0x00000070       0x80 src/ASF/sam0/drivers/system/clock/clock_saml21/clock.o
 .debug_aranges
                0x000000f0       0x80 src/ASF/sam0/drivers/system/clock/clock_saml21/gclk.o
 .debug_aranges
                0x00000170       0x28 src/ASF/sam0/drivers/system/system.o
 .debug_aranges
                0x00000198       0x28 src/ASF/sam0/utils/cmsis/saml21/source/gcc/startup_saml21.o
 .debug_aranges
                0x000001c0       0x20 src/main.o

.debug_ranges   0x00000000      0x178
 .debug_ranges  0x00000000       0x18 Device_Startup/startup_saml21.o
 .debug_ranges  0x00000018       0x10 src/ASF/common2/boards/user_board/init.o
 .debug_ranges  0x00000028       0x18 src/ASF/common/utils/interrupt/interrupt_sam_nvic.o
 .debug_ranges  0x00000040       0x70 src/ASF/sam0/drivers/system/clock/clock_saml21/clock.o
 .debug_ranges  0x000000b0       0x88 src/ASF/sam0/drivers/system/clock/clock_saml21/gclk.o
 .debug_ranges  0x00000138       0x18 src/ASF/sam0/drivers/system/system.o
 .debug_ranges  0x00000150       0x18 src/ASF/sam0/utils/cmsis/saml21/source/gcc/startup_saml21.o
 .debug_ranges  0x00000168       0x10 src/main.o

.debug_macro    0x00000000    0x1956f
 .debug_macro   0x00000000      0x36f Device_Startup/startup_saml21.o
 .debug_macro   0x0000036f      0x8aa Device_Startup/startup_saml21.o
 .debug_macro   0x00000c19       0x22 Device_Startup/startup_saml21.o
 .debug_macro   0x00000c3b       0x87 Device_Startup/startup_saml21.o
 .debug_macro   0x00000cc2       0x51 Device_Startup/startup_saml21.o
 .debug_macro   0x00000d13       0xef Device_Startup/startup_saml21.o
 .debug_macro   0x00000e02       0x6a Device_Startup/startup_saml21.o
 .debug_macro   0x00000e6c      0x1df Device_Startup/startup_saml21.o
 .debug_macro   0x0000104b       0x40 Device_Startup/startup_saml21.o
 .debug_macro   0x0000108b       0x28 Device_Startup/startup_saml21.o
 .debug_macro   0x000010b3       0x85 Device_Startup/startup_saml21.o
 .debug_macro   0x00001138      0x375 Device_Startup/startup_saml21.o
 .debug_macro   0x000014ad      0x713 Device_Startup/startup_saml21.o
 .debug_macro   0x00001bc0      0x8ef Device_Startup/startup_saml21.o
 .debug_macro   0x000024af      0x279 Device_Startup/startup_saml21.o
 .debug_macro   0x00002728      0x21d Device_Startup/startup_saml21.o
 .debug_macro   0x00002945      0x4d0 Device_Startup/startup_saml21.o
 .debug_macro   0x00002e15      0xe12 Device_Startup/startup_saml21.o
 .debug_macro   0x00003c27      0x5b6 Device_Startup/startup_saml21.o
 .debug_macro   0x000041dd      0x5be Device_Startup/startup_saml21.o
 .debug_macro   0x0000479b      0x823 Device_Startup/startup_saml21.o
 .debug_macro   0x00004fbe      0x305 Device_Startup/startup_saml21.o
 .debug_macro   0x000052c3      0x5d3 Device_Startup/startup_saml21.o
 .debug_macro   0x00005896      0x21c Device_Startup/startup_saml21.o
 .debug_macro   0x00005ab2      0x728 Device_Startup/startup_saml21.o
 .debug_macro   0x000061da      0x16e Device_Startup/startup_saml21.o
 .debug_macro   0x00006348      0x70e Device_Startup/startup_saml21.o
 .debug_macro   0x00006a56      0x28c Device_Startup/startup_saml21.o
 .debug_macro   0x00006ce2      0x6fd Device_Startup/startup_saml21.o
 .debug_macro   0x000073df      0x2c4 Device_Startup/startup_saml21.o
 .debug_macro   0x000076a3      0x3c0 Device_Startup/startup_saml21.o
 .debug_macro   0x00007a63      0x19f Device_Startup/startup_saml21.o
 .debug_macro   0x00007c02     0x125f Device_Startup/startup_saml21.o
 .debug_macro   0x00008e61      0xf4c Device_Startup/startup_saml21.o
 .debug_macro   0x00009dad      0x866 Device_Startup/startup_saml21.o
 .debug_macro   0x0000a613      0xa36 Device_Startup/startup_saml21.o
 .debug_macro   0x0000b049      0x8ad Device_Startup/startup_saml21.o
 .debug_macro   0x0000b8f6     0x19bd Device_Startup/startup_saml21.o
 .debug_macro   0x0000d2b3       0xe7 Device_Startup/startup_saml21.o
 .debug_macro   0x0000d39a     0x13e6 Device_Startup/startup_saml21.o
 .debug_macro   0x0000e780      0x369 Device_Startup/startup_saml21.o
 .debug_macro   0x0000eae9       0x7c Device_Startup/startup_saml21.o
 .debug_macro   0x0000eb65       0xac Device_Startup/startup_saml21.o
 .debug_macro   0x0000ec11       0xca Device_Startup/startup_saml21.o
 .debug_macro   0x0000ecdb       0x4c Device_Startup/startup_saml21.o
 .debug_macro   0x0000ed27       0x94 Device_Startup/startup_saml21.o
 .debug_macro   0x0000edbb       0xdc Device_Startup/startup_saml21.o
 .debug_macro   0x0000ee97       0xb2 Device_Startup/startup_saml21.o
 .debug_macro   0x0000ef49       0x64 Device_Startup/startup_saml21.o
 .debug_macro   0x0000efad      0x5b1 Device_Startup/startup_saml21.o
 .debug_macro   0x0000f55e      0x19c Device_Startup/startup_saml21.o
 .debug_macro   0x0000f6fa       0x70 Device_Startup/startup_saml21.o
 .debug_macro   0x0000f76a       0xa0 Device_Startup/startup_saml21.o
 .debug_macro   0x0000f80a       0xc4 Device_Startup/startup_saml21.o
 .debug_macro   0x0000f8ce       0x28 Device_Startup/startup_saml21.o
 .debug_macro   0x0000f8f6       0xa0 Device_Startup/startup_saml21.o
 .debug_macro   0x0000f996       0x40 Device_Startup/startup_saml21.o
 .debug_macro   0x0000f9d6       0x7c Device_Startup/startup_saml21.o
 .debug_macro   0x0000fa52       0x40 Device_Startup/startup_saml21.o
 .debug_macro   0x0000fa92      0x16c Device_Startup/startup_saml21.o
 .debug_macro   0x0000fbfe       0x34 Device_Startup/startup_saml21.o
 .debug_macro   0x0000fc32       0xee Device_Startup/startup_saml21.o
 .debug_macro   0x0000fd20      0x12a Device_Startup/startup_saml21.o
 .debug_macro   0x0000fe4a      0x12a Device_Startup/startup_saml21.o
 .debug_macro   0x0000ff74      0x12a Device_Startup/startup_saml21.o
 .debug_macro   0x0001009e      0x12a Device_Startup/startup_saml21.o
 .debug_macro   0x000101c8      0x12a Device_Startup/startup_saml21.o
 .debug_macro   0x000102f2      0x12a Device_Startup/startup_saml21.o
 .debug_macro   0x0001041c       0x5e Device_Startup/startup_saml21.o
 .debug_macro   0x0001047a      0x197 Device_Startup/startup_saml21.o
 .debug_macro   0x00010611       0xfa Device_Startup/startup_saml21.o
 .debug_macro   0x0001070b       0xfa Device_Startup/startup_saml21.o
 .debug_macro   0x00010805       0xfa Device_Startup/startup_saml21.o
 .debug_macro   0x000108ff       0xfa Device_Startup/startup_saml21.o
 .debug_macro   0x000109f9       0xfa Device_Startup/startup_saml21.o
 .debug_macro   0x00010af3      0x124 Device_Startup/startup_saml21.o
 .debug_macro   0x00010c17       0xfa Device_Startup/startup_saml21.o
 .debug_macro   0x00010d11       0xee Device_Startup/startup_saml21.o
 .debug_macro   0x00010dff       0x2e Device_Startup/startup_saml21.o
 .debug_macro   0x00010e2d      0x40f Device_Startup/startup_saml21.o
 .debug_macro   0x0001123c       0x3a Device_Startup/startup_saml21.o
 .debug_macro   0x00011276      0x448 Device_Startup/startup_saml21.o
 .debug_macro   0x000116be     0x2416 Device_Startup/startup_saml21.o
 .debug_macro   0x00013ad4       0x90 Device_Startup/startup_saml21.o
 .debug_macro   0x00013b64      0x631 src/ASF/common2/boards/user_board/init.o
 .debug_macro   0x00014195      0x16d src/ASF/common2/boards/user_board/init.o
 .debug_macro   0x00014302      0x64b src/ASF/common2/boards/user_board/init.o
 .debug_macro   0x0001494d       0x10 src/ASF/common2/boards/user_board/init.o
 .debug_macro   0x0001495d       0x76 src/ASF/common2/boards/user_board/init.o
 .debug_macro   0x000149d3       0x16 src/ASF/common2/boards/user_board/init.o
 .debug_macro   0x000149e9      0x6e5 src/ASF/common2/boards/user_board/init.o
 .debug_macro   0x000150ce      0xde2 src/ASF/common2/boards/user_board/init.o
 .debug_macro   0x00015eb0       0x22 src/ASF/common2/boards/user_board/init.o
 .debug_macro   0x00015ed2       0x46 src/ASF/common2/boards/user_board/init.o
 .debug_macro   0x00015f18       0x58 src/ASF/common2/boards/user_board/init.o
 .debug_macro   0x00015f70       0x35 src/ASF/common2/boards/user_board/init.o
 .debug_macro   0x00015fa5       0x9c src/ASF/common2/boards/user_board/init.o
 .debug_macro   0x00016041       0x16 src/ASF/common2/boards/user_board/init.o
 .debug_macro   0x00016057       0x35 src/ASF/common2/boards/user_board/init.o
 .debug_macro   0x0001608c      0x353 src/ASF/common2/boards/user_board/init.o
 .debug_macro   0x000163df       0x10 src/ASF/common2/boards/user_board/init.o
 .debug_macro   0x000163ef       0x58 src/ASF/common2/boards/user_board/init.o
 .debug_macro   0x00016447       0x1f src/ASF/common2/boards/user_board/init.o
 .debug_macro   0x00016466       0x43 src/ASF/common2/boards/user_board/init.o
 .debug_macro   0x000164a9       0x20 src/ASF/common2/boards/user_board/init.o
 .debug_macro   0x000164c9      0x187 src/ASF/common2/boards/user_board/init.o
 .debug_macro   0x00016650       0x10 src/ASF/common2/boards/user_board/init.o
 .debug_macro   0x00016660       0x1c src/ASF/common2/boards/user_board/init.o
 .debug_macro   0x0001667c       0x52 src/ASF/common2/boards/user_board/init.o
 .debug_macro   0x000166ce       0x40 src/ASF/common2/boards/user_board/init.o
 .debug_macro   0x0001670e       0x10 src/ASF/common2/boards/user_board/init.o
 .debug_macro   0x0001671e       0x40 src/ASF/common2/boards/user_board/init.o
 .debug_macro   0x0001675e       0xd7 src/ASF/common2/boards/user_board/init.o
 .debug_macro   0x00016835       0x16 src/ASF/common2/boards/user_board/init.o
 .debug_macro   0x0001684b      0x18b src/ASF/common2/boards/user_board/init.o
 .debug_macro   0x000169d6       0x16 src/ASF/common2/boards/user_board/init.o
 .debug_macro   0x000169ec       0x16 src/ASF/common2/boards/user_board/init.o
 .debug_macro   0x00016a02       0x29 src/ASF/common2/boards/user_board/init.o
 .debug_macro   0x00016a2b       0x51 src/ASF/common2/boards/user_board/init.o
 .debug_macro   0x00016a7c       0x3f src/ASF/common2/boards/user_board/init.o
 .debug_macro   0x00016abb      0x3df src/ASF/common2/boards/user_board/init.o
 .debug_macro   0x00016e9a      0x2c6 src/ASF/common2/boards/user_board/init.o
 .debug_macro   0x00017160       0x82 src/ASF/common2/boards/user_board/init.o
 .debug_macro   0x000171e2       0x18 src/ASF/common2/boards/user_board/init.o
 .debug_macro   0x000171fa       0x2e src/ASF/common2/boards/user_board/init.o
 .debug_macro   0x00017228      0x588 src/ASF/common/utils/interrupt/interrupt_sam_nvic.o
 .debug_macro   0x000177b0      0x5f3 src/ASF/sam0/drivers/system/clock/clock_saml21/clock.o
 .debug_macro   0x00017da3      0x29e src/ASF/sam0/drivers/system/clock/clock_saml21/clock.o
 .debug_macro   0x00018041      0x5bf src/ASF/sam0/drivers/system/clock/clock_saml21/gclk.o
 .debug_macro   0x00018600      0x5cf src/ASF/sam0/drivers/system/system.o
 .debug_macro   0x00018bcf      0x36f src/ASF/sam0/utils/cmsis/saml21/source/gcc/startup_saml21.o
 .debug_macro   0x00018f3e      0x631 src/main.o

.debug_line     0x00000000     0x57ab
 .debug_line    0x00000000      0x75b Device_Startup/startup_saml21.o
 .debug_line    0x0000075b      0xc7e src/ASF/common2/boards/user_board/init.o
 .debug_line    0x000013d9      0x9f7 src/ASF/common/utils/interrupt/interrupt_sam_nvic.o
 .debug_line    0x00001dd0      0xda3 src/ASF/sam0/drivers/system/clock/clock_saml21/clock.o
 .debug_line    0x00002b73      0xd34 src/ASF/sam0/drivers/system/clock/clock_saml21/gclk.o
 .debug_line    0x000038a7      0xb0f src/ASF/sam0/drivers/system/system.o
 .debug_line    0x000043b6      0x777 src/ASF/sam0/utils/cmsis/saml21/source/gcc/startup_saml21.o
 .debug_line    0x00004b2d      0xc7e src/main.o

.debug_str      0x00000000    0x97eeb
 .debug_str     0x00000000    0x7eb64 Device_Startup/startup_saml21.o
                              0x7ef79 (size before relaxing)
 .debug_str     0x0007eb64    0x15e72 src/ASF/common2/boards/user_board/init.o
                              0x94a21 (size before relaxing)
 .debug_str     0x000949d6       0x94 src/ASF/common/utils/interrupt/interrupt_sam_nvic.o
                              0x93d33 (size before relaxing)
 .debug_str     0x00094a6a     0x30b4 src/ASF/sam0/drivers/system/clock/clock_saml21/clock.o
                              0x97274 (size before relaxing)
 .debug_str     0x00097b1e      0x339 src/ASF/sam0/drivers/system/clock/clock_saml21/gclk.o
                              0x94a3b (size before relaxing)
 .debug_str     0x00097e57       0x47 src/ASF/sam0/drivers/system/system.o
                              0x93dc3 (size before relaxing)
 .debug_str     0x00097e9e       0x3f src/ASF/sam0/utils/cmsis/saml21/source/gcc/startup_saml21.o
                              0x7ef95 (size before relaxing)
 .debug_str     0x00097edd        0xe src/main.o
                              0x94a02 (size before relaxing)

.debug_frame    0x00000000      0x410
 .debug_frame   0x00000000       0x38 Device_Startup/startup_saml21.o
 .debug_frame   0x00000038       0x20 src/ASF/common2/boards/user_board/init.o
 .debug_frame   0x00000058       0x30 src/ASF/common/utils/interrupt/interrupt_sam_nvic.o
 .debug_frame   0x00000088      0x154 src/ASF/sam0/drivers/system/clock/clock_saml21/clock.o
 .debug_frame   0x000001dc      0x150 src/ASF/sam0/drivers/system/clock/clock_saml21/gclk.o
 .debug_frame   0x0000032c       0x38 src/ASF/sam0/drivers/system/system.o
 .debug_frame   0x00000364       0x38 src/ASF/sam0/utils/cmsis/saml21/source/gcc/startup_saml21.o
 .debug_frame   0x0000039c       0x28 src/main.o
 .debug_frame   0x000003c4       0x20 c:/program files (x86)/atmel/studio/7.0/toolchain/arm/arm-gnu-toolchain/bin/../lib/gcc/arm-none-eabi/6.3.1/thumb/v6-m\libgcc.a(_udivsi3.o)
 .debug_frame   0x000003e4       0x2c c:/program files (x86)/atmel/studio/7.0/toolchain/arm/arm-gnu-toolchain/bin/../lib/gcc/arm-none-eabi/6.3.1/../../../../arm-none-eabi/lib/thumb/v6-m\libc_nano.a(lib_a-init.o)

Cross Reference Table

Symbol                                            File
AC_Handler                                        Device_Startup/startup_saml21.o
ADC_Handler                                       Device_Startup/startup_saml21.o
AES_Handler                                       Device_Startup/startup_saml21.o
DAC_Handler                                       Device_Startup/startup_saml21.o
DMAC_Handler                                      Device_Startup/startup_saml21.o
Dummy_Handler                                     src/ASF/sam0/utils/cmsis/saml21/source/gcc/startup_saml21.o
                                                  Device_Startup/startup_saml21.o
EIC_Handler                                       Device_Startup/startup_saml21.o
EVSYS_Handler                                     Device_Startup/startup_saml21.o
HardFault_Handler                                 Device_Startup/startup_saml21.o
NMI_Handler                                       Device_Startup/startup_saml21.o
NVMCTRL_Handler                                   Device_Startup/startup_saml21.o
PTC_Handler                                       Device_Startup/startup_saml21.o
PendSV_Handler                                    Device_Startup/startup_saml21.o
RTC_Handler                                       Device_Startup/startup_saml21.o
Reset_Handler                                     src/ASF/sam0/utils/cmsis/saml21/source/gcc/startup_saml21.o
                                                  Device_Startup/startup_saml21.o
SERCOM0_Handler                                   Device_Startup/startup_saml21.o
SERCOM1_Handler                                   Device_Startup/startup_saml21.o
SERCOM2_Handler                                   Device_Startup/startup_saml21.o
SERCOM3_Handler                                   Device_Startup/startup_saml21.o
SERCOM4_Handler                                   Device_Startup/startup_saml21.o
SERCOM5_Handler                                   Device_Startup/startup_saml21.o
SVC_Handler                                       Device_Startup/startup_saml21.o
SYSTEM_Handler                                    Device_Startup/startup_saml21.o
SysTick_Handler                                   Device_Startup/startup_saml21.o
SystemCoreClock                                   src/ASF/sam0/utils/cmsis/saml21/source/system_saml21.o
                                                  Device_Startup/system_saml21.o
SystemCoreClockUpdate                             src/ASF/sam0/utils/cmsis/saml21/source/system_saml21.o
                                                  Device_Startup/system_saml21.o
SystemInit                                        src/ASF/sam0/utils/cmsis/saml21/source/system_saml21.o
                                                  Device_Startup/system_saml21.o
TC0_Handler                                       Device_Startup/startup_saml21.o
TC1_Handler                                       Device_Startup/startup_saml21.o
TC2_Handler                                       Device_Startup/startup_saml21.o
TC3_Handler                                       Device_Startup/startup_saml21.o
TC4_Handler                                       Device_Startup/startup_saml21.o
TCC0_Handler                                      Device_Startup/startup_saml21.o
TCC1_Handler                                      Device_Startup/startup_saml21.o
TCC2_Handler                                      Device_Startup/startup_saml21.o
TRNG_Handler                                      Device_Startup/startup_saml21.o
USB_Handler                                       Device_Startup/startup_saml21.o
WDT_Handler                                       Device_Startup/startup_saml21.o
_Jv_RegisterClasses                               c:/program files (x86)/atmel/studio/7.0/toolchain/arm/arm-gnu-toolchain/bin/../lib/gcc/arm-none-eabi/6.3.1/thumb/v6-m/crtbegin.o
__aeabi_idiv0                                     c:/program files (x86)/atmel/studio/7.0/toolchain/arm/arm-gnu-toolchain/bin/../lib/gcc/arm-none-eabi/6.3.1/thumb/v6-m\libgcc.a(_dvmd_tls.o)
                                                  c:/program files (x86)/atmel/studio/7.0/toolchain/arm/arm-gnu-toolchain/bin/../lib/gcc/arm-none-eabi/6.3.1/thumb/v6-m\libgcc.a(_udivsi3.o)
__aeabi_ldiv0                                     c:/program files (x86)/atmel/studio/7.0/toolchain/arm/arm-gnu-toolchain/bin/../lib/gcc/arm-none-eabi/6.3.1/thumb/v6-m\libgcc.a(_dvmd_tls.o)
__aeabi_uidiv                                     c:/program files (x86)/atmel/studio/7.0/toolchain/arm/arm-gnu-toolchain/bin/../lib/gcc/arm-none-eabi/6.3.1/thumb/v6-m\libgcc.a(_udivsi3.o)
                                                  src/ASF/sam0/drivers/system/clock/clock_saml21/gclk.o
                                                  src/ASF/sam0/drivers/system/clock/clock_saml21/clock.o
__aeabi_uidivmod                                  c:/program files (x86)/atmel/studio/7.0/toolchain/arm/arm-gnu-toolchain/bin/../lib/gcc/arm-none-eabi/6.3.1/thumb/v6-m\libgcc.a(_udivsi3.o)
__bss_end__                                       c:/program files (x86)/atmel/studio/7.0/toolchain/arm/arm-gnu-toolchain/bin/../lib/gcc/arm-none-eabi/6.3.1/../../../../arm-none-eabi/lib/thumb/v6-m/crt0.o
__bss_start__                                     c:/program files (x86)/atmel/studio/7.0/toolchain/arm/arm-gnu-toolchain/bin/../lib/gcc/arm-none-eabi/6.3.1/../../../../arm-none-eabi/lib/thumb/v6-m/crt0.o
__call_exitprocs                                  c:/program files (x86)/atmel/studio/7.0/toolchain/arm/arm-gnu-toolchain/bin/../lib/gcc/arm-none-eabi/6.3.1/../../../../arm-none-eabi/lib/thumb/v6-m\libc_nano.a(lib_a-exit.o)
__deregister_frame_info                           c:/program files (x86)/atmel/studio/7.0/toolchain/arm/arm-gnu-toolchain/bin/../lib/gcc/arm-none-eabi/6.3.1/thumb/v6-m/crtbegin.o
__dso_handle                                      c:/program files (x86)/atmel/studio/7.0/toolchain/arm/arm-gnu-toolchain/bin/../lib/gcc/arm-none-eabi/6.3.1/thumb/v6-m/crtbegin.o
__init_array_end                                  c:/program files (x86)/atmel/studio/7.0/toolchain/arm/arm-gnu-toolchain/bin/../lib/gcc/arm-none-eabi/6.3.1/../../../../arm-none-eabi/lib/thumb/v6-m\libc_nano.a(lib_a-init.o)
__init_array_start                                c:/program files (x86)/atmel/studio/7.0/toolchain/arm/arm-gnu-toolchain/bin/../lib/gcc/arm-none-eabi/6.3.1/../../../../arm-none-eabi/lib/thumb/v6-m\libc_nano.a(lib_a-init.o)
__libc_fini_array                                 c:/program files (x86)/atmel/studio/7.0/toolchain/arm/arm-gnu-toolchain/bin/../lib/gcc/arm-none-eabi/6.3.1/../../../../arm-none-eabi/lib/thumb/v6-m/crt0.o
__libc_init_array                                 c:/program files (x86)/atmel/studio/7.0/toolchain/arm/arm-gnu-toolchain/bin/../lib/gcc/arm-none-eabi/6.3.1/../../../../arm-none-eabi/lib/thumb/v6-m\libc_nano.a(lib_a-init.o)
                                                  src/ASF/sam0/utils/cmsis/saml21/source/gcc/startup_saml21.o
                                                  Device_Startup/startup_saml21.o
                                                  c:/program files (x86)/atmel/studio/7.0/toolchain/arm/arm-gnu-toolchain/bin/../lib/gcc/arm-none-eabi/6.3.1/../../../../arm-none-eabi/lib/thumb/v6-m/crt0.o
__preinit_array_end                               c:/program files (x86)/atmel/studio/7.0/toolchain/arm/arm-gnu-toolchain/bin/../lib/gcc/arm-none-eabi/6.3.1/../../../../arm-none-eabi/lib/thumb/v6-m\libc_nano.a(lib_a-init.o)
__preinit_array_start                             c:/program files (x86)/atmel/studio/7.0/toolchain/arm/arm-gnu-toolchain/bin/../lib/gcc/arm-none-eabi/6.3.1/../../../../arm-none-eabi/lib/thumb/v6-m\libc_nano.a(lib_a-init.o)
__register_frame_info                             c:/program files (x86)/atmel/studio/7.0/toolchain/arm/arm-gnu-toolchain/bin/../lib/gcc/arm-none-eabi/6.3.1/thumb/v6-m/crtbegin.o
__sf_fake_stderr                                  c:/program files (x86)/atmel/studio/7.0/toolchain/arm/arm-gnu-toolchain/bin/../lib/gcc/arm-none-eabi/6.3.1/../../../../arm-none-eabi/lib/thumb/v6-m\libc_nano.a(lib_a-impure.o)
__sf_fake_stdin                                   c:/program files (x86)/atmel/studio/7.0/toolchain/arm/arm-gnu-toolchain/bin/../lib/gcc/arm-none-eabi/6.3.1/../../../../arm-none-eabi/lib/thumb/v6-m\libc_nano.a(lib_a-impure.o)
__sf_fake_stdout                                  c:/program files (x86)/atmel/studio/7.0/toolchain/arm/arm-gnu-toolchain/bin/../lib/gcc/arm-none-eabi/6.3.1/../../../../arm-none-eabi/lib/thumb/v6-m\libc_nano.a(lib_a-impure.o)
__stack                                           c:/program files (x86)/atmel/studio/7.0/toolchain/arm/arm-gnu-toolchain/bin/../lib/gcc/arm-none-eabi/6.3.1/../../../../arm-none-eabi/lib/thumb/v6-m/crt0.o
__udivsi3                                         c:/program files (x86)/atmel/studio/7.0/toolchain/arm/arm-gnu-toolchain/bin/../lib/gcc/arm-none-eabi/6.3.1/thumb/v6-m\libgcc.a(_udivsi3.o)
_close                                            src/ASF/sam0/utils/syscalls/gcc/syscalls.o
_end                                              src/ASF/sam0/utils/syscalls/gcc/syscalls.o
_erelocate                                        src/ASF/sam0/utils/cmsis/saml21/source/gcc/startup_saml21.o
                                                  Device_Startup/startup_saml21.o
_estack                                           src/ASF/sam0/utils/cmsis/saml21/source/gcc/startup_saml21.o
                                                  Device_Startup/startup_saml21.o
_etext                                            src/ASF/sam0/utils/cmsis/saml21/source/gcc/startup_saml21.o
                                                  Device_Startup/startup_saml21.o
_exit                                             src/ASF/sam0/utils/syscalls/gcc/syscalls.o
                                                  c:/program files (x86)/atmel/studio/7.0/toolchain/arm/arm-gnu-toolchain/bin/../lib/gcc/arm-none-eabi/6.3.1/../../../../arm-none-eabi/lib/thumb/v6-m\libc_nano.a(lib_a-exit.o)
_ezero                                            src/ASF/sam0/utils/cmsis/saml21/source/gcc/startup_saml21.o
                                                  Device_Startup/startup_saml21.o
_fini                                             c:/program files (x86)/atmel/studio/7.0/toolchain/arm/arm-gnu-toolchain/bin/../lib/gcc/arm-none-eabi/6.3.1/thumb/v6-m/crti.o
_fstat                                            src/ASF/sam0/utils/syscalls/gcc/syscalls.o
_getpid                                           src/ASF/sam0/utils/syscalls/gcc/syscalls.o
_global_impure_ptr                                c:/program files (x86)/atmel/studio/7.0/toolchain/arm/arm-gnu-toolchain/bin/../lib/gcc/arm-none-eabi/6.3.1/../../../../arm-none-eabi/lib/thumb/v6-m\libc_nano.a(lib_a-impure.o)
                                                  c:/program files (x86)/atmel/studio/7.0/toolchain/arm/arm-gnu-toolchain/bin/../lib/gcc/arm-none-eabi/6.3.1/../../../../arm-none-eabi/lib/thumb/v6-m\libc_nano.a(lib_a-exit.o)
_impure_ptr                                       c:/program files (x86)/atmel/studio/7.0/toolchain/arm/arm-gnu-toolchain/bin/../lib/gcc/arm-none-eabi/6.3.1/../../../../arm-none-eabi/lib/thumb/v6-m\libc_nano.a(lib_a-impure.o)
_init                                             c:/program files (x86)/atmel/studio/7.0/toolchain/arm/arm-gnu-toolchain/bin/../lib/gcc/arm-none-eabi/6.3.1/thumb/v6-m/crti.o
                                                  c:/program files (x86)/atmel/studio/7.0/toolchain/arm/arm-gnu-toolchain/bin/../lib/gcc/arm-none-eabi/6.3.1/../../../../arm-none-eabi/lib/thumb/v6-m\libc_nano.a(lib_a-init.o)
_isatty                                           src/ASF/sam0/utils/syscalls/gcc/syscalls.o
_kill                                             src/ASF/sam0/utils/syscalls/gcc/syscalls.o
_lseek                                            src/ASF/sam0/utils/syscalls/gcc/syscalls.o
_mainCRTStartup                                   c:/program files (x86)/atmel/studio/7.0/toolchain/arm/arm-gnu-toolchain/bin/../lib/gcc/arm-none-eabi/6.3.1/../../../../arm-none-eabi/lib/thumb/v6-m/crt0.o
_sbrk                                             src/ASF/sam0/utils/syscalls/gcc/syscalls.o
_sfixed                                           src/ASF/sam0/utils/cmsis/saml21/source/gcc/startup_saml21.o
                                                  Device_Startup/startup_saml21.o
_srelocate                                        src/ASF/sam0/utils/cmsis/saml21/source/gcc/startup_saml21.o
                                                  Device_Startup/startup_saml21.o
_start                                            c:/program files (x86)/atmel/studio/7.0/toolchain/arm/arm-gnu-toolchain/bin/../lib/gcc/arm-none-eabi/6.3.1/../../../../arm-none-eabi/lib/thumb/v6-m/crt0.o
_system_divas_init                                src/ASF/sam0/drivers/system/system.o
_system_dummy_init                                src/ASF/sam0/drivers/system/system.o
_system_events_init                               src/ASF/sam0/drivers/system/system.o
_system_extint_init                               src/ASF/sam0/drivers/system/system.o
_szero                                            src/ASF/sam0/utils/cmsis/saml21/source/gcc/startup_saml21.o
                                                  Device_Startup/startup_saml21.o
atexit                                            c:/program files (x86)/atmel/studio/7.0/toolchain/arm/arm-gnu-toolchain/bin/../lib/gcc/arm-none-eabi/6.3.1/../../../../arm-none-eabi/lib/thumb/v6-m/crt0.o
board_init                                        src/ASF/common2/boards/user_board/init.o
cpu_irq_enter_critical                            src/ASF/common/utils/interrupt/interrupt_sam_nvic.o
                                                  src/ASF/sam0/drivers/system/clock/clock_saml21/gclk.o
cpu_irq_leave_critical                            src/ASF/common/utils/interrupt/interrupt_sam_nvic.o
                                                  src/ASF/sam0/drivers/system/clock/clock_saml21/gclk.o
exception_table                                   src/ASF/sam0/utils/cmsis/saml21/source/gcc/startup_saml21.o
                                                  Device_Startup/startup_saml21.o
exit                                              c:/program files (x86)/atmel/studio/7.0/toolchain/arm/arm-gnu-toolchain/bin/../lib/gcc/arm-none-eabi/6.3.1/../../../../arm-none-eabi/lib/thumb/v6-m\libc_nano.a(lib_a-exit.o)
                                                  c:/program files (x86)/atmel/studio/7.0/toolchain/arm/arm-gnu-toolchain/bin/../lib/gcc/arm-none-eabi/6.3.1/../../../../arm-none-eabi/lib/thumb/v6-m/crt0.o
g_interrupt_enabled                               src/ASF/common/utils/interrupt/interrupt_sam_nvic.o
hardware_init_hook                                c:/program files (x86)/atmel/studio/7.0/toolchain/arm/arm-gnu-toolchain/bin/../lib/gcc/arm-none-eabi/6.3.1/../../../../arm-none-eabi/lib/thumb/v6-m/crt0.o
link                                              src/ASF/sam0/utils/syscalls/gcc/syscalls.o
main                                              src/main.o
                                                  src/ASF/sam0/utils/cmsis/saml21/source/gcc/startup_saml21.o
                                                  Device_Startup/startup_saml21.o
                                                  c:/program files (x86)/atmel/studio/7.0/toolchain/arm/arm-gnu-toolchain/bin/../lib/gcc/arm-none-eabi/6.3.1/../../../../arm-none-eabi/lib/thumb/v6-m/crt0.o
memset                                            c:/program files (x86)/atmel/studio/7.0/toolchain/arm/arm-gnu-toolchain/bin/../lib/gcc/arm-none-eabi/6.3.1/../../../../arm-none-eabi/lib/thumb/v6-m\libc_nano.a(lib_a-memset.o)
                                                  c:/program files (x86)/atmel/studio/7.0/toolchain/arm/arm-gnu-toolchain/bin/../lib/gcc/arm-none-eabi/6.3.1/../../../../arm-none-eabi/lib/thumb/v6-m/crt0.o
software_init_hook                                c:/program files (x86)/atmel/studio/7.0/toolchain/arm/arm-gnu-toolchain/bin/../lib/gcc/arm-none-eabi/6.3.1/../../../../arm-none-eabi/lib/thumb/v6-m/crt0.o
system_board_init                                 src/ASF/common2/boards/user_board/init.o
system_clock_init                                 src/ASF/sam0/drivers/system/clock/clock_saml21/clock.o
system_clock_source_dfll_set_config               src/ASF/sam0/drivers/system/clock/clock_saml21/clock.o
system_clock_source_disable                       src/ASF/sam0/drivers/system/clock/clock_saml21/clock.o
system_clock_source_dpll_set_config               src/ASF/sam0/drivers/system/clock/clock_saml21/clock.o
system_clock_source_enable                        src/ASF/sam0/drivers/system/clock/clock_saml21/clock.o
system_clock_source_get_hz                        src/ASF/sam0/drivers/system/clock/clock_saml21/clock.o
                                                  src/ASF/sam0/drivers/system/clock/clock_saml21/gclk.o
system_clock_source_is_ready                      src/ASF/sam0/drivers/system/clock/clock_saml21/clock.o
system_clock_source_osc16m_set_config             src/ASF/sam0/drivers/system/clock/clock_saml21/clock.o
system_clock_source_osc32k_set_config             src/ASF/sam0/drivers/system/clock/clock_saml21/clock.o
system_clock_source_osculp32k_set_config          src/ASF/sam0/drivers/system/clock/clock_saml21/clock.o
system_clock_source_write_calibration             src/ASF/sam0/drivers/system/clock/clock_saml21/clock.o
system_clock_source_xosc32k_set_config            src/ASF/sam0/drivers/system/clock/clock_saml21/clock.o
system_clock_source_xosc_set_config               src/ASF/sam0/drivers/system/clock/clock_saml21/clock.o
system_gclk_chan_disable                          src/ASF/sam0/drivers/system/clock/clock_saml21/gclk.o
system_gclk_chan_enable                           src/ASF/sam0/drivers/system/clock/clock_saml21/gclk.o
system_gclk_chan_get_hz                           src/ASF/sam0/drivers/system/clock/clock_saml21/gclk.o
                                                  src/ASF/sam0/drivers/system/clock/clock_saml21/clock.o
system_gclk_chan_is_enabled                       src/ASF/sam0/drivers/system/clock/clock_saml21/gclk.o
system_gclk_chan_is_locked                        src/ASF/sam0/drivers/system/clock/clock_saml21/gclk.o
system_gclk_chan_lock                             src/ASF/sam0/drivers/system/clock/clock_saml21/gclk.o
system_gclk_chan_set_config                       src/ASF/sam0/drivers/system/clock/clock_saml21/gclk.o
system_gclk_gen_disable                           src/ASF/sam0/drivers/system/clock/clock_saml21/gclk.o
system_gclk_gen_enable                            src/ASF/sam0/drivers/system/clock/clock_saml21/gclk.o
                                                  src/ASF/sam0/drivers/system/clock/clock_saml21/clock.o
system_gclk_gen_get_hz                            src/ASF/sam0/drivers/system/clock/clock_saml21/gclk.o
                                                  src/ASF/sam0/drivers/system/clock/clock_saml21/clock.o
system_gclk_gen_is_enabled                        src/ASF/sam0/drivers/system/clock/clock_saml21/gclk.o
system_gclk_gen_set_config                        src/ASF/sam0/drivers/system/clock/clock_saml21/gclk.o
                                                  src/ASF/sam0/drivers/system/clock/clock_saml21/clock.o
system_gclk_init                                  src/ASF/sam0/drivers/system/clock/clock_saml21/gclk.o
                                                  src/ASF/sam0/drivers/system/clock/clock_saml21/clock.o
system_init                                       src/ASF/sam0/drivers/system/system.o
                                                  src/main.o
system_interrupt_clear_pending                    src/ASF/sam0/drivers/system/interrupt/system_interrupt.o
system_interrupt_get_priority                     src/ASF/sam0/drivers/system/interrupt/system_interrupt.o
system_interrupt_is_pending                       src/ASF/sam0/drivers/system/interrupt/system_interrupt.o
system_interrupt_set_pending                      src/ASF/sam0/drivers/system/interrupt/system_interrupt.o
system_interrupt_set_priority                     src/ASF/sam0/drivers/system/interrupt/system_interrupt.o
system_pinmux_group_set_config                    src/ASF/sam0/drivers/system/pinmux/pinmux.o
system_pinmux_group_set_input_sample_mode         src/ASF/sam0/drivers/system/pinmux/pinmux.o
system_pinmux_group_set_output_strength           src/ASF/sam0/drivers/system/pinmux/pinmux.o
system_pinmux_pin_set_config                      src/ASF/sam0/drivers/system/pinmux/pinmux.o
