Archive member included to satisfy reference by file (symbol)

c:/program files (x86)/atmel/studio/7.0/toolchain/arm/arm-gnu-toolchain/bin/../lib/gcc/arm-none-eabi/6.3.1/thumb/v6-m\libgcc.a(_udivsi3.o)
                              src/ASF/common2/services/delay/sam0/systick_counter.o (__aeabi_uidiv)
c:/program files (x86)/atmel/studio/7.0/toolchain/arm/arm-gnu-toolchain/bin/../lib/gcc/arm-none-eabi/6.3.1/thumb/v6-m\libgcc.a(_dvmd_tls.o)
                              c:/program files (x86)/atmel/studio/7.0/toolchain/arm/arm-gnu-toolchain/bin/../lib/gcc/arm-none-eabi/6.3.1/thumb/v6-m\libgcc.a(_udivsi3.o) (__aeabi_idiv0)
c:/program files (x86)/atmel/studio/7.0/toolchain/arm/arm-gnu-toolchain/bin/../lib/gcc/arm-none-eabi/6.3.1/../../../../arm-none-eabi/lib/thumb/v6-m\libc_nano.a(lib_a-exit.o)
                              c:/program files (x86)/atmel/studio/7.0/toolchain/arm/arm-gnu-toolchain/bin/../lib/gcc/arm-none-eabi/6.3.1/../../../../arm-none-eabi/lib/thumb/v6-m/crt0.o (exit)
c:/program files (x86)/atmel/studio/7.0/toolchain/arm/arm-gnu-toolchain/bin/../lib/gcc/arm-none-eabi/6.3.1/../../../../arm-none-eabi/lib/thumb/v6-m\libc_nano.a(lib_a-impure.o)
                              c:/program files (x86)/atmel/studio/7.0/toolchain/arm/arm-gnu-toolchain/bin/../lib/gcc/arm-none-eabi/6.3.1/../../../../arm-none-eabi/lib/thumb/v6-m\libc_nano.a(lib_a-exit.o) (_global_impure_ptr)
c:/program files (x86)/atmel/studio/7.0/toolchain/arm/arm-gnu-toolchain/bin/../lib/gcc/arm-none-eabi/6.3.1/../../../../arm-none-eabi/lib/thumb/v6-m\libc_nano.a(lib_a-init.o)
                              c:/program files (x86)/atmel/studio/7.0/toolchain/arm/arm-gnu-toolchain/bin/../lib/gcc/arm-none-eabi/6.3.1/../../../../arm-none-eabi/lib/thumb/v6-m/crt0.o (__libc_init_array)
c:/program files (x86)/atmel/studio/7.0/toolchain/arm/arm-gnu-toolchain/bin/../lib/gcc/arm-none-eabi/6.3.1/../../../../arm-none-eabi/lib/thumb/v6-m\libc_nano.a(lib_a-memset.o)
                              c:/program files (x86)/atmel/studio/7.0/toolchain/arm/arm-gnu-toolchain/bin/../lib/gcc/arm-none-eabi/6.3.1/../../../../arm-none-eabi/lib/thumb/v6-m/crt0.o (memset)

Discarded input sections

 .text          0x00000000        0x0 c:/program files (x86)/atmel/studio/7.0/toolchain/arm/arm-gnu-toolchain/bin/../lib/gcc/arm-none-eabi/6.3.1/thumb/v6-m/crti.o
 .data          0x00000000        0x0 c:/program files (x86)/atmel/studio/7.0/toolchain/arm/arm-gnu-toolchain/bin/../lib/gcc/arm-none-eabi/6.3.1/thumb/v6-m/crti.o
 .bss           0x00000000        0x0 c:/program files (x86)/atmel/studio/7.0/toolchain/arm/arm-gnu-toolchain/bin/../lib/gcc/arm-none-eabi/6.3.1/thumb/v6-m/crti.o
 .data          0x00000000        0x4 c:/program files (x86)/atmel/studio/7.0/toolchain/arm/arm-gnu-toolchain/bin/../lib/gcc/arm-none-eabi/6.3.1/thumb/v6-m/crtbegin.o
 .text          0x00000000       0x78 c:/program files (x86)/atmel/studio/7.0/toolchain/arm/arm-gnu-toolchain/bin/../lib/gcc/arm-none-eabi/6.3.1/../../../../arm-none-eabi/lib/thumb/v6-m/crt0.o
 .data          0x00000000        0x0 c:/program files (x86)/atmel/studio/7.0/toolchain/arm/arm-gnu-toolchain/bin/../lib/gcc/arm-none-eabi/6.3.1/../../../../arm-none-eabi/lib/thumb/v6-m/crt0.o
 .bss           0x00000000        0x0 c:/program files (x86)/atmel/studio/7.0/toolchain/arm/arm-gnu-toolchain/bin/../lib/gcc/arm-none-eabi/6.3.1/../../../../arm-none-eabi/lib/thumb/v6-m/crt0.o
 .ARM.extab     0x00000000        0x0 c:/program files (x86)/atmel/studio/7.0/toolchain/arm/arm-gnu-toolchain/bin/../lib/gcc/arm-none-eabi/6.3.1/../../../../arm-none-eabi/lib/thumb/v6-m/crt0.o
 .ARM.exidx     0x00000000        0x8 c:/program files (x86)/atmel/studio/7.0/toolchain/arm/arm-gnu-toolchain/bin/../lib/gcc/arm-none-eabi/6.3.1/../../../../arm-none-eabi/lib/thumb/v6-m/crt0.o
 .ARM.attributes
                0x00000000       0x1b c:/program files (x86)/atmel/studio/7.0/toolchain/arm/arm-gnu-toolchain/bin/../lib/gcc/arm-none-eabi/6.3.1/../../../../arm-none-eabi/lib/thumb/v6-m/crt0.o
 .group         0x00000000        0x8 main.o
 .group         0x00000000        0x8 main.o
 .group         0x00000000        0x8 main.o
 .group         0x00000000        0x8 main.o
 .group         0x00000000        0x8 main.o
 .group         0x00000000        0x8 main.o
 .group         0x00000000        0x8 main.o
 .group         0x00000000        0x8 main.o
 .group         0x00000000        0x8 main.o
 .group         0x00000000        0x8 main.o
 .group         0x00000000        0x8 main.o
 .group         0x00000000        0x8 main.o
 .group         0x00000000        0x8 main.o
 .group         0x00000000        0x8 main.o
 .group         0x00000000        0x8 main.o
 .group         0x00000000        0x8 main.o
 .group         0x00000000        0x8 main.o
 .group         0x00000000        0x8 main.o
 .group         0x00000000        0x8 main.o
 .group         0x00000000        0x8 main.o
 .group         0x00000000        0x8 main.o
[...]
Memory Configuration

Name             Origin             Length             Attributes
rom              0x00000000         0x00020000         xr
ram              0x20000000         0x00004000         xrw
lpram            0x30000000         0x00002000         xrw
*default*        0x00000000         0xffffffff

Linker script and memory map

LOAD c:/program files (x86)/atmel/studio/7.0/toolchain/arm/arm-gnu-toolchain/bin/../lib/gcc/arm-none-eabi/6.3.1/thumb/v6-m/crti.o
LOAD c:/program files (x86)/atmel/studio/7.0/toolchain/arm/arm-gnu-toolchain/bin/../lib/gcc/arm-none-eabi/6.3.1/thumb/v6-m/crtbegin.o
LOAD c:/program files (x86)/atmel/studio/7.0/toolchain/arm/arm-gnu-toolchain/bin/../lib/gcc/arm-none-eabi/6.3.1/../../../../arm-none-eabi/lib/thumb/v6-m/crt0.o
LOAD main.o
LOAD src/ASF/common2/boards/user_board/init.o
LOAD src/ASF/common2/services/delay/sam0/systick_counter.o
LOAD src/ASF/common/utils/interrupt/interrupt_sam_nvic.o
LOAD src/ASF/sam0/drivers/system/clock/clock_saml21/clock.o
LOAD src/ASF/sam0/drivers/system/clock/clock_saml21/gclk.o
LOAD src/ASF/sam0/drivers/system/interrupt/system_interrupt.o
LOAD src/ASF/sam0/drivers/system/pinmux/pinmux.o
LOAD src/ASF/sam0/drivers/system/system.o
LOAD src/ASF/sam0/utils/cmsis/saml21/source/gcc/startup_saml21.o
LOAD src/ASF/sam0/utils/cmsis/saml21/source/system_saml21.o
LOAD src/ASF/sam0/utils/syscalls/gcc/syscalls.o
START GROUP
LOAD ../src/ASF/thirdparty/CMSIS/Lib/GCC\libarm_cortexM0l_math.a
LOAD c:/program files (x86)/atmel/studio/7.0/toolchain/arm/arm-gnu-toolchain/bin/../lib/gcc/arm-none-eabi/6.3.1/../../../../arm-none-eabi/lib/thumb/v6-m\libm.a
END GROUP
START GROUP
LOAD c:/program files (x86)/atmel/studio/7.0/toolchain/arm/arm-gnu-toolchain/bin/../lib/gcc/arm-none-eabi/6.3.1/thumb/v6-m\libgcc.a
LOAD c:/program files (x86)/atmel/studio/7.0/toolchain/arm/arm-gnu-toolchain/bin/../lib/gcc/arm-none-eabi/6.3.1/../../../../arm-none-eabi/lib/thumb/v6-m\libc_nano.a
END GROUP
START GROUP
LOAD c:/program files (x86)/atmel/studio/7.0/toolchain/arm/arm-gnu-toolchain/bin/../lib/gcc/arm-none-eabi/6.3.1/thumb/v6-m\libgcc.a
LOAD c:/program files (x86)/atmel/studio/7.0/toolchain/arm/arm-gnu-toolchain/bin/../lib/gcc/arm-none-eabi/6.3.1/../../../../arm-none-eabi/lib/thumb/v6-m\libc_nano.a
END GROUP
LOAD c:/program files (x86)/atmel/studio/7.0/toolchain/arm/arm-gnu-toolchain/bin/../lib/gcc/arm-none-eabi/6.3.1/thumb/v6-m/crtend.o
LOAD c:/program files (x86)/atmel/studio/7.0/toolchain/arm/arm-gnu-toolchain/bin/../lib/gcc/arm-none-eabi/6.3.1/thumb/v6-m/crtn.o
                0x00001000                STACK_SIZE = DEFINED (STACK_SIZE)?STACK_SIZE:DEFINED (__stack_size__)?__stack_size__:0x1000

.text           0x00000000      0x4e0
                0x00000000                . = ALIGN (0x4)
                0x00000000                _sfixed = .
 *(.vectors .vectors.*)
 .vectors       0x00000000       0xb4 src/ASF/sam0/utils/cmsis/saml21/source/gcc/startup_saml21.o
                0x00000000                exception_table
 *(.text .text.* .gnu.linkonce.t.*)
 .text          0x000000b4       0x60 c:/program files (x86)/atmel/studio/7.0/toolchain/arm/arm-gnu-toolchain/bin/../lib/gcc/arm-none-eabi/6.3.1/thumb/v6-m/crtbegin.o
 .text.arch_ioport_pin_to_port_id
                0x00000114       0x14 main.o
 .text.arch_ioport_port_to_base
                0x00000128       0x20 main.o
 .text.arch_ioport_pin_to_base
                0x00000148       0x2c main.o
 .text.arch_ioport_pin_to_mask
                0x00000174       0x1c main.o
 .text.arch_ioport_init
                0x00000190        0xa main.o
 *fill*         0x0000019a        0x2 
 .text.arch_ioport_set_pin_dir
                0x0000019c       0x7c main.o
 .text.arch_ioport_set_pin_level
                0x00000218       0x54 main.o
 .text.arch_ioport_toggle_pin_level
                0x0000026c       0x30 main.o
 .text.ioport_init
                0x0000029c       0x14 main.o
 .text.ioport_set_pin_dir
                0x000002b0       0x28 main.o
 .text.ioport_set_pin_level
                0x000002d8       0x28 main.o
 .text.ioport_toggle_pin_level
                0x00000300       0x1c main.o
 .text.main     0x0000031c       0x44 main.o
                0x0000031c                main
 .text.delay_cycles
                0x00000360       0x34 src/ASF/common2/services/delay/sam0/systick_counter.o
 .text.delay_cycles_ms
                0x00000394       0x30 src/ASF/common2/services/delay/sam0/systick_counter.o
                0x00000394                delay_cycles_ms
 .text.Reset_Handler
                0x000003c4       0x94 src/ASF/sam0/utils/cmsis/saml21/source/gcc/startup_saml21.o
                0x000003c4                Reset_Handler
 .text.Dummy_Handler
                0x00000458        0x6 src/ASF/sam0/utils/cmsis/saml21/source/gcc/startup_saml21.o
                0x00000458                DMAC_Handler
                0x00000458                TRNG_Handler
                0x00000458                HardFault_Handler
                0x00000458                TC2_Handler
                0x00000458                AC_Handler
                0x00000458                SysTick_Handler
                0x00000458                PendSV_Handler
                0x00000458                NMI_Handler
                0x00000458                SERCOM1_Handler
                0x00000458                ADC_Handler
                0x00000458                TCC1_Handler
                0x00000458                SERCOM2_Handler
                0x00000458                TCC0_Handler
                0x00000458                RTC_Handler
                0x00000458                EIC_Handler
                0x00000458                WDT_Handler
                0x00000458                TC4_Handler
                0x00000458                TC1_Handler
                0x00000458                USB_Handler
                0x00000458                TC3_Handler
                0x00000458                Dummy_Handler
                0x00000458                SERCOM5_Handler
                0x00000458                SVC_Handler
                0x00000458                TCC2_Handler
                0x00000458                EVSYS_Handler
                0x00000458                SERCOM3_Handler
                0x00000458                SERCOM4_Handler
                0x00000458                NVMCTRL_Handler
                0x00000458                SYSTEM_Handler
                0x00000458                SERCOM0_Handler
                0x00000458                DAC_Handler
                0x00000458                PTC_Handler
                0x00000458                TC0_Handler
                0x00000458                AES_Handler
 *fill*         0x0000045e        0x2 
 .text.SystemInit
                0x00000460       0x18 src/ASF/sam0/utils/cmsis/saml21/source/system_saml21.o
                0x00000460                SystemInit
 .text.__libc_init_array
                0x00000478       0x48 c:/program files (x86)/atmel/studio/7.0/toolchain/arm/arm-gnu-toolchain/bin/../lib/gcc/arm-none-eabi/6.3.1/../../../../arm-none-eabi/lib/thumb/v6-m\libc_nano.a(lib_a-init.o)
                0x00000478                __libc_init_array
 *(.glue_7t)
 .glue_7t       0x000004c0        0x0 linker stubs
 *(.glue_7)
 .glue_7        0x000004c0        0x0 linker stubs
 *(.rodata .rodata* .gnu.linkonce.r.*)
 *(.ARM.extab* .gnu.linkonce.armextab.*)
                0x000004c0                . = ALIGN (0x4)
 *(.init)
 .init          0x000004c0        0x4 c:/program files (x86)/atmel/studio/7.0/toolchain/arm/arm-gnu-toolchain/bin/../lib/gcc/arm-none-eabi/6.3.1/thumb/v6-m/crti.o
                0x000004c0                _init
 .init          0x000004c4        0x8 c:/program files (x86)/atmel/studio/7.0/toolchain/arm/arm-gnu-toolchain/bin/../lib/gcc/arm-none-eabi/6.3.1/thumb/v6-m/crtn.o
                0x000004cc                . = ALIGN (0x4)
                0x000004cc                __preinit_array_start = .
 *(.preinit_array)
                0x000004cc                __preinit_array_end = .
                0x000004cc                . = ALIGN (0x4)
                0x000004cc                __init_array_start = .
 *(SORT(.init_array.*))
 *(.init_array)
 .init_array    0x000004cc        0x4 c:/program files (x86)/atmel/studio/7.0/toolchain/arm/arm-gnu-toolchain/bin/../lib/gcc/arm-none-eabi/6.3.1/thumb/v6-m/crtbegin.o
                0x000004d0                __init_array_end = .
                0x000004d0                . = ALIGN (0x4)
 *crtbegin.o(.ctors)
 *(EXCLUDE_FILE(*crtend.o) .ctors)
 *(SORT(.ctors.*))
 *crtend.o(.ctors)
                0x000004d0                . = ALIGN (0x4)
 *(.fini)
 .fini          0x000004d0        0x4 c:/program files (x86)/atmel/studio/7.0/toolchain/arm/arm-gnu-toolchain/bin/../lib/gcc/arm-none-eabi/6.3.1/thumb/v6-m/crti.o
                0x000004d0                _fini
 .fini          0x000004d4        0x8 c:/program files (x86)/atmel/studio/7.0/toolchain/arm/arm-gnu-toolchain/bin/../lib/gcc/arm-none-eabi/6.3.1/thumb/v6-m/crtn.o
                0x000004dc                . = ALIGN (0x4)
                0x000004dc                __fini_array_start = .
 *(.fini_array)
 .fini_array    0x000004dc        0x4 c:/program files (x86)/atmel/studio/7.0/toolchain/arm/arm-gnu-toolchain/bin/../lib/gcc/arm-none-eabi/6.3.1/thumb/v6-m/crtbegin.o
 *(SORT(.fini_array.*))
                0x000004e0                __fini_array_end = .
 *crtbegin.o(.dtors)
 *(EXCLUDE_FILE(*crtend.o) .dtors)
 *(SORT(.dtors.*))
 *crtend.o(.dtors)
                0x000004e0                . = ALIGN (0x4)
                0x000004e0                _efixed = .
                [!provide]                PROVIDE (__exidx_start, .)

.vfp11_veneer   0x000004e0        0x0
 .vfp11_veneer  0x000004e0        0x0 linker stubs

.v4_bx          0x000004e0        0x0
 .v4_bx         0x000004e0        0x0 linker stubs

.iplt           0x000004e0        0x0
 .iplt          0x000004e0        0x0 c:/program files (x86)/atmel/studio/7.0/toolchain/arm/arm-gnu-toolchain/bin/../lib/gcc/arm-none-eabi/6.3.1/thumb/v6-m/crtbegin.o

.eh_frame       0x000004e0        0x0
 .eh_frame      0x000004e0        0x0 c:/program files (x86)/atmel/studio/7.0/toolchain/arm/arm-gnu-toolchain/bin/../lib/gcc/arm-none-eabi/6.3.1/thumb/v6-m/crtbegin.o

.rel.dyn        0x000004e0        0x0
 .rel.iplt      0x000004e0        0x0 c:/program files (x86)/atmel/studio/7.0/toolchain/arm/arm-gnu-toolchain/bin/../lib/gcc/arm-none-eabi/6.3.1/thumb/v6-m/crtbegin.o

.jcr            0x000004e0        0x0
 .jcr           0x000004e0        0x0 c:/program files (x86)/atmel/studio/7.0/toolchain/arm/arm-gnu-toolchain/bin/../lib/gcc/arm-none-eabi/6.3.1/thumb/v6-m/crtbegin.o

.igot.plt       0x000004e0        0x0
 .igot.plt      0x000004e0        0x0 c:/program files (x86)/atmel/studio/7.0/toolchain/arm/arm-gnu-toolchain/bin/../lib/gcc/arm-none-eabi/6.3.1/thumb/v6-m/crtbegin.o

.ARM.exidx
 *(.ARM.exidx* .gnu.linkonce.armexidx.*)
                [!provide]                PROVIDE (__exidx_end, .)
                0x000004e0                . = ALIGN (0x4)
                0x000004e0                _etext = .

.relocate       0x20000000        0x8 load address 0x000004e0
                0x20000000                . = ALIGN (0x4)
                0x20000000                _srelocate = .
 *(.ramfunc .ramfunc.*)
 *(.data .data.*)
 .data.cycles_per_ms
                0x20000000        0x4 src/ASF/common2/services/delay/sam0/systick_counter.o
 .data.SystemCoreClock
                0x20000004        0x4 src/ASF/sam0/utils/cmsis/saml21/source/system_saml21.o
                0x20000004                SystemCoreClock
                0x20000008                . = ALIGN (0x4)
                0x20000008                _erelocate = .

.lpram          0x30000000        0x0
                0x30000000                . = ALIGN (0x8)
                0x30000000                _slpram = .
 *(.lpram .lpram.*)
                0x30000000                . = ALIGN (0x8)
                0x30000000                _elpram = .

.bss            0x20000008       0x1c load address 0x000004e8
                0x20000008                . = ALIGN (0x4)
                0x20000008                _sbss = .
                0x20000008                _szero = .
 *(.bss .bss.*)
 .bss           0x20000008       0x1c c:/program files (x86)/atmel/studio/7.0/toolchain/arm/arm-gnu-toolchain/bin/../lib/gcc/arm-none-eabi/6.3.1/thumb/v6-m/crtbegin.o
 *(COMMON)
                0x20000024                . = ALIGN (0x4)
                0x20000024                _ebss = .
                0x20000024                _ezero = .

.stack          0x20000024     0x1004 load address 0x00000504
                0x20000028                . = ALIGN (0x8)
 *fill*         0x20000024        0x4 
                0x20000028                _sstack = .
                0x20001028                . = (. + STACK_SIZE)
 *fill*         0x20000028     0x1000 
                0x20001028                . = ALIGN (0x8)
                0x20001028                _estack = .
                0x20001028                . = ALIGN (0x4)
                0x20001028                _end = .
OUTPUT(WAtchMeter.elf elf32-littlearm)

.ARM.attributes
                0x00000000       0x28
 .ARM.attributes
                0x00000000       0x1e c:/program files (x86)/atmel/studio/7.0/toolchain/arm/arm-gnu-toolchain/bin/../lib/gcc/arm-none-eabi/6.3.1/thumb/v6-m/crti.o
 .ARM.attributes
                0x0000001e       0x2c c:/program files (x86)/atmel/studio/7.0/toolchain/arm/arm-gnu-toolchain/bin/../lib/gcc/arm-none-eabi/6.3.1/thumb/v6-m/crtbegin.o
 .ARM.attributes
                0x0000004a       0x32 main.o
 .ARM.attributes
                0x0000007c       0x32 src/ASF/common2/services/delay/sam0/systick_counter.o
 .ARM.attributes
                0x000000ae       0x32 src/ASF/sam0/utils/cmsis/saml21/source/gcc/startup_saml21.o
 .ARM.attributes
                0x000000e0       0x32 src/ASF/sam0/utils/cmsis/saml21/source/system_saml21.o
 .ARM.attributes
                0x00000112       0x2c c:/program files (x86)/atmel/studio/7.0/toolchain/arm/arm-gnu-toolchain/bin/../lib/gcc/arm-none-eabi/6.3.1/../../../../arm-none-eabi/lib/thumb/v6-m\libc_nano.a(lib_a-init.o)
 .ARM.attributes
                0x0000013e       0x1e c:/program files (x86)/atmel/studio/7.0/toolchain/arm/arm-gnu-toolchain/bin/../lib/gcc/arm-none-eabi/6.3.1/thumb/v6-m/crtn.o

.comment        0x00000000       0x59
 .comment       0x00000000       0x59 main.o
                                 0x5a (size before relaxing)
 .comment       0x00000059       0x5a src/ASF/common2/services/delay/sam0/systick_counter.o
 .comment       0x00000059       0x5a src/ASF/sam0/utils/cmsis/saml21/source/gcc/startup_saml21.o
 .comment       0x00000059       0x5a src/ASF/sam0/utils/cmsis/saml21/source/system_saml21.o

.debug_info     0x00000000     0x2b2a
 .debug_info    0x00000000     0x14c8 main.o
 .debug_info    0x000014c8      0xb60 src/ASF/common2/services/delay/sam0/systick_counter.o
 .debug_info    0x00002028      0xa2b src/ASF/sam0/utils/cmsis/saml21/source/gcc/startup_saml21.o
 .debug_info    0x00002a53       0xd7 src/ASF/sam0/utils/cmsis/saml21/source/system_saml21.o

.debug_abbrev   0x00000000      0x766
 .debug_abbrev  0x00000000      0x2f0 main.o
 .debug_abbrev  0x000002f0      0x22d src/ASF/common2/services/delay/sam0/systick_counter.o
 .debug_abbrev  0x0000051d      0x1d7 src/ASF/sam0/utils/cmsis/saml21/source/gcc/startup_saml21.o
 .debug_abbrev  0x000006f4       0x72 src/ASF/sam0/utils/cmsis/saml21/source/system_saml21.o

.debug_loc      0x00000000      0x444
 .debug_loc     0x00000000      0x2b4 main.o
 .debug_loc     0x000002b4       0xd4 src/ASF/common2/services/delay/sam0/systick_counter.o
 .debug_loc     0x00000388       0x64 src/ASF/sam0/utils/cmsis/saml21/source/gcc/startup_saml21.o
 .debug_loc     0x000003ec       0x58 src/ASF/sam0/utils/cmsis/saml21/source/system_saml21.o

.debug_aranges  0x00000000      0x108
 .debug_aranges
                0x00000000       0x80 main.o
 .debug_aranges
                0x00000080       0x38 src/ASF/common2/services/delay/sam0/systick_counter.o
 .debug_aranges
                0x000000b8       0x28 src/ASF/sam0/utils/cmsis/saml21/source/gcc/startup_saml21.o
 .debug_aranges
                0x000000e0       0x28 src/ASF/sam0/utils/cmsis/saml21/source/system_saml21.o

.debug_ranges   0x00000000       0xc8
 .debug_ranges  0x00000000       0x70 main.o
 .debug_ranges  0x00000070       0x28 src/ASF/common2/services/delay/sam0/systick_counter.o
 .debug_ranges  0x00000098       0x18 src/ASF/sam0/utils/cmsis/saml21/source/gcc/startup_saml21.o
 .debug_ranges  0x000000b0       0x18 src/ASF/sam0/utils/cmsis/saml21/source/system_saml21.o

.debug_macro    0x00000000    0x17bb9
 .debug_macro   0x00000000      0x657 main.o
 .debug_macro   0x00000657      0x8b0 main.o
 .debug_macro   0x00000f07      0x16d main.o
 .debug_macro   0x00001074      0x64b main.o
 .debug_macro   0x000016bf       0x22 main.o
 .debug_macro   0x000016e1       0x87 main.o
 .debug_macro   0x00001768       0x51 main.o
 .debug_macro   0x000017b9       0xef main.o
 .debug_macro   0x000018a8       0x6a main.o
 .debug_macro   0x00001912      0x1df main.o
 .debug_macro   0x00001af1       0x10 main.o
 .debug_macro   0x00001b01       0x76 main.o
 .debug_macro   0x00001b77       0x16 main.o
 .debug_macro   0x00001b8d      0x6e5 main.o
 .debug_macro   0x00002272      0xde2 main.o
 .debug_macro   0x00003054       0x22 main.o
 .debug_macro   0x00003076       0x46 main.o
 .debug_macro   0x000030bc       0x28 main.o
 .debug_macro   0x000030e4       0x85 main.o
 .debug_macro   0x00003169      0x375 main.o
 .debug_macro   0x000034de      0x713 main.o
 .debug_macro   0x00003bf1      0x8ef main.o
 .debug_macro   0x000044e0      0x279 main.o
 .debug_macro   0x00004759      0x21d main.o
 .debug_macro   0x00004976      0x4d0 main.o
 .debug_macro   0x00004e46      0xe12 main.o
 .debug_macro   0x00005c58      0x5b6 main.o
 .debug_macro   0x0000620e      0x5be main.o
 .debug_macro   0x000067cc      0x823 main.o
 .debug_macro   0x00006fef      0x305 main.o
 .debug_macro   0x000072f4      0x5d3 main.o
 .debug_macro   0x000078c7      0x21c main.o
 .debug_macro   0x00007ae3      0x728 main.o
 .debug_macro   0x0000820b      0x16e main.o
 .debug_macro   0x00008379      0x70e main.o
 .debug_macro   0x00008a87      0x28c main.o
 .debug_macro   0x00008d13      0x6fd main.o
 .debug_macro   0x00009410      0x2c4 main.o
 .debug_macro   0x000096d4      0x3c0 main.o
 .debug_macro   0x00009a94      0x19f main.o
 .debug_macro   0x00009c33     0x125f main.o
 .debug_macro   0x0000ae92      0xf4c main.o
 .debug_macro   0x0000bdde      0x866 main.o
 .debug_macro   0x0000c644      0xa36 main.o
 .debug_macro   0x0000d07a      0x8ad main.o
 .debug_macro   0x0000d927     0x19bd main.o
 .debug_macro   0x0000f2e4       0xe7 main.o
 .debug_macro   0x0000f3cb     0x13e6 main.o
 .debug_macro   0x000107b1      0x369 main.o
 .debug_macro   0x00010b1a       0x7c main.o
 .debug_macro   0x00010b96       0xac main.o
 .debug_macro   0x00010c42       0xca main.o
 .debug_macro   0x00010d0c       0x4c main.o
 .debug_macro   0x00010d58       0x94 main.o
 .debug_macro   0x00010dec       0xdc main.o
 .debug_macro   0x00010ec8       0xb2 main.o
 .debug_macro   0x00010f7a       0x64 main.o
 .debug_macro   0x00010fde      0x5b1 main.o
 .debug_macro   0x0001158f      0x19c main.o
 .debug_macro   0x0001172b       0x70 main.o
 .debug_macro   0x0001179b       0xa0 main.o
 .debug_macro   0x0001183b       0xc4 main.o
 .debug_macro   0x000118ff       0x28 main.o
 .debug_macro   0x00011927       0xa0 main.o
 .debug_macro   0x000119c7       0x40 main.o
 .debug_macro   0x00011a07       0x7c main.o
 .debug_macro   0x00011a83       0x40 main.o
 .debug_macro   0x00011ac3      0x16c main.o
 .debug_macro   0x00011c2f       0x34 main.o
 .debug_macro   0x00011c63       0xee main.o
 .debug_macro   0x00011d51      0x12a main.o
 .debug_macro   0x00011e7b      0x12a main.o
 .debug_macro   0x00011fa5      0x12a main.o
 .debug_macro   0x000120cf      0x12a main.o
 .debug_macro   0x000121f9      0x12a main.o
 .debug_macro   0x00012323      0x12a main.o
 .debug_macro   0x0001244d       0x5e main.o
 .debug_macro   0x000124ab      0x197 main.o
 .debug_macro   0x00012642       0xfa main.o
 .debug_macro   0x0001273c       0xfa main.o
 .debug_macro   0x00012836       0xfa main.o
 .debug_macro   0x00012930       0xfa main.o
 .debug_macro   0x00012a2a       0xfa main.o
 .debug_macro   0x00012b24      0x124 main.o
 .debug_macro   0x00012c48       0xfa main.o
 .debug_macro   0x00012d42       0xee main.o
 .debug_macro   0x00012e30       0x2e main.o
 .debug_macro   0x00012e5e      0x40f main.o
 .debug_macro   0x0001326d       0x3a main.o
 .debug_macro   0x000132a7      0x448 main.o
 .debug_macro   0x000136ef     0x2416 main.o
 .debug_macro   0x00015b05       0x90 main.o
 .debug_macro   0x00015b95       0x58 main.o
 .debug_macro   0x00015bed       0x35 main.o
 .debug_macro   0x00015c22       0x9c main.o
 .debug_macro   0x00015cbe       0x16 main.o
 .debug_macro   0x00015cd4       0x35 main.o
 .debug_macro   0x00015d09      0x353 main.o
 .debug_macro   0x0001605c       0x10 main.o
 .debug_macro   0x0001606c       0x58 main.o
 .debug_macro   0x000160c4       0x1f main.o
 .debug_macro   0x000160e3       0x43 main.o
 .debug_macro   0x00016126       0x20 main.o
 .debug_macro   0x00016146      0x187 main.o
 .debug_macro   0x000162cd       0x10 main.o
 .debug_macro   0x000162dd       0x1c main.o
 .debug_macro   0x000162f9       0x52 main.o
 .debug_macro   0x0001634b       0x40 main.o
 .debug_macro   0x0001638b       0x10 main.o
 .debug_macro   0x0001639b       0x40 main.o
 .debug_macro   0x000163db       0xd7 main.o
 .debug_macro   0x000164b2       0x16 main.o
 .debug_macro   0x000164c8      0x18b main.o
 .debug_macro   0x00016653       0x16 main.o
 .debug_macro   0x00016669       0x16 main.o
 .debug_macro   0x0001667f       0x29 main.o
 .debug_macro   0x000166a8       0x51 main.o
 .debug_macro   0x000166f9       0x3f main.o
 .debug_macro   0x00016738      0x3df main.o
 .debug_macro   0x00016b17       0x16 main.o
 .debug_macro   0x00016b2d       0x16 main.o
 .debug_macro   0x00016b43      0x2c6 main.o
 .debug_macro   0x00016e09       0x82 main.o
 .debug_macro   0x00016e8b       0x18 main.o
 .debug_macro   0x00016ea3       0x2e main.o
 .debug_macro   0x00016ed1      0x5c4 src/ASF/common2/services/delay/sam0/systick_counter.o
 .debug_macro   0x00017495      0x36f src/ASF/sam0/utils/cmsis/saml21/source/gcc/startup_saml21.o
 .debug_macro   0x00017804       0x40 src/ASF/sam0/utils/cmsis/saml21/source/gcc/startup_saml21.o
 .debug_macro   0x00017844      0x375 src/ASF/sam0/utils/cmsis/saml21/source/system_saml21.o

.debug_line     0x00000000     0x27b6
 .debug_line    0x00000000      0xde8 main.o
 .debug_line    0x00000de8      0xae4 src/ASF/common2/services/delay/sam0/systick_counter.o
 .debug_line    0x000018cc      0x783 src/ASF/sam0/utils/cmsis/saml21/source/gcc/startup_saml21.o
 .debug_line    0x0000204f      0x767 src/ASF/sam0/utils/cmsis/saml21/source/system_saml21.o

.debug_str      0x00000000    0x94f97
 .debug_str     0x00000000    0x94942 main.o
                              0x94f3a (size before relaxing)
 .debug_str     0x00094942       0xac src/ASF/common2/services/delay/sam0/systick_counter.o
                              0x93f2a (size before relaxing)
 .debug_str     0x000949ee      0x540 src/ASF/sam0/utils/cmsis/saml21/source/gcc/startup_saml21.o
                              0x7ef97 (size before relaxing)
 .debug_str     0x00094f2e       0x69 src/ASF/sam0/utils/cmsis/saml21/source/system_saml21.o
                              0x7ea79 (size before relaxing)

.debug_frame    0x00000000      0x2f0
 .debug_frame   0x00000000      0x1a4 main.o
 .debug_frame   0x000001a4       0x8c src/ASF/common2/services/delay/sam0/systick_counter.o
 .debug_frame   0x00000230       0x4c src/ASF/sam0/utils/cmsis/saml21/source/gcc/startup_saml21.o
 .debug_frame   0x0000027c       0x48 src/ASF/sam0/utils/cmsis/saml21/source/system_saml21.o
 .debug_frame   0x000002c4       0x2c c:/program files (x86)/atmel/studio/7.0/toolchain/arm/arm-gnu-toolchain/bin/../lib/gcc/arm-none-eabi/6.3.1/../../../../arm-none-eabi/lib/thumb/v6-m\libc_nano.a(lib_a-init.o)

Cross Reference Table

Symbol                                            File
AC_Handler                                        src/ASF/sam0/utils/cmsis/saml21/source/gcc/startup_saml21.o
ADC_Handler                                       src/ASF/sam0/utils/cmsis/saml21/source/gcc/startup_saml21.o
AES_Handler                                       src/ASF/sam0/utils/cmsis/saml21/source/gcc/startup_saml21.o
DAC_Handler                                       src/ASF/sam0/utils/cmsis/saml21/source/gcc/startup_saml21.o
DMAC_Handler                                      src/ASF/sam0/utils/cmsis/saml21/source/gcc/startup_saml21.o
Dummy_Handler                                     src/ASF/sam0/utils/cmsis/saml21/source/gcc/startup_saml21.o
EIC_Handler                                       src/ASF/sam0/utils/cmsis/saml21/source/gcc/startup_saml21.o
EVSYS_Handler                                     src/ASF/sam0/utils/cmsis/saml21/source/gcc/startup_saml21.o
HardFault_Handler                                 src/ASF/sam0/utils/cmsis/saml21/source/gcc/startup_saml21.o
NMI_Handler                                       src/ASF/sam0/utils/cmsis/saml21/source/gcc/startup_saml21.o
NVMCTRL_Handler                                   src/ASF/sam0/utils/cmsis/saml21/source/gcc/startup_saml21.o
PTC_Handler                                       src/ASF/sam0/utils/cmsis/saml21/source/gcc/startup_saml21.o
PendSV_Handler                                    src/ASF/sam0/utils/cmsis/saml21/source/gcc/startup_saml21.o
RTC_Handler                                       src/ASF/sam0/utils/cmsis/saml21/source/gcc/startup_saml21.o
Reset_Handler                                     src/ASF/sam0/utils/cmsis/saml21/source/gcc/startup_saml21.o
SERCOM0_Handler                                   src/ASF/sam0/utils/cmsis/saml21/source/gcc/startup_saml21.o
SERCOM1_Handler                                   src/ASF/sam0/utils/cmsis/saml21/source/gcc/startup_saml21.o
SERCOM2_Handler                                   src/ASF/sam0/utils/cmsis/saml21/source/gcc/startup_saml21.o
SERCOM3_Handler                                   src/ASF/sam0/utils/cmsis/saml21/source/gcc/startup_saml21.o
SERCOM4_Handler                                   src/ASF/sam0/utils/cmsis/saml21/source/gcc/startup_saml21.o
SERCOM5_Handler                                   src/ASF/sam0/utils/cmsis/saml21/source/gcc/startup_saml21.o
SVC_Handler                                       src/ASF/sam0/utils/cmsis/saml21/source/gcc/startup_saml21.o
SYSTEM_Handler                                    src/ASF/sam0/utils/cmsis/saml21/source/gcc/startup_saml21.o
SysTick_Handler                                   src/ASF/sam0/utils/cmsis/saml21/source/gcc/startup_saml21.o
SystemCoreClock                                   src/ASF/sam0/utils/cmsis/saml21/source/system_saml21.o
SystemCoreClockUpdate                             src/ASF/sam0/utils/cmsis/saml21/source/system_saml21.o
SystemInit                                        src/ASF/sam0/utils/cmsis/saml21/source/system_saml21.o
                                                  main.o
TC0_Handler                                       src/ASF/sam0/utils/cmsis/saml21/source/gcc/startup_saml21.o
TC1_Handler                                       src/ASF/sam0/utils/cmsis/saml21/source/gcc/startup_saml21.o
TC2_Handler                                       src/ASF/sam0/utils/cmsis/saml21/source/gcc/startup_saml21.o
TC3_Handler                                       src/ASF/sam0/utils/cmsis/saml21/source/gcc/startup_saml21.o
TC4_Handler                                       src/ASF/sam0/utils/cmsis/saml21/source/gcc/startup_saml21.o
TCC0_Handler                                      src/ASF/sam0/utils/cmsis/saml21/source/gcc/startup_saml21.o
TCC1_Handler                                      src/ASF/sam0/utils/cmsis/saml21/source/gcc/startup_saml21.o
TCC2_Handler                                      src/ASF/sam0/utils/cmsis/saml21/source/gcc/startup_saml21.o
TRNG_Handler                                      src/ASF/sam0/utils/cmsis/saml21/source/gcc/startup_saml21.o
USB_Handler                                       src/ASF/sam0/utils/cmsis/saml21/source/gcc/startup_saml21.o
WDT_Handler                                       src/ASF/sam0/utils/cmsis/saml21/source/gcc/startup_saml21.o
_Jv_RegisterClasses                               c:/program files (x86)/atmel/studio/7.0/toolchain/arm/arm-gnu-toolchain/bin/../lib/gcc/arm-none-eabi/6.3.1/thumb/v6-m/crtbegin.o
__aeabi_idiv0                                     c:/program files (x86)/atmel/studio/7.0/toolchain/arm/arm-gnu-toolchain/bin/../lib/gcc/arm-none-eabi/6.3.1/thumb/v6-m\libgcc.a(_dvmd_tls.o)
                                                  c:/program files (x86)/atmel/studio/7.0/toolchain/arm/arm-gnu-toolchain/bin/../lib/gcc/arm-none-eabi/6.3.1/thumb/v6-m\libgcc.a(_udivsi3.o)
__aeabi_ldiv0                                     c:/program files (x86)/atmel/studio/7.0/toolchain/arm/arm-gnu-toolchain/bin/../lib/gcc/arm-none-eabi/6.3.1/thumb/v6-m\libgcc.a(_dvmd_tls.o)
__aeabi_uidiv                                     c:/program files (x86)/atmel/studio/7.0/toolchain/arm/arm-gnu-toolchain/bin/../lib/gcc/arm-none-eabi/6.3.1/thumb/v6-m\libgcc.a(_udivsi3.o)
                                                  src/ASF/sam0/drivers/system/clock/clock_saml21/gclk.o
                                                  src/ASF/sam0/drivers/system/clock/clock_saml21/clock.o
                                                  src/ASF/common2/services/delay/sam0/systick_counter.o
__aeabi_uidivmod                                  c:/program files (x86)/atmel/studio/7.0/toolchain/arm/arm-gnu-toolchain/bin/../lib/gcc/arm-none-eabi/6.3.1/thumb/v6-m\libgcc.a(_udivsi3.o)
__bss_end__                                       c:/program files (x86)/atmel/studio/7.0/toolchain/arm/arm-gnu-toolchain/bin/../lib/gcc/arm-none-eabi/6.3.1/../../../../arm-none-eabi/lib/thumb/v6-m/crt0.o
__bss_start__                                     c:/program files (x86)/atmel/studio/7.0/toolchain/arm/arm-gnu-toolchain/bin/../lib/gcc/arm-none-eabi/6.3.1/../../../../arm-none-eabi/lib/thumb/v6-m/crt0.o
__call_exitprocs                                  c:/program files (x86)/atmel/studio/7.0/toolchain/arm/arm-gnu-toolchain/bin/../lib/gcc/arm-none-eabi/6.3.1/../../../../arm-none-eabi/lib/thumb/v6-m\libc_nano.a(lib_a-exit.o)
__deregister_frame_info                           c:/program files (x86)/atmel/studio/7.0/toolchain/arm/arm-gnu-toolchain/bin/../lib/gcc/arm-none-eabi/6.3.1/thumb/v6-m/crtbegin.o
__dso_handle                                      c:/program files (x86)/atmel/studio/7.0/toolchain/arm/arm-gnu-toolchain/bin/../lib/gcc/arm-none-eabi/6.3.1/thumb/v6-m/crtbegin.o
__init_array_end                                  c:/program files (x86)/atmel/studio/7.0/toolchain/arm/arm-gnu-toolchain/bin/../lib/gcc/arm-none-eabi/6.3.1/../../../../arm-none-eabi/lib/thumb/v6-m\libc_nano.a(lib_a-init.o)
__init_array_start                                c:/program files (x86)/atmel/studio/7.0/toolchain/arm/arm-gnu-toolchain/bin/../lib/gcc/arm-none-eabi/6.3.1/../../../../arm-none-eabi/lib/thumb/v6-m\libc_nano.a(lib_a-init.o)
__libc_fini_array                                 c:/program files (x86)/atmel/studio/7.0/toolchain/arm/arm-gnu-toolchain/bin/../lib/gcc/arm-none-eabi/6.3.1/../../../../arm-none-eabi/lib/thumb/v6-m/crt0.o
__libc_init_array                                 c:/program files (x86)/atmel/studio/7.0/toolchain/arm/arm-gnu-toolchain/bin/../lib/gcc/arm-none-eabi/6.3.1/../../../../arm-none-eabi/lib/thumb/v6-m\libc_nano.a(lib_a-init.o)
                                                  src/ASF/sam0/utils/cmsis/saml21/source/gcc/startup_saml21.o
                                                  c:/program files (x86)/atmel/studio/7.0/toolchain/arm/arm-gnu-toolchain/bin/../lib/gcc/arm-none-eabi/6.3.1/../../../../arm-none-eabi/lib/thumb/v6-m/crt0.o
__preinit_array_end                               c:/program files (x86)/atmel/studio/7.0/toolchain/arm/arm-gnu-toolchain/bin/../lib/gcc/arm-none-eabi/6.3.1/../../../../arm-none-eabi/lib/thumb/v6-m\libc_nano.a(lib_a-init.o)
__preinit_array_start                             c:/program files (x86)/atmel/studio/7.0/toolchain/arm/arm-gnu-toolchain/bin/../lib/gcc/arm-none-eabi/6.3.1/../../../../arm-none-eabi/lib/thumb/v6-m\libc_nano.a(lib_a-init.o)
__register_frame_info                             c:/program files (x86)/atmel/studio/7.0/toolchain/arm/arm-gnu-toolchain/bin/../lib/gcc/arm-none-eabi/6.3.1/thumb/v6-m/crtbegin.o
__sf_fake_stderr                                  c:/program files (x86)/atmel/studio/7.0/toolchain/arm/arm-gnu-toolchain/bin/../lib/gcc/arm-none-eabi/6.3.1/../../../../arm-none-eabi/lib/thumb/v6-m\libc_nano.a(lib_a-impure.o)
__sf_fake_stdin                                   c:/program files (x86)/atmel/studio/7.0/toolchain/arm/arm-gnu-toolchain/bin/../lib/gcc/arm-none-eabi/6.3.1/../../../../arm-none-eabi/lib/thumb/v6-m\libc_nano.a(lib_a-impure.o)
__sf_fake_stdout                                  c:/program files (x86)/atmel/studio/7.0/toolchain/arm/arm-gnu-toolchain/bin/../lib/gcc/arm-none-eabi/6.3.1/../../../../arm-none-eabi/lib/thumb/v6-m\libc_nano.a(lib_a-impure.o)
__stack                                           c:/program files (x86)/atmel/studio/7.0/toolchain/arm/arm-gnu-toolchain/bin/../lib/gcc/arm-none-eabi/6.3.1/../../../../arm-none-eabi/lib/thumb/v6-m/crt0.o
__udivsi3                                         c:/program files (x86)/atmel/studio/7.0/toolchain/arm/arm-gnu-toolchain/bin/../lib/gcc/arm-none-eabi/6.3.1/thumb/v6-m\libgcc.a(_udivsi3.o)
_close                                            src/ASF/sam0/utils/syscalls/gcc/syscalls.o
_end                                              src/ASF/sam0/utils/syscalls/gcc/syscalls.o
_erelocate                                        src/ASF/sam0/utils/cmsis/saml21/source/gcc/startup_saml21.o
_estack                                           src/ASF/sam0/utils/cmsis/saml21/source/gcc/startup_saml21.o
_etext                                            src/ASF/sam0/utils/cmsis/saml21/source/gcc/startup_saml21.o
_exit                                             src/ASF/sam0/utils/syscalls/gcc/syscalls.o
                                                  c:/program files (x86)/atmel/studio/7.0/toolchain/arm/arm-gnu-toolchain/bin/../lib/gcc/arm-none-eabi/6.3.1/../../../../arm-none-eabi/lib/thumb/v6-m\libc_nano.a(lib_a-exit.o)
_ezero                                            src/ASF/sam0/utils/cmsis/saml21/source/gcc/startup_saml21.o
_fini                                             c:/program files (x86)/atmel/studio/7.0/toolchain/arm/arm-gnu-toolchain/bin/../lib/gcc/arm-none-eabi/6.3.1/thumb/v6-m/crti.o
_fstat                                            src/ASF/sam0/utils/syscalls/gcc/syscalls.o
_getpid                                           src/ASF/sam0/utils/syscalls/gcc/syscalls.o
_global_impure_ptr                                c:/program files (x86)/atmel/studio/7.0/toolchain/arm/arm-gnu-toolchain/bin/../lib/gcc/arm-none-eabi/6.3.1/../../../../arm-none-eabi/lib/thumb/v6-m\libc_nano.a(lib_a-impure.o)
                                                  c:/program files (x86)/atmel/studio/7.0/toolchain/arm/arm-gnu-toolchain/bin/../lib/gcc/arm-none-eabi/6.3.1/../../../../arm-none-eabi/lib/thumb/v6-m\libc_nano.a(lib_a-exit.o)
_impure_ptr                                       c:/program files (x86)/atmel/studio/7.0/toolchain/arm/arm-gnu-toolchain/bin/../lib/gcc/arm-none-eabi/6.3.1/../../../../arm-none-eabi/lib/thumb/v6-m\libc_nano.a(lib_a-impure.o)
_init                                             c:/program files (x86)/atmel/studio/7.0/toolchain/arm/arm-gnu-toolchain/bin/../lib/gcc/arm-none-eabi/6.3.1/thumb/v6-m/crti.o
                                                  c:/program files (x86)/atmel/studio/7.0/toolchain/arm/arm-gnu-toolchain/bin/../lib/gcc/arm-none-eabi/6.3.1/../../../../arm-none-eabi/lib/thumb/v6-m\libc_nano.a(lib_a-init.o)
_isatty                                           src/ASF/sam0/utils/syscalls/gcc/syscalls.o
_kill                                             src/ASF/sam0/utils/syscalls/gcc/syscalls.o
_lseek                                            src/ASF/sam0/utils/syscalls/gcc/syscalls.o
_mainCRTStartup                                   c:/program files (x86)/atmel/studio/7.0/toolchain/arm/arm-gnu-toolchain/bin/../lib/gcc/arm-none-eabi/6.3.1/../../../../arm-none-eabi/lib/thumb/v6-m/crt0.o
_sbrk                                             src/ASF/sam0/utils/syscalls/gcc/syscalls.o
_sfixed                                           src/ASF/sam0/utils/cmsis/saml21/source/gcc/startup_saml21.o
_srelocate                                        src/ASF/sam0/utils/cmsis/saml21/source/gcc/startup_saml21.o
_start                                            c:/program files (x86)/atmel/studio/7.0/toolchain/arm/arm-gnu-toolchain/bin/../lib/gcc/arm-none-eabi/6.3.1/../../../../arm-none-eabi/lib/thumb/v6-m/crt0.o
_system_divas_init                                src/ASF/sam0/drivers/system/system.o
_system_dummy_init                                src/ASF/sam0/drivers/system/system.o
_system_events_init                               src/ASF/sam0/drivers/system/system.o
_system_extint_init                               src/ASF/sam0/drivers/system/system.o
_szero                                            src/ASF/sam0/utils/cmsis/saml21/source/gcc/startup_saml21.o
atexit                                            c:/program files (x86)/atmel/studio/7.0/toolchain/arm/arm-gnu-toolchain/bin/../lib/gcc/arm-none-eabi/6.3.1/../../../../arm-none-eabi/lib/thumb/v6-m/crt0.o
board_init                                        src/ASF/common2/boards/user_board/init.o
cpu_irq_enter_critical                            src/ASF/common/utils/interrupt/interrupt_sam_nvic.o
                                                  src/ASF/sam0/drivers/system/clock/clock_saml21/gclk.o
cpu_irq_leave_critical                            src/ASF/common/utils/interrupt/interrupt_sam_nvic.o
                                                  src/ASF/sam0/drivers/system/clock/clock_saml21/gclk.o
delay_cycles_ms                                   src/ASF/common2/services/delay/sam0/systick_counter.o
                                                  main.o
delay_cycles_us                                   src/ASF/common2/services/delay/sam0/systick_counter.o
delay_init                                        src/ASF/common2/services/delay/sam0/systick_counter.o
exception_table                                   src/ASF/sam0/utils/cmsis/saml21/source/gcc/startup_saml21.o
exit                                              c:/program files (x86)/atmel/studio/7.0/toolchain/arm/arm-gnu-toolchain/bin/../lib/gcc/arm-none-eabi/6.3.1/../../../../arm-none-eabi/lib/thumb/v6-m\libc_nano.a(lib_a-exit.o)
                                                  c:/program files (x86)/atmel/studio/7.0/toolchain/arm/arm-gnu-toolchain/bin/../lib/gcc/arm-none-eabi/6.3.1/../../../../arm-none-eabi/lib/thumb/v6-m/crt0.o
g_interrupt_enabled                               src/ASF/common/utils/interrupt/interrupt_sam_nvic.o
hardware_init_hook                                c:/program files (x86)/atmel/studio/7.0/toolchain/arm/arm-gnu-toolchain/bin/../lib/gcc/arm-none-eabi/6.3.1/../../../../arm-none-eabi/lib/thumb/v6-m/crt0.o
link                                              src/ASF/sam0/utils/syscalls/gcc/syscalls.o
main                                              main.o
                                                  src/ASF/sam0/utils/cmsis/saml21/source/gcc/startup_saml21.o
                                                  c:/program files (x86)/atmel/studio/7.0/toolchain/arm/arm-gnu-toolchain/bin/../lib/gcc/arm-none-eabi/6.3.1/../../../../arm-none-eabi/lib/thumb/v6-m/crt0.o
memset                                            c:/program files (x86)/atmel/studio/7.0/toolchain/arm/arm-gnu-toolchain/bin/../lib/gcc/arm-none-eabi/6.3.1/../../../../arm-none-eabi/lib/thumb/v6-m\libc_nano.a(lib_a-memset.o)
                                                  c:/program files (x86)/atmel/studio/7.0/toolchain/arm/arm-gnu-toolchain/bin/../lib/gcc/arm-none-eabi/6.3.1/../../../../arm-none-eabi/lib/thumb/v6-m/crt0.o
software_init_hook                                c:/program files (x86)/atmel/studio/7.0/toolchain/arm/arm-gnu-toolchain/bin/../lib/gcc/arm-none-eabi/6.3.1/../../../../arm-none-eabi/lib/thumb/v6-m/crt0.o
system_board_init                                 src/ASF/common2/boards/user_board/init.o
system_clock_init                                 src/ASF/sam0/drivers/system/clock/clock_saml21/clock.o
system_clock_source_dfll_set_config               src/ASF/sam0/drivers/system/clock/clock_saml21/clock.o
system_clock_source_disable                       src/ASF/sam0/drivers/system/clock/clock_saml21/clock.o
system_clock_source_dpll_set_config               src/ASF/sam0/drivers/system/clock/clock_saml21/clock.o
system_clock_source_enable                        src/ASF/sam0/drivers/system/clock/clock_saml21/clock.o
system_clock_source_get_hz                        src/ASF/sam0/drivers/system/clock/clock_saml21/clock.o
                                                  src/ASF/sam0/drivers/system/clock/clock_saml21/gclk.o
system_clock_source_is_ready                      src/ASF/sam0/drivers/system/clock/clock_saml21/clock.o
system_clock_source_osc16m_set_config             src/ASF/sam0/drivers/system/clock/clock_saml21/clock.o
system_clock_source_osc32k_set_config             src/ASF/sam0/drivers/system/clock/clock_saml21/clock.o
system_clock_source_osculp32k_set_config          src/ASF/sam0/drivers/system/clock/clock_saml21/clock.o
system_clock_source_write_calibration             src/ASF/sam0/drivers/system/clock/clock_saml21/clock.o
system_clock_source_xosc32k_set_config            src/ASF/sam0/drivers/system/clock/clock_saml21/clock.o
system_clock_source_xosc_set_config               src/ASF/sam0/drivers/system/clock/clock_saml21/clock.o
system_gclk_chan_disable                          src/ASF/sam0/drivers/system/clock/clock_saml21/gclk.o
system_gclk_chan_enable                           src/ASF/sam0/drivers/system/clock/clock_saml21/gclk.o
system_gclk_chan_get_hz                           src/ASF/sam0/drivers/system/clock/clock_saml21/gclk.o
                                                  src/ASF/sam0/drivers/system/clock/clock_saml21/clock.o
system_gclk_chan_is_enabled                       src/ASF/sam0/drivers/system/clock/clock_saml21/gclk.o
system_gclk_chan_is_locked                        src/ASF/sam0/drivers/system/clock/clock_saml21/gclk.o
system_gclk_chan_lock                             src/ASF/sam0/drivers/system/clock/clock_saml21/gclk.o
system_gclk_chan_set_config                       src/ASF/sam0/drivers/system/clock/clock_saml21/gclk.o
system_gclk_gen_disable                           src/ASF/sam0/drivers/system/clock/clock_saml21/gclk.o
system_gclk_gen_enable                            src/ASF/sam0/drivers/system/clock/clock_saml21/gclk.o
                                                  src/ASF/sam0/drivers/system/clock/clock_saml21/clock.o
system_gclk_gen_get_hz                            src/ASF/sam0/drivers/system/clock/clock_saml21/gclk.o
                                                  src/ASF/sam0/drivers/system/clock/clock_saml21/clock.o
                                                  src/ASF/common2/services/delay/sam0/systick_counter.o
system_gclk_gen_is_enabled                        src/ASF/sam0/drivers/system/clock/clock_saml21/gclk.o
system_gclk_gen_set_config                        src/ASF/sam0/drivers/system/clock/clock_saml21/gclk.o
                                                  src/ASF/sam0/drivers/system/clock/clock_saml21/clock.o
system_gclk_init                                  src/ASF/sam0/drivers/system/clock/clock_saml21/gclk.o
                                                  src/ASF/sam0/drivers/system/clock/clock_saml21/clock.o
system_init                                       src/ASF/sam0/drivers/system/system.o
system_interrupt_clear_pending                    src/ASF/sam0/drivers/system/interrupt/system_interrupt.o
system_interrupt_get_priority                     src/ASF/sam0/drivers/system/interrupt/system_interrupt.o
system_interrupt_is_pending                       src/ASF/sam0/drivers/system/interrupt/system_interrupt.o
system_interrupt_set_pending                      src/ASF/sam0/drivers/system/interrupt/system_interrupt.o
system_interrupt_set_priority                     src/ASF/sam0/drivers/system/interrupt/system_interrupt.o
system_pinmux_group_set_config                    src/ASF/sam0/drivers/system/pinmux/pinmux.o
system_pinmux_group_set_input_sample_mode         src/ASF/sam0/drivers/system/pinmux/pinmux.o
system_pinmux_group_set_output_strength           src/ASF/sam0/drivers/system/pinmux/pinmux.o
system_pinmux_pin_set_config                      src/ASF/sam0/drivers/system/pinmux/pinmux.o
